#
# There is insufficient memory for the Java Runtime Environment to continue.
# Native memory allocation (malloc) failed to allocate 1165136 bytes. Error detail: Chunk::new
# Possible reasons:
#   The system is out of physical RAM or swap space
#   This process is running with CompressedOops enabled, and the Java Heap may be blocking the growth of the native heap
# Possible solutions:
#   Reduce memory load on the system
#   Increase physical memory or swap space
#   Check if swap backing store is full
#   Decrease Java heap size (-Xmx/-Xms)
#   Decrease number of Java threads
#   Decrease Java thread stack sizes (-Xss)
#   Set larger code cache with -XX:ReservedCodeCacheSize=
#   JVM is running with Zero Based Compressed Oops mode in which the Java heap is
#     placed in the first 32GB address space. The Java Heap base address is the
#     maximum limit for the native heap growth. Please use -XX:HeapBaseMinAddress
#     to set the Java Heap base and to place the Java Heap above 32GB virtual address.
# This output file may be truncated or incomplete.
#
#  Out of Memory Error (arena.cpp:191), pid=32784, tid=32256
#
# JRE version: OpenJDK Runtime Environment Corretto-17.0.19.10.1 (17.0.19+10) (build 17.0.19+10-LTS)
# Java VM: OpenJDK 64-Bit Server VM Corretto-17.0.19.10.1 (17.0.19+10-LTS, mixed mode, sharing, tiered, compressed oops, compressed class ptrs, g1 gc, windows-amd64)
# No core dump will be written. Minidumps are not enabled by default on client versions of Windows
#

---------------  S U M M A R Y ------------

Command Line: -Djdk.tls.client.protocols=TLSv1.2 -Dhttps.protocols=TLSv1.2 -Dmaven.wagon.http.ssl.insecure=true -Dmaven.wagon.http.ssl.allowall=true -Dclassworlds.conf=D:/develop/apache-maven-3.6.1-bin/apache-maven-3.6.1/bin/m2.conf -Dmaven.home=D:/develop/apache-maven-3.6.1-bin/apache-maven-3.6.1 -Dlibrary.jansi.path=D:/develop/apache-maven-3.6.1-bin/apache-maven-3.6.1/lib/jansi-native -Dmaven.multiModuleProjectDirectory=C:/Users/86150/knowledge-qa-system org.codehaus.plexus.classworlds.launcher.Launcher compile -DskipTests

Host: 11th Gen Intel(R) Core(TM) i5-11320H @ 3.20GHz, 8 cores, 15G,  Windows 11 , 64 bit Build 26100 (10.0.26100.8328)
Time: Fri May 22 17:49:31 2026  Windows 11 , 64 bit Build 26100 (10.0.26100.8328) elapsed time: 13.812635 seconds (0d 0h 0m 13s)

---------------  T H R E A D  ---------------

Current thread (0x000002a9ee024d70):  JavaThread "C2 CompilerThread0" daemon [_thread_in_native, id=32256, stack(0x000000dc45100000,0x000000dc45200000)]


Current CompileTask:
C2:13812 6699   !   4       com.sun.tools.javac.jvm.ClassReader::classSigToType (497 bytes)

Stack: [0x000000dc45100000,0x000000dc45200000]
Native frames: (J=compiled Java code, j=interpreted, Vv=VM code, C=native code)
V  [jvm.dll+0x68b7f9]
V  [jvm.dll+0x841b79]
V  [jvm.dll+0x8438e8]
V  [jvm.dll+0x843f73]
V  [jvm.dll+0x24cf8f]
V  [jvm.dll+0xaed16]
V  [jvm.dll+0xaf3bc]
V  [jvm.dll+0x36e89e]
V  [jvm.dll+0x1c0839]
V  [jvm.dll+0x21df90]
V  [jvm.dll+0x21d27c]
V  [jvm.dll+0x1a8d20]
V  [jvm.dll+0x22db3b]
V  [jvm.dll+0x22bcc6]
V  [jvm.dll+0x7f7cdb]
V  [jvm.dll+0x7f20dc]
V  [jvm.dll+0x68a707]
C  [ucrtbase.dll+0x37b0]
C  [KERNEL32.DLL+0x2e957]
C  [ntdll.dll+0x427c]


---------------  P R O C E S S  ---------------

Threads class SMR info:
_java_thread_list=0x000002a9eea7fd80, length=14, elements={
0x000002a9c70130f0, 0x000002a9ee000080, 0x000002a9ee0014c0, 0x000002a9ee01f4d0,
0x000002a9ee01fe90, 0x000002a9ee0213c0, 0x000002a9ee0228f0, 0x000002a9ee024d70,
0x000002a9ee025820, 0x000002a9ee02adb0, 0x000002a9ee1b2360, 0x000002a9ee1b4af0,
0x000002a9f1171460, 0x000002a9f1152570
}

Java Threads: ( => current thread )
  0x000002a9c70130f0 JavaThread "main" [_thread_blocked, id=2360, stack(0x000000dc44400000,0x000000dc44500000)]
  0x000002a9ee000080 JavaThread "Reference Handler" daemon [_thread_blocked, id=25372, stack(0x000000dc44b00000,0x000000dc44c00000)]
  0x000002a9ee0014c0 JavaThread "Finalizer" daemon [_thread_blocked, id=29844, stack(0x000000dc44c00000,0x000000dc44d00000)]
  0x000002a9ee01f4d0 JavaThread "Signal Dispatcher" daemon [_thread_blocked, id=32376, stack(0x000000dc44d00000,0x000000dc44e00000)]
  0x000002a9ee01fe90 JavaThread "Attach Listener" daemon [_thread_blocked, id=28240, stack(0x000000dc44e00000,0x000000dc44f00000)]
  0x000002a9ee0213c0 JavaThread "Service Thread" daemon [_thread_blocked, id=21032, stack(0x000000dc44f00000,0x000000dc45000000)]
  0x000002a9ee0228f0 JavaThread "Monitor Deflation Thread" daemon [_thread_blocked, id=32552, stack(0x000000dc45000000,0x000000dc45100000)]
=>0x000002a9ee024d70 JavaThread "C2 CompilerThread0" daemon [_thread_in_native, id=32256, stack(0x000000dc45100000,0x000000dc45200000)]
  0x000002a9ee025820 JavaThread "C1 CompilerThread0" daemon [_thread_blocked, id=25252, stack(0x000000dc45200000,0x000000dc45300000)]
  0x000002a9ee02adb0 JavaThread "Sweeper thread" daemon [_thread_blocked, id=21996, stack(0x000000dc45300000,0x000000dc45400000)]
  0x000002a9ee1b2360 JavaThread "Notification Thread" daemon [_thread_blocked, id=25500, stack(0x000000dc45400000,0x000000dc45500000)]
  0x000002a9ee1b4af0 JavaThread "Common-Cleaner" daemon [_thread_blocked, id=31492, stack(0x000000dc45600000,0x000000dc45700000)]
  0x000002a9f1171460 JavaThread "C2 CompilerThread1" daemon [_thread_blocked, id=31000, stack(0x000000dc45800000,0x000000dc45900000)]
  0x000002a9f1152570 JavaThread "C2 CompilerThread2" daemon [_thread_blocked, id=2460, stack(0x000000dc46000000,0x000000dc46100000)]

Other Threads:
  0x000002a9e9ee9bd0 VMThread "VM Thread" [stack: 0x000000dc44a00000,0x000000dc44b00000] [id=28060] _threads_hazard_ptr=0x000002a9eea7fd80
  0x000002a9ee1b4850 WatcherThread [stack: 0x000000dc45500000,0x000000dc45600000] [id=10304]
  0x000002a9c7082d00 GCTaskThread "GC Thread#0" [stack: 0x000000dc44500000,0x000000dc44600000] [id=27032]
  0x000002a9eebb90b0 GCTaskThread "GC Thread#1" [stack: 0x000000dc45900000,0x000000dc45a00000] [id=33732]
  0x000002a9eed19850 GCTaskThread "GC Thread#2" [stack: 0x000000dc45a00000,0x000000dc45b00000] [id=30352]
  0x000002a9ee2ca1b0 GCTaskThread "GC Thread#3" [stack: 0x000000dc45b00000,0x000000dc45c00000] [id=32632]
  0x000002a9eebfe4a0 GCTaskThread "GC Thread#4" [stack: 0x000000dc45c00000,0x000000dc45d00000] [id=29984]
  0x000002a9eebfe760 GCTaskThread "GC Thread#5" [stack: 0x000000dc45d00000,0x000000dc45e00000] [id=25128]
  0x000002a9ee774db0 GCTaskThread "GC Thread#6" [stack: 0x000000dc45e00000,0x000000dc45f00000] [id=11452]
  0x000002a9ef1331a0 GCTaskThread "GC Thread#7" [stack: 0x000000dc45f00000,0x000000dc46000000] [id=27728]
  0x000002a9c7094cc0 ConcurrentGCThread "G1 Main Marker" [stack: 0x000000dc44600000,0x000000dc44700000] [id=11176]
  0x000002a9c70956e0 ConcurrentGCThread "G1 Conc#0" [stack: 0x000000dc44700000,0x000000dc44800000] [id=33100]
  0x000002a9ef7486f0 ConcurrentGCThread "G1 Conc#1" [stack: 0x000000dc45700000,0x000000dc45800000] [id=32092]
  0x000002a9e9d9d9a0 ConcurrentGCThread "G1 Refine#0" [stack: 0x000000dc44800000,0x000000dc44900000] [id=20344]
  0x000002a9f1679390 ConcurrentGCThread "G1 Refine#1" [stack: 0x000000dc46100000,0x000000dc46200000] [id=31464]
  0x000002a9e9d9e3d0 ConcurrentGCThread "G1 Service" [stack: 0x000000dc44900000,0x000000dc44a00000] [id=32456]

Threads with active compile tasks:
C2 CompilerThread0  13823 6699   !   4       com.sun.tools.javac.jvm.ClassReader::classSigToType (497 bytes)
C1 CompilerThread0  13823 7000       3       com.sun.tools.javac.comp.Resolve::findTypeVar (115 bytes)
C2 CompilerThread1  13823 6972       4       com.sun.tools.javac.code.ClassFinder$1::hasNext (113 bytes)
C2 CompilerThread2  13823 6949       4       com.sun.tools.javac.code.Symtab::lookupPackage (259 bytes)

VM state: synchronizing (normal execution)

VM Mutex/Monitor currently owned by a thread:  ([mutex/lock_event])
[0x000002a9c7010010] Threads_lock - owner thread: 0x000002a9e9ee9bd0

Heap address: 0x0000000704000000, size: 4032 MB, Compressed Oops mode: Zero based, Oop shift amount: 3

CDS archive(s) mapped at: [0x000002a980000000-0x000002a980bb0000-0x000002a980bb0000), size 12255232, SharedBaseAddress: 0x000002a980000000, ArchiveRelocationMode: 1.
Compressed class space mapped at: 0x000002a981000000-0x000002a9c1000000, reserved size: 1073741824
Narrow klass base: 0x000002a980000000, Narrow klass shift: 0, Narrow klass range: 0x100000000

GC Precious Log:
 CPUs: 8 total, 8 available
 Memory: 16122M
 Large Page Support: Disabled
 NUMA Support: Disabled
 Compressed Oops: Enabled (Zero based)
 Heap Region Size: 2M
 Heap Min Capacity: 8M
 Heap Initial Capacity: 252M
 Heap Max Capacity: 4032M
 Pre-touch: Disabled
 Parallel Workers: 8
 Concurrent Workers: 2
 Concurrent Refinement Workers: 8
 Periodic GC: Disabled

Heap:
 garbage-first heap   total 278528K, used 130079K [0x0000000704000000, 0x0000000800000000)
  region size 2048K, 16 young (32768K), 1 survivors (2048K)
 Metaspace       used 31331K, committed 31552K, reserved 1114112K
  class space    used 3511K, committed 3648K, reserved 1048576K

Heap Regions: E=young(eden), S=young(survivor), O=old, HS=humongous(starts), HC=humongous(continues), CS=collection set, F=free, OA=open archive, CA=closed archive, TAMS=top-at-mark-start (previous, next)
|   0|0x0000000704000000, 0x0000000704200000, 0x0000000704200000|100%| O|  |TAMS 0x0000000704200000, 0x0000000704000000| Untracked 
|   1|0x0000000704200000, 0x0000000704400000, 0x0000000704400000|100%| O|  |TAMS 0x0000000704400000, 0x0000000704200000| Untracked 
|   2|0x0000000704400000, 0x0000000704600000, 0x0000000704600000|100%| O|  |TAMS 0x0000000704600000, 0x0000000704400000| Untracked 
|   3|0x0000000704600000, 0x0000000704800000, 0x0000000704800000|100%| O|  |TAMS 0x0000000704800000, 0x0000000704600000| Untracked 
|   4|0x0000000704800000, 0x0000000704a00000, 0x0000000704a00000|100%| O|  |TAMS 0x0000000704a00000, 0x0000000704800000| Untracked 
|   5|0x0000000704a00000, 0x0000000704c00000, 0x0000000704c00000|100%| O|  |TAMS 0x0000000704c00000, 0x0000000704a00000| Untracked 
|   6|0x0000000704c00000, 0x0000000704e00000, 0x0000000704e00000|100%| O|  |TAMS 0x0000000704e00000, 0x0000000704c00000| Untracked 
|   7|0x0000000704e00000, 0x0000000705000000, 0x0000000705000000|100%| O|  |TAMS 0x0000000705000000, 0x0000000704e00000| Untracked 
|   8|0x0000000705000000, 0x0000000705200000, 0x0000000705200000|100%| O|  |TAMS 0x0000000705200000, 0x0000000705000000| Untracked 
|   9|0x0000000705200000, 0x0000000705400000, 0x0000000705400000|100%| O|  |TAMS 0x0000000705400000, 0x0000000705200000| Untracked 
|  10|0x0000000705400000, 0x0000000705600000, 0x0000000705600000|100%| O|  |TAMS 0x0000000705600000, 0x0000000705400000| Untracked 
|  11|0x0000000705600000, 0x0000000705800000, 0x0000000705800000|100%| O|  |TAMS 0x0000000705800000, 0x0000000705600000| Untracked 
|  12|0x0000000705800000, 0x0000000705a00000, 0x0000000705a00000|100%|HS|  |TAMS 0x0000000705a00000, 0x0000000705800000| Complete 
|  13|0x0000000705a00000, 0x0000000705c00000, 0x0000000705c00000|100%| O|  |TAMS 0x0000000705a00000, 0x0000000705a00000| Untracked 
|  14|0x0000000705c00000, 0x0000000705e00000, 0x0000000705e00000|100%| O|  |TAMS 0x0000000705e00000, 0x0000000705c00000| Untracked 
|  15|0x0000000705e00000, 0x0000000706000000, 0x0000000706000000|100%| O|  |TAMS 0x0000000706000000, 0x0000000705e00000| Untracked 
|  16|0x0000000706000000, 0x0000000706200000, 0x0000000706200000|100%| O|  |TAMS 0x0000000706200000, 0x0000000706000000| Untracked 
|  17|0x0000000706200000, 0x0000000706400000, 0x0000000706400000|100%| O|  |TAMS 0x0000000706400000, 0x0000000706200000| Untracked 
|  18|0x0000000706400000, 0x0000000706600000, 0x0000000706600000|100%| O|  |TAMS 0x0000000706600000, 0x0000000706400000| Untracked 
|  19|0x0000000706600000, 0x0000000706800000, 0x0000000706800000|100%| O|  |TAMS 0x0000000706800000, 0x0000000706600000| Untracked 
|  20|0x0000000706800000, 0x0000000706a00000, 0x0000000706a00000|100%| O|  |TAMS 0x0000000706a00000, 0x0000000706800000| Untracked 
|  21|0x0000000706a00000, 0x0000000706c00000, 0x0000000706c00000|100%| O|  |TAMS 0x0000000706c00000, 0x0000000706a00000| Untracked 
|  22|0x0000000706c00000, 0x0000000706e00000, 0x0000000706e00000|100%| O|  |TAMS 0x0000000706e00000, 0x0000000706c00000| Untracked 
|  23|0x0000000706e00000, 0x0000000707000000, 0x0000000707000000|100%|HS|  |TAMS 0x0000000706e00000, 0x0000000706e00000| Complete 
|  24|0x0000000707000000, 0x0000000707200000, 0x0000000707200000|100%| O|  |TAMS 0x0000000707200000, 0x0000000707000000| Untracked 
|  25|0x0000000707200000, 0x0000000707400000, 0x0000000707400000|100%| O|  |TAMS 0x0000000707400000, 0x0000000707200000| Untracked 
|  26|0x0000000707400000, 0x0000000707600000, 0x0000000707600000|100%| O|  |TAMS 0x0000000707600000, 0x0000000707400000| Untracked 
|  27|0x0000000707600000, 0x0000000707800000, 0x0000000707800000|100%| O|  |TAMS 0x0000000707800000, 0x0000000707600000| Untracked 
|  28|0x0000000707800000, 0x0000000707a00000, 0x0000000707a00000|100%| O|  |TAMS 0x0000000707a00000, 0x0000000707800000| Untracked 
|  29|0x0000000707a00000, 0x0000000707c00000, 0x0000000707c00000|100%| O|  |TAMS 0x0000000707c00000, 0x0000000707a00000| Untracked 
|  30|0x0000000707c00000, 0x0000000707e00000, 0x0000000707e00000|100%| O|  |TAMS 0x0000000707e00000, 0x0000000707c00000| Untracked 
|  31|0x0000000707e00000, 0x0000000708000000, 0x0000000708000000|100%| O|  |TAMS 0x0000000708000000, 0x0000000707e00000| Untracked 
|  32|0x0000000708000000, 0x0000000708200000, 0x0000000708200000|100%| O|  |TAMS 0x0000000708200000, 0x0000000708000000| Untracked 
|  33|0x0000000708200000, 0x0000000708400000, 0x0000000708400000|100%| O|  |TAMS 0x0000000708400000, 0x0000000708200000| Untracked 
|  34|0x0000000708400000, 0x0000000708600000, 0x0000000708600000|100%| O|  |TAMS 0x0000000708600000, 0x0000000708400000| Untracked 
|  35|0x0000000708600000, 0x0000000708800000, 0x0000000708800000|100%| O|  |TAMS 0x0000000708800000, 0x0000000708600000| Untracked 
|  36|0x0000000708800000, 0x0000000708a00000, 0x0000000708a00000|100%| O|  |TAMS 0x0000000708a00000, 0x0000000708800000| Untracked 
|  37|0x0000000708a00000, 0x0000000708c00000, 0x0000000708c00000|100%| O|  |TAMS 0x0000000708c00000, 0x0000000708a00000| Untracked 
|  38|0x0000000708c00000, 0x0000000708e00000, 0x0000000708e00000|100%| O|  |TAMS 0x0000000708e00000, 0x0000000708c00000| Untracked 
|  39|0x0000000708e00000, 0x0000000709000000, 0x0000000709000000|100%| O|  |TAMS 0x0000000709000000, 0x0000000708e00000| Untracked 
|  40|0x0000000709000000, 0x0000000709200000, 0x0000000709200000|100%| O|  |TAMS 0x0000000709000000, 0x0000000709000000| Untracked 
|  41|0x0000000709200000, 0x0000000709400000, 0x0000000709400000|100%| O|  |TAMS 0x0000000709200000, 0x0000000709200000| Untracked 
|  42|0x0000000709400000, 0x0000000709600000, 0x0000000709600000|100%| O|  |TAMS 0x0000000709400000, 0x0000000709400000| Untracked 
|  43|0x0000000709600000, 0x0000000709800000, 0x0000000709800000|100%| O|  |TAMS 0x0000000709600000, 0x0000000709600000| Untracked 
|  44|0x0000000709800000, 0x0000000709a00000, 0x0000000709a00000|100%| O|  |TAMS 0x0000000709800000, 0x0000000709800000| Untracked 
|  45|0x0000000709a00000, 0x0000000709c00000, 0x0000000709c00000|100%| O|  |TAMS 0x0000000709a00000, 0x0000000709a00000| Untracked 
|  46|0x0000000709c00000, 0x0000000709dc9800, 0x0000000709e00000| 89%| O|  |TAMS 0x0000000709c00000, 0x0000000709c00000| Untracked 
|  47|0x0000000709e00000, 0x0000000709e00000, 0x000000070a000000|  0%| F|  |TAMS 0x0000000709e00000, 0x0000000709e00000| Untracked 
|  48|0x000000070a000000, 0x000000070a000000, 0x000000070a200000|  0%| F|  |TAMS 0x000000070a000000, 0x000000070a000000| Untracked 
|  49|0x000000070a200000, 0x000000070a200000, 0x000000070a400000|  0%| F|  |TAMS 0x000000070a200000, 0x000000070a200000| Untracked 
|  50|0x000000070a400000, 0x000000070a400000, 0x000000070a600000|  0%| F|  |TAMS 0x000000070a400000, 0x000000070a400000| Untracked 
|  51|0x000000070a600000, 0x000000070a600000, 0x000000070a800000|  0%| F|  |TAMS 0x000000070a600000, 0x000000070a600000| Untracked 
|  52|0x000000070a800000, 0x000000070a800000, 0x000000070aa00000|  0%| F|  |TAMS 0x000000070a800000, 0x000000070a800000| Untracked 
|  53|0x000000070aa00000, 0x000000070aa00000, 0x000000070ac00000|  0%| F|  |TAMS 0x000000070aa00000, 0x000000070aa00000| Untracked 
|  54|0x000000070ac00000, 0x000000070ac00000, 0x000000070ae00000|  0%| F|  |TAMS 0x000000070ac00000, 0x000000070ac00000| Untracked 
|  55|0x000000070ae00000, 0x000000070ae00000, 0x000000070b000000|  0%| F|  |TAMS 0x000000070ae00000, 0x000000070ae00000| Untracked 
|  56|0x000000070b000000, 0x000000070b000000, 0x000000070b200000|  0%| F|  |TAMS 0x000000070b000000, 0x000000070b000000| Untracked 
|  57|0x000000070b200000, 0x000000070b200000, 0x000000070b400000|  0%| F|  |TAMS 0x000000070b200000, 0x000000070b200000| Untracked 
|  58|0x000000070b400000, 0x000000070b400000, 0x000000070b600000|  0%| F|  |TAMS 0x000000070b400000, 0x000000070b400000| Untracked 
|  59|0x000000070b600000, 0x000000070b600000, 0x000000070b800000|  0%| F|  |TAMS 0x000000070b600000, 0x000000070b600000| Untracked 
|  60|0x000000070b800000, 0x000000070b800000, 0x000000070ba00000|  0%| F|  |TAMS 0x000000070b800000, 0x000000070b800000| Untracked 
|  61|0x000000070ba00000, 0x000000070ba00000, 0x000000070bc00000|  0%| F|  |TAMS 0x000000070ba00000, 0x000000070ba00000| Untracked 
|  62|0x000000070bc00000, 0x000000070bc00000, 0x000000070be00000|  0%| F|  |TAMS 0x000000070bc00000, 0x000000070bc00000| Untracked 
|  63|0x000000070be00000, 0x000000070be00000, 0x000000070c000000|  0%| F|  |TAMS 0x000000070be00000, 0x000000070be00000| Untracked 
|  64|0x000000070c000000, 0x000000070c000000, 0x000000070c200000|  0%| F|  |TAMS 0x000000070c000000, 0x000000070c000000| Untracked 
|  65|0x000000070c200000, 0x000000070c200000, 0x000000070c400000|  0%| F|  |TAMS 0x000000070c200000, 0x000000070c200000| Untracked 
|  66|0x000000070c400000, 0x000000070c400000, 0x000000070c600000|  0%| F|  |TAMS 0x000000070c400000, 0x000000070c400000| Untracked 
|  67|0x000000070c600000, 0x000000070c600000, 0x000000070c800000|  0%| F|  |TAMS 0x000000070c600000, 0x000000070c600000| Untracked 
|  68|0x000000070c800000, 0x000000070c800000, 0x000000070ca00000|  0%| F|  |TAMS 0x000000070c800000, 0x000000070c800000| Untracked 
|  69|0x000000070ca00000, 0x000000070ca00000, 0x000000070cc00000|  0%| F|  |TAMS 0x000000070ca00000, 0x000000070ca00000| Untracked 
|  70|0x000000070cc00000, 0x000000070cc00000, 0x000000070ce00000|  0%| F|  |TAMS 0x000000070cc00000, 0x000000070cc00000| Untracked 
|  71|0x000000070ce00000, 0x000000070ce00000, 0x000000070d000000|  0%| F|  |TAMS 0x000000070ce00000, 0x000000070ce00000| Untracked 
|  72|0x000000070d000000, 0x000000070d000000, 0x000000070d200000|  0%| F|  |TAMS 0x000000070d000000, 0x000000070d000000| Untracked 
|  73|0x000000070d200000, 0x000000070d200000, 0x000000070d400000|  0%| F|  |TAMS 0x000000070d200000, 0x000000070d200000| Untracked 
|  74|0x000000070d400000, 0x000000070d400000, 0x000000070d600000|  0%| F|  |TAMS 0x000000070d400000, 0x000000070d400000| Untracked 
|  75|0x000000070d600000, 0x000000070d600000, 0x000000070d800000|  0%| F|  |TAMS 0x000000070d600000, 0x000000070d600000| Untracked 
|  76|0x000000070d800000, 0x000000070d800000, 0x000000070da00000|  0%| F|  |TAMS 0x000000070d800000, 0x000000070d800000| Untracked 
|  77|0x000000070da00000, 0x000000070da00000, 0x000000070dc00000|  0%| F|  |TAMS 0x000000070da00000, 0x000000070da00000| Untracked 
|  78|0x000000070dc00000, 0x000000070dc00000, 0x000000070de00000|  0%| F|  |TAMS 0x000000070dc00000, 0x000000070dc00000| Untracked 
|  79|0x000000070de00000, 0x000000070de00000, 0x000000070e000000|  0%| F|  |TAMS 0x000000070de00000, 0x000000070de00000| Untracked 
|  80|0x000000070e000000, 0x000000070e000000, 0x000000070e200000|  0%| F|  |TAMS 0x000000070e000000, 0x000000070e000000| Untracked 
|  81|0x000000070e200000, 0x000000070e200000, 0x000000070e400000|  0%| F|  |TAMS 0x000000070e200000, 0x000000070e200000| Untracked 
|  82|0x000000070e400000, 0x000000070e400000, 0x000000070e600000|  0%| F|  |TAMS 0x000000070e400000, 0x000000070e400000| Untracked 
|  83|0x000000070e600000, 0x000000070e600000, 0x000000070e800000|  0%| F|  |TAMS 0x000000070e600000, 0x000000070e600000| Untracked 
|  84|0x000000070e800000, 0x000000070e800000, 0x000000070ea00000|  0%| F|  |TAMS 0x000000070e800000, 0x000000070e800000| Untracked 
|  85|0x000000070ea00000, 0x000000070ea00000, 0x000000070ec00000|  0%| F|  |TAMS 0x000000070ea00000, 0x000000070ea00000| Untracked 
|  86|0x000000070ec00000, 0x000000070ec00000, 0x000000070ee00000|  0%| F|  |TAMS 0x000000070ec00000, 0x000000070ec00000| Untracked 
|  87|0x000000070ee00000, 0x000000070ee00000, 0x000000070f000000|  0%| F|  |TAMS 0x000000070ee00000, 0x000000070ee00000| Untracked 
|  88|0x000000070f000000, 0x000000070f000000, 0x000000070f200000|  0%| F|  |TAMS 0x000000070f000000, 0x000000070f000000| Untracked 
|  89|0x000000070f200000, 0x000000070f200000, 0x000000070f400000|  0%| F|  |TAMS 0x000000070f200000, 0x000000070f200000| Untracked 
|  90|0x000000070f400000, 0x000000070f400000, 0x000000070f600000|  0%| F|  |TAMS 0x000000070f400000, 0x000000070f400000| Untracked 
|  91|0x000000070f600000, 0x000000070f600000, 0x000000070f800000|  0%| F|  |TAMS 0x000000070f600000, 0x000000070f600000| Untracked 
|  92|0x000000070f800000, 0x000000070f800000, 0x000000070fa00000|  0%| F|  |TAMS 0x000000070f800000, 0x000000070f800000| Untracked 
|  93|0x000000070fa00000, 0x000000070fa00000, 0x000000070fc00000|  0%| F|  |TAMS 0x000000070fa00000, 0x000000070fa00000| Untracked 
|  94|0x000000070fc00000, 0x000000070fc00000, 0x000000070fe00000|  0%| F|  |TAMS 0x000000070fc00000, 0x000000070fc00000| Untracked 
|  95|0x000000070fe00000, 0x000000070fe00000, 0x0000000710000000|  0%| F|  |TAMS 0x000000070fe00000, 0x000000070fe00000| Untracked 
|  96|0x0000000710000000, 0x0000000710000000, 0x0000000710200000|  0%| F|  |TAMS 0x0000000710000000, 0x0000000710000000| Untracked 
|  97|0x0000000710200000, 0x0000000710200000, 0x0000000710400000|  0%| F|  |TAMS 0x0000000710200000, 0x0000000710200000| Untracked 
|  98|0x0000000710400000, 0x0000000710400000, 0x0000000710600000|  0%| F|  |TAMS 0x0000000710400000, 0x0000000710400000| Untracked 
|  99|0x0000000710600000, 0x0000000710600000, 0x0000000710800000|  0%| F|  |TAMS 0x0000000710600000, 0x0000000710600000| Untracked 
| 100|0x0000000710800000, 0x0000000710800000, 0x0000000710a00000|  0%| F|  |TAMS 0x0000000710800000, 0x0000000710800000| Untracked 
| 101|0x0000000710a00000, 0x0000000710a00000, 0x0000000710c00000|  0%| F|  |TAMS 0x0000000710a00000, 0x0000000710a00000| Untracked 
| 102|0x0000000710c00000, 0x0000000710c00000, 0x0000000710e00000|  0%| F|  |TAMS 0x0000000710c00000, 0x0000000710c00000| Untracked 
| 103|0x0000000710e00000, 0x0000000710e00000, 0x0000000711000000|  0%| F|  |TAMS 0x0000000710e00000, 0x0000000710e00000| Untracked 
| 104|0x0000000711000000, 0x0000000711000000, 0x0000000711200000|  0%| F|  |TAMS 0x0000000711000000, 0x0000000711000000| Untracked 
| 105|0x0000000711200000, 0x0000000711200000, 0x0000000711400000|  0%| F|  |TAMS 0x0000000711200000, 0x0000000711200000| Untracked 
| 106|0x0000000711400000, 0x0000000711400000, 0x0000000711600000|  0%| F|  |TAMS 0x0000000711400000, 0x0000000711400000| Untracked 
| 107|0x0000000711600000, 0x0000000711600000, 0x0000000711800000|  0%| F|  |TAMS 0x0000000711600000, 0x0000000711600000| Untracked 
| 108|0x0000000711800000, 0x0000000711800000, 0x0000000711a00000|  0%| F|  |TAMS 0x0000000711800000, 0x0000000711800000| Untracked 
| 109|0x0000000711a00000, 0x0000000711a00000, 0x0000000711c00000|  0%| F|  |TAMS 0x0000000711a00000, 0x0000000711a00000| Untracked 
| 110|0x0000000711c00000, 0x0000000711c00000, 0x0000000711e00000|  0%| F|  |TAMS 0x0000000711c00000, 0x0000000711c00000| Untracked 
| 111|0x0000000711e00000, 0x0000000711e00000, 0x0000000712000000|  0%| F|  |TAMS 0x0000000711e00000, 0x0000000711e00000| Untracked 
| 112|0x0000000712000000, 0x0000000712000000, 0x0000000712200000|  0%| F|  |TAMS 0x0000000712000000, 0x0000000712000000| Untracked 
| 113|0x0000000712200000, 0x0000000712200000, 0x0000000712400000|  0%| F|  |TAMS 0x0000000712200000, 0x0000000712200000| Untracked 
| 114|0x0000000712400000, 0x0000000712400000, 0x0000000712600000|  0%| F|  |TAMS 0x0000000712400000, 0x0000000712400000| Untracked 
| 115|0x0000000712600000, 0x0000000712600000, 0x0000000712800000|  0%| F|  |TAMS 0x0000000712600000, 0x0000000712600000| Untracked 
| 116|0x0000000712800000, 0x0000000712800000, 0x0000000712a00000|  0%| F|  |TAMS 0x0000000712800000, 0x0000000712800000| Untracked 
| 117|0x0000000712a00000, 0x0000000712a00000, 0x0000000712c00000|  0%| F|  |TAMS 0x0000000712a00000, 0x0000000712a00000| Untracked 
| 118|0x0000000712c00000, 0x0000000712d00000, 0x0000000712e00000| 50%| E|  |TAMS 0x0000000712c00000, 0x0000000712c00000| Complete 
| 119|0x0000000712e00000, 0x0000000713000000, 0x0000000713000000|100%| E|CS|TAMS 0x0000000712e00000, 0x0000000712e00000| Complete 
| 120|0x0000000713000000, 0x0000000713200000, 0x0000000713200000|100%| E|CS|TAMS 0x0000000713000000, 0x0000000713000000| Complete 
| 121|0x0000000713200000, 0x0000000713400000, 0x0000000713400000|100%| E|CS|TAMS 0x0000000713200000, 0x0000000713200000| Complete 
| 122|0x0000000713400000, 0x000000071353e4a8, 0x0000000713600000| 62%| S|CS|TAMS 0x0000000713400000, 0x0000000713400000| Complete 
| 123|0x0000000713600000, 0x0000000713800000, 0x0000000713800000|100%| E|CS|TAMS 0x0000000713600000, 0x0000000713600000| Complete 
| 124|0x0000000713800000, 0x0000000713a00000, 0x0000000713a00000|100%| E|CS|TAMS 0x0000000713800000, 0x0000000713800000| Complete 
| 125|0x0000000713a00000, 0x0000000713c00000, 0x0000000713c00000|100%| E|CS|TAMS 0x0000000713a00000, 0x0000000713a00000| Complete 
| 126|0x0000000713c00000, 0x0000000713e00000, 0x0000000713e00000|100%| E|CS|TAMS 0x0000000713c00000, 0x0000000713c00000| Complete 
| 127|0x0000000713e00000, 0x0000000714000000, 0x0000000714000000|100%| E|CS|TAMS 0x0000000713e00000, 0x0000000713e00000| Complete 
| 128|0x0000000714000000, 0x0000000714200000, 0x0000000714200000|100%| E|CS|TAMS 0x0000000714000000, 0x0000000714000000| Complete 
| 129|0x0000000714200000, 0x0000000714400000, 0x0000000714400000|100%| E|CS|TAMS 0x0000000714200000, 0x0000000714200000| Complete 
| 130|0x0000000714400000, 0x0000000714600000, 0x0000000714600000|100%| E|CS|TAMS 0x0000000714400000, 0x0000000714400000| Complete 
| 131|0x0000000714600000, 0x0000000714800000, 0x0000000714800000|100%| E|CS|TAMS 0x0000000714600000, 0x0000000714600000| Complete 
| 132|0x0000000714800000, 0x0000000714a00000, 0x0000000714a00000|100%| E|CS|TAMS 0x0000000714800000, 0x0000000714800000| Complete 
| 133|0x0000000714a00000, 0x0000000714c00000, 0x0000000714c00000|100%| E|CS|TAMS 0x0000000714a00000, 0x0000000714a00000| Complete 
|2014|0x00000007ffc00000, 0x00000007ffe00000, 0x00000007ffe00000|100%| O|  |TAMS 0x00000007ffe00000, 0x00000007ffc00000| Untracked 
|2015|0x00000007ffe00000, 0x0000000800000000, 0x0000000800000000|100%| O|  |TAMS 0x0000000800000000, 0x00000007ffe00000| Untracked 

Card table byte_map: [0x000002a9de6b0000,0x000002a9dee90000] _byte_map_base: 0x000002a9dae90000

Marking Bits (Prev, Next): (CMBitMap*) 0x000002a9c7083360, (CMBitMap*) 0x000002a9c7083320
 Prev Bits: [0x000002a9e3570000, 0x000002a9e7470000)
 Next Bits: [0x000002a9df670000, 0x000002a9e3570000)

Polling page: 0x000002a9c5380000

Metaspace:

Usage:
  Non-class:     27.17 MB used.
      Class:      3.43 MB used.
       Both:     30.60 MB used.

Virtual space:
  Non-class space:       64.00 MB reserved,      27.25 MB ( 43%) committed,  1 nodes.
      Class space:        1.00 GB reserved,       3.56 MB ( <1%) committed,  1 nodes.
             Both:        1.06 GB reserved,      30.81 MB (  3%) committed. 

Chunk freelists:
   Non-Class:  4.00 MB
       Class:  12.47 MB
        Both:  16.47 MB

MaxMetaspaceSize: unlimited
CompressedClassSpaceSize: 1.00 GB
Initial GC threshold: 21.00 MB
Current GC threshold: 49.94 MB
CDS: on
MetaspaceReclaimPolicy: balanced
 - commit_granule_bytes: 65536.
 - commit_granule_words: 8192.
 - virtual_space_node_default_size: 8388608.
 - enlarge_chunks_in_place: 1.
 - new_chunks_are_fully_committed: 0.
 - uncommit_free_chunks: 1.
 - use_allocation_guard: 0.
 - handle_deallocations: 1.


Internal statistics:

num_allocs_failed_limit: 3.
num_arena_births: 200.
num_arena_deaths: 0.
num_vsnodes_births: 2.
num_vsnodes_deaths: 0.
num_space_committed: 493.
num_space_uncommitted: 0.
num_chunks_returned_to_freelist: 3.
num_chunks_taken_from_freelist: 1163.
num_chunk_merges: 3.
num_chunk_splits: 798.
num_chunks_enlarged: 593.
num_inconsistent_stats: 0.

CodeHeap 'non-profiled nmethods': size=120000Kb used=4789Kb max_used=4789Kb free=115210Kb
 bounds [0x000002a9d6670000, 0x000002a9d6b20000, 0x000002a9ddba0000]
CodeHeap 'profiled nmethods': size=120000Kb used=13575Kb max_used=13575Kb free=106424Kb
 bounds [0x000002a9ceba0000, 0x000002a9cf8f0000, 0x000002a9d60d0000]
CodeHeap 'non-nmethods': size=5760Kb used=1261Kb max_used=1316Kb free=4498Kb
 bounds [0x000002a9d60d0000, 0x000002a9d6340000, 0x000002a9d6670000]
 total_blobs=6829 nmethods=6267 adapters=472
 compilation: enabled
              stopped_count=0, restarted_count=0
 full_count=0

Compilation events (20 events):
Event: 12.806 Thread 0x000002a9ee025820 nmethod 6990 0x000002a9d6b1cf10 code [0x000002a9d6b1d0a0, 0x000002a9d6b1d178]
Event: 12.806 Thread 0x000002a9ee025820 6991       1       com.sun.tools.javac.code.Type::isSuperBound (2 bytes)
Event: 12.806 Thread 0x000002a9ee025820 nmethod 6991 0x000002a9d6b1d210 code [0x000002a9d6b1d3a0, 0x000002a9d6b1d478]
Event: 12.806 Thread 0x000002a9ee025820 6993       3       com.sun.tools.javac.code.Type::typeNoMetadata (19 bytes)
Event: 12.807 Thread 0x000002a9ee025820 nmethod 6993 0x000002a9cf8de690 code [0x000002a9cf8de840, 0x000002a9cf8dea68]
Event: 12.807 Thread 0x000002a9ee025820 6992       3       com.sun.tools.javac.code.Attribute$Compound::<init> (21 bytes)
Event: 12.807 Thread 0x000002a9ee025820 nmethod 6992 0x000002a9cf8deb10 code [0x000002a9cf8decc0, 0x000002a9cf8defb8]
Event: 12.807 Thread 0x000002a9ee025820 6994       3       com.sun.tools.javac.util.ListBuffer::iterator (9 bytes)
Event: 12.807 Thread 0x000002a9ee025820 nmethod 6994 0x000002a9cf8df090 code [0x000002a9cf8df240, 0x000002a9cf8df538]
Event: 12.807 Thread 0x000002a9ee025820 6995       3       com.sun.tools.javac.util.Pair::<init> (15 bytes)
Event: 12.807 Thread 0x000002a9ee025820 nmethod 6995 0x000002a9cf8df610 code [0x000002a9cf8df7c0, 0x000002a9cf8df9f8]
Event: 12.807 Thread 0x000002a9ee025820 6996       3       com.sun.tools.javac.code.Symbol::initedMetadata (24 bytes)
Event: 12.807 Thread 0x000002a9ee025820 nmethod 6996 0x000002a9cf8dfa90 code [0x000002a9cf8dfc40, 0x000002a9cf8dfe88]
Event: 12.808 Thread 0x000002a9ee025820 6997       3       com.sun.tools.javac.code.Type::isErroneous (34 bytes)
Event: 12.808 Thread 0x000002a9ee025820 nmethod 6997 0x000002a9cf8dff90 code [0x000002a9cf8e0160, 0x000002a9cf8e0668]
Event: 12.808 Thread 0x000002a9ee025820 6998       3       com.sun.tools.javac.code.Type$ClassType::allparams (30 bytes)
Event: 12.808 Thread 0x000002a9ee025820 nmethod 6998 0x000002a9cf8e0810 code [0x000002a9cf8e0a00, 0x000002a9cf8e0eb8]
Event: 12.808 Thread 0x000002a9ee025820 6999       3       com.sun.tools.javac.comp.Resolve::isStatic (39 bytes)
Event: 12.809 Thread 0x000002a9ee025820 nmethod 6999 0x000002a9cf8e1010 code [0x000002a9cf8e11c0, 0x000002a9cf8e1558]
Event: 12.809 Thread 0x000002a9ee025820 7000       3       com.sun.tools.javac.comp.Resolve::findTypeVar (115 bytes)

GC Heap History (20 events):
Event: 8.284 GC heap before
{Heap before GC invocations=4 (full 0):
 garbage-first heap   total 258048K, used 170165K [0x0000000704000000, 0x0000000800000000)
  region size 2048K, 75 young (153600K), 5 survivors (10240K)
 Metaspace       used 21180K, committed 21376K, reserved 1114112K
  class space    used 2399K, committed 2496K, reserved 1048576K
}
Event: 8.291 GC heap after
{Heap after GC invocations=5 (full 0):
 garbage-first heap   total 258048K, used 33363K [0x0000000704000000, 0x0000000800000000)
  region size 2048K, 8 young (16384K), 8 survivors (16384K)
 Metaspace       used 21180K, committed 21376K, reserved 1114112K
  class space    used 2399K, committed 2496K, reserved 1048576K
}
Event: 8.311 GC heap before
{Heap before GC invocations=5 (full 0):
 garbage-first heap   total 258048K, used 35411K [0x0000000704000000, 0x0000000800000000)
  region size 2048K, 10 young (20480K), 8 survivors (16384K)
 Metaspace       used 21315K, committed 21504K, reserved 1114112K
  class space    used 2414K, committed 2496K, reserved 1048576K
}
Event: 8.318 GC heap after
{Heap after GC invocations=6 (full 0):
 garbage-first heap   total 258048K, used 34264K [0x0000000704000000, 0x0000000800000000)
  region size 2048K, 5 young (10240K), 5 survivors (10240K)
 Metaspace       used 21315K, committed 21504K, reserved 1114112K
  class space    used 2414K, committed 2496K, reserved 1048576K
}
Event: 9.510 GC heap before
{Heap before GC invocations=7 (full 0):
 garbage-first heap   total 131072K, used 112088K [0x0000000704000000, 0x0000000800000000)
  region size 2048K, 28 young (57344K), 5 survivors (10240K)
 Metaspace       used 24476K, committed 24768K, reserved 1114112K
  class space    used 2751K, committed 2880K, reserved 1048576K
}
Event: 9.515 GC heap after
{Heap after GC invocations=8 (full 0):
 garbage-first heap   total 131072K, used 35513K [0x0000000704000000, 0x0000000800000000)
  region size 2048K, 2 young (4096K), 2 survivors (4096K)
 Metaspace       used 24476K, committed 24768K, reserved 1114112K
  class space    used 2751K, committed 2880K, reserved 1048576K
}
Event: 9.534 GC heap before
{Heap before GC invocations=8 (full 0):
 garbage-first heap   total 131072K, used 37561K [0x0000000704000000, 0x0000000800000000)
  region size 2048K, 3 young (6144K), 2 survivors (4096K)
 Metaspace       used 24484K, committed 24768K, reserved 1114112K
  class space    used 2751K, committed 2880K, reserved 1048576K
}
Event: 9.538 GC heap after
{Heap after GC invocations=9 (full 0):
 garbage-first heap   total 131072K, used 39353K [0x0000000704000000, 0x0000000800000000)
  region size 2048K, 1 young (2048K), 1 survivors (2048K)
 Metaspace       used 24484K, committed 24768K, reserved 1114112K
  class space    used 2751K, committed 2880K, reserved 1048576K
}
Event: 10.614 GC heap before
{Heap before GC invocations=9 (full 0):
 garbage-first heap   total 131072K, used 102841K [0x0000000704000000, 0x0000000800000000)
  region size 2048K, 31 young (63488K), 1 survivors (2048K)
 Metaspace       used 30388K, committed 30592K, reserved 1114112K
  class space    used 3430K, committed 3520K, reserved 1048576K
}
Event: 10.623 GC heap after
{Heap after GC invocations=10 (full 0):
 garbage-first heap   total 135168K, used 71397K [0x0000000704000000, 0x0000000800000000)
  region size 2048K, 4 young (8192K), 4 survivors (8192K)
 Metaspace       used 30388K, committed 30592K, reserved 1114112K
  class space    used 3430K, committed 3520K, reserved 1048576K
}
Event: 10.914 GC heap before
{Heap before GC invocations=10 (full 0):
 garbage-first heap   total 135168K, used 100069K [0x0000000704000000, 0x0000000800000000)
  region size 2048K, 19 young (38912K), 4 survivors (8192K)
 Metaspace       used 30423K, committed 30656K, reserved 1114112K
  class space    used 3430K, committed 3520K, reserved 1048576K
}
Event: 10.920 GC heap after
{Heap after GC invocations=11 (full 0):
 garbage-first heap   total 135168K, used 82762K [0x0000000704000000, 0x0000000800000000)
  region size 2048K, 3 young (6144K), 3 survivors (6144K)
 Metaspace       used 30423K, committed 30656K, reserved 1114112K
  class space    used 3430K, committed 3520K, reserved 1048576K
}
Event: 11.134 GC heap before
{Heap before GC invocations=12 (full 0):
 garbage-first heap   total 143360K, used 103242K [0x0000000704000000, 0x0000000800000000)
  region size 2048K, 13 young (26624K), 3 survivors (6144K)
 Metaspace       used 30425K, committed 30656K, reserved 1114112K
  class space    used 3430K, committed 3520K, reserved 1048576K
}
Event: 11.141 GC heap after
{Heap after GC invocations=13 (full 0):
 garbage-first heap   total 143360K, used 92160K [0x0000000704000000, 0x0000000800000000)
  region size 2048K, 2 young (4096K), 2 survivors (4096K)
 Metaspace       used 30425K, committed 30656K, reserved 1114112K
  class space    used 3430K, committed 3520K, reserved 1048576K
}
Event: 11.342 GC heap before
{Heap before GC invocations=13 (full 0):
 garbage-first heap   total 143360K, used 108544K [0x0000000704000000, 0x0000000800000000)
  region size 2048K, 11 young (22528K), 2 survivors (4096K)
 Metaspace       used 30433K, committed 30656K, reserved 1114112K
  class space    used 3430K, committed 3520K, reserved 1048576K
}
Event: 11.346 GC heap after
{Heap after GC invocations=14 (full 0):
 garbage-first heap   total 143360K, used 98930K [0x0000000704000000, 0x0000000800000000)
  region size 2048K, 2 young (4096K), 2 survivors (4096K)
 Metaspace       used 30433K, committed 30656K, reserved 1114112K
  class space    used 3430K, committed 3520K, reserved 1048576K
}
Event: 11.534 GC heap before
{Heap before GC invocations=15 (full 0):
 garbage-first heap   total 163840K, used 109170K [0x0000000704000000, 0x0000000800000000)
  region size 2048K, 9 young (18432K), 2 survivors (4096K)
 Metaspace       used 30845K, committed 31104K, reserved 1114112K
  class space    used 3481K, committed 3584K, reserved 1048576K
}
Event: 11.539 GC heap after
{Heap after GC invocations=16 (full 0):
 garbage-first heap   total 163840K, used 99145K [0x0000000704000000, 0x0000000800000000)
  region size 2048K, 2 young (4096K), 2 survivors (4096K)
 Metaspace       used 30845K, committed 31104K, reserved 1114112K
  class space    used 3481K, committed 3584K, reserved 1048576K
}
Event: 11.582 GC heap before
{Heap before GC invocations=16 (full 0):
 garbage-first heap   total 163840K, used 103241K [0x0000000704000000, 0x0000000800000000)
  region size 2048K, 4 young (8192K), 2 survivors (4096K)
 Metaspace       used 30951K, committed 31232K, reserved 1114112K
  class space    used 3493K, committed 3648K, reserved 1048576K
}
Event: 11.587 GC heap after
{Heap after GC invocations=17 (full 0):
 garbage-first heap   total 278528K, used 99359K [0x0000000704000000, 0x0000000800000000)
  region size 2048K, 1 young (2048K), 1 survivors (2048K)
 Metaspace       used 30951K, committed 31232K, reserved 1114112K
  class space    used 3493K, committed 3648K, reserved 1048576K
}

Dll operation events (10 events):
Event: 0.026 Loaded shared library D:\develop\jdk17\jdk17.0.19_10\bin\java.dll
Event: 0.068 Loaded shared library D:\develop\jdk17\jdk17.0.19_10\bin\jsvml.dll
Event: 0.104 Loaded shared library D:\develop\jdk17\jdk17.0.19_10\bin\net.dll
Event: 0.106 Loaded shared library D:\develop\jdk17\jdk17.0.19_10\bin\nio.dll
Event: 0.109 Loaded shared library D:\develop\jdk17\jdk17.0.19_10\bin\zip.dll
Event: 0.216 Loaded shared library D:\develop\jdk17\jdk17.0.19_10\bin\verify.dll
Event: 0.220 Loaded shared library D:\develop\apache-maven-3.6.1-bin\apache-maven-3.6.1\lib\jansi-native\windows64\jansi.dll
Event: 0.252 Loaded shared library D:\develop\jdk17\jdk17.0.19_10\bin\jimage.dll
Event: 5.350 Loaded shared library D:\develop\jdk17\jdk17.0.19_10\bin\sunmscapi.dll
Event: 6.003 Loaded shared library D:\develop\jdk17\jdk17.0.19_10\bin\extnet.dll

Deoptimization events (20 events):
Event: 11.580 Thread 0x000002a9c70130f0 DEOPT PACKING pc=0x000002a9d6ae74e8 sp=0x000000dc444fb890
Event: 11.580 Thread 0x000002a9c70130f0 DEOPT UNPACKING pc=0x000002a9d612a1a3 sp=0x000000dc444fb808 mode 2
Event: 11.599 Thread 0x000002a9c70130f0 DEOPT PACKING pc=0x000002a9cf5bc48c sp=0x000000dc444fc750
Event: 11.599 Thread 0x000002a9c70130f0 DEOPT UNPACKING pc=0x000002a9d612ace3 sp=0x000000dc444fbcd0 mode 0
Event: 11.629 Thread 0x000002a9c70130f0 Uncommon trap: trap_request=0xffffff45 fr.pc=0x000002a9d6afae78 relative=0x0000000000000ab8
Event: 11.629 Thread 0x000002a9c70130f0 Uncommon trap: reason=unstable_if action=reinterpret pc=0x000002a9d6afae78 method=com.sun.tools.javac.util.ArrayUtils.ensureCapacity([BI)[B @ 3 c2
Event: 11.629 Thread 0x000002a9c70130f0 DEOPT PACKING pc=0x000002a9d6afae78 sp=0x000000dc444fcb30
Event: 11.629 Thread 0x000002a9c70130f0 DEOPT UNPACKING pc=0x000002a9d612a1a3 sp=0x000000dc444fca58 mode 2
Event: 11.658 Thread 0x000002a9c70130f0 Uncommon trap: trap_request=0xffffff6e fr.pc=0x000002a9d6af9734 relative=0x0000000000000194
Event: 11.658 Thread 0x000002a9c70130f0 Uncommon trap: reason=loop_limit_check action=maybe_recompile pc=0x000002a9d6af9734 method=com.sun.tools.javac.util.Name.lastIndexOf(B)I @ 20 c2
Event: 11.658 Thread 0x000002a9c70130f0 DEOPT PACKING pc=0x000002a9d6af9734 sp=0x000000dc444fc9d0
Event: 11.658 Thread 0x000002a9c70130f0 DEOPT UNPACKING pc=0x000002a9d612a1a3 sp=0x000000dc444fc948 mode 2
Event: 12.713 Thread 0x000002a9c70130f0 DEOPT PACKING pc=0x000002a9cf85022b sp=0x000000dc444fc900
Event: 12.713 Thread 0x000002a9c70130f0 DEOPT UNPACKING pc=0x000002a9d612ace3 sp=0x000000dc444fbd90 mode 0
Event: 12.733 Thread 0x000002a9c70130f0 DEOPT PACKING pc=0x000002a9cf7a4f5c sp=0x000000dc444fcb70
Event: 12.733 Thread 0x000002a9c70130f0 DEOPT UNPACKING pc=0x000002a9d612ace3 sp=0x000000dc444fc0b0 mode 0
Event: 12.733 Thread 0x000002a9c70130f0 DEOPT PACKING pc=0x000002a9cf85022b sp=0x000000dc444fc9c0
Event: 12.733 Thread 0x000002a9c70130f0 DEOPT UNPACKING pc=0x000002a9d612ace3 sp=0x000000dc444fbe50 mode 0
Event: 12.752 Thread 0x000002a9c70130f0 DEOPT PACKING pc=0x000002a9cf85022b sp=0x000000dc444fba10
Event: 12.752 Thread 0x000002a9c70130f0 DEOPT UNPACKING pc=0x000002a9d612ace3 sp=0x000000dc444faea0 mode 0

Classes loaded (20 events):
Event: 11.393 Loading class jdk/internal/misc/ScopedMemoryAccess$Scope$Handle
Event: 11.393 Loading class jdk/internal/misc/ScopedMemoryAccess$Scope$Handle done
Event: 11.451 Loading class java/nio/file/Files$2
Event: 11.451 Loading class java/nio/file/Files$2 done
Event: 11.476 Loading class jdk/internal/jrtfs/JrtDirectoryStream
Event: 11.476 Loading class jdk/internal/jrtfs/JrtDirectoryStream done
Event: 11.477 Loading class java/util/stream/StreamSpliterators$WrappingSpliterator
Event: 11.477 Loading class java/util/stream/StreamSpliterators$AbstractWrappingSpliterator
Event: 11.478 Loading class java/util/stream/StreamSpliterators$AbstractWrappingSpliterator done
Event: 11.478 Loading class java/util/stream/StreamSpliterators$WrappingSpliterator done
Event: 11.478 Loading class jdk/internal/jrtfs/JrtDirectoryStream$1
Event: 11.478 Loading class jdk/internal/jrtfs/JrtDirectoryStream$1 done
Event: 11.478 Loading class java/util/stream/StreamSpliterators
Event: 11.478 Loading class java/util/stream/StreamSpliterators done
Event: 11.478 Loading class java/util/function/BooleanSupplier
Event: 11.478 Loading class java/util/function/BooleanSupplier done
Event: 11.491 Loading class java/nio/file/FileTreeWalker$1
Event: 11.491 Loading class java/nio/file/FileTreeWalker$1 done
Event: 11.521 Loading class jdk/internal/jimage/ImageReader$LinkNode
Event: 11.521 Loading class jdk/internal/jimage/ImageReader$LinkNode done

Classes unloaded (0 events):
No events

Classes redefined (0 events):
No events

Internal exceptions (20 events):
Event: 12.785 Thread 0x000002a9c70130f0 Exception <a 'sun/nio/fs/WindowsException'{0x0000000712f70f08}> (0x0000000712f70f08) 
thrown [s\src\hotspot\share\prims\jni.cpp, line 516]
Event: 12.785 Thread 0x000002a9c70130f0 Exception <a 'sun/nio/fs/WindowsException'{0x0000000712f764d8}> (0x0000000712f764d8) 
thrown [s\src\hotspot\share\prims\jni.cpp, line 516]
Event: 12.786 Thread 0x000002a9c70130f0 Exception <a 'sun/nio/fs/WindowsException'{0x0000000712f840f8}> (0x0000000712f840f8) 
thrown [s\src\hotspot\share\prims\jni.cpp, line 516]
Event: 12.786 Thread 0x000002a9c70130f0 Exception <a 'sun/nio/fs/WindowsException'{0x0000000712f84b10}> (0x0000000712f84b10) 
thrown [s\src\hotspot\share\prims\jni.cpp, line 516]
Event: 12.786 Thread 0x000002a9c70130f0 Exception <a 'sun/nio/fs/WindowsException'{0x0000000712f8e9e8}> (0x0000000712f8e9e8) 
thrown [s\src\hotspot\share\prims\jni.cpp, line 516]
Event: 12.786 Thread 0x000002a9c70130f0 Exception <a 'sun/nio/fs/WindowsException'{0x0000000712f96290}> (0x0000000712f96290) 
thrown [s\src\hotspot\share\prims\jni.cpp, line 516]
Event: 12.787 Thread 0x000002a9c70130f0 Exception <a 'sun/nio/fs/WindowsException'{0x0000000712fa6200}> (0x0000000712fa6200) 
thrown [s\src\hotspot\share\prims\jni.cpp, line 516]
Event: 12.787 Thread 0x000002a9c70130f0 Exception <a 'sun/nio/fs/WindowsException'{0x0000000712fa6bc0}> (0x0000000712fa6bc0) 
thrown [s\src\hotspot\share\prims\jni.cpp, line 516]
Event: 12.787 Thread 0x000002a9c70130f0 Exception <a 'sun/nio/fs/WindowsException'{0x0000000712fa8078}> (0x0000000712fa8078) 
thrown [s\src\hotspot\share\prims\jni.cpp, line 516]
Event: 12.787 Thread 0x000002a9c70130f0 Exception <a 'sun/nio/fs/WindowsException'{0x0000000712fad9b8}> (0x0000000712fad9b8) 
thrown [s\src\hotspot\share\prims\jni.cpp, line 516]
Event: 12.787 Thread 0x000002a9c70130f0 Exception <a 'sun/nio/fs/WindowsException'{0x0000000712fbbde0}> (0x0000000712fbbde0) 
thrown [s\src\hotspot\share\prims\jni.cpp, line 516]
Event: 12.787 Thread 0x000002a9c70130f0 Exception <a 'sun/nio/fs/WindowsException'{0x0000000712fbc7f8}> (0x0000000712fbc7f8) 
thrown [s\src\hotspot\share\prims\jni.cpp, line 516]
Event: 12.790 Thread 0x000002a9c70130f0 Exception <a 'sun/nio/fs/WindowsException'{0x0000000712c08970}> (0x0000000712c08970) 
thrown [s\src\hotspot\share\prims\jni.cpp, line 516]
Event: 12.790 Thread 0x000002a9c70130f0 Exception <a 'sun/nio/fs/WindowsException'{0x0000000712c1a798}> (0x0000000712c1a798) 
thrown [s\src\hotspot\share\prims\jni.cpp, line 516]
Event: 12.791 Thread 0x000002a9c70130f0 Exception <a 'sun/nio/fs/WindowsException'{0x0000000712c38ad0}> (0x0000000712c38ad0) 
thrown [s\src\hotspot\share\prims\jni.cpp, line 516]
Event: 12.791 Thread 0x000002a9c70130f0 Exception <a 'sun/nio/fs/WindowsException'{0x0000000712c394c0}> (0x0000000712c394c0) 
thrown [s\src\hotspot\share\prims\jni.cpp, line 516]
Event: 12.797 Thread 0x000002a9c70130f0 Exception <a 'sun/nio/fs/WindowsException'{0x0000000712c603c8}> (0x0000000712c603c8) 
thrown [s\src\hotspot\share\prims\jni.cpp, line 516]
Event: 12.797 Thread 0x000002a9c70130f0 Exception <a 'sun/nio/fs/WindowsException'{0x0000000712c6f348}> (0x0000000712c6f348) 
thrown [s\src\hotspot\share\prims\jni.cpp, line 516]
Event: 12.797 Thread 0x000002a9c70130f0 Exception <a 'sun/nio/fs/WindowsException'{0x0000000712c96678}> (0x0000000712c96678) 
thrown [s\src\hotspot\share\prims\jni.cpp, line 516]
Event: 12.797 Thread 0x000002a9c70130f0 Exception <a 'sun/nio/fs/WindowsException'{0x0000000712c97060}> (0x0000000712c97060) 
thrown [s\src\hotspot\share\prims\jni.cpp, line 516]

VM Operations (20 events):
Event: 10.980 Executing VM operation: G1PauseCleanup done
Event: 11.134 Executing VM operation: G1CollectForAllocation
Event: 11.141 Executing VM operation: G1CollectForAllocation done
Event: 11.342 Executing VM operation: G1CollectForAllocation
Event: 11.346 Executing VM operation: G1CollectForAllocation done
Event: 11.387 Executing VM operation: G1PauseRemark
Event: 11.391 Executing VM operation: G1PauseRemark done
Event: 11.412 Executing VM operation: G1PauseCleanup
Event: 11.412 Executing VM operation: G1PauseCleanup done
Event: 11.491 Executing VM operation: HandshakeAllThreads
Event: 11.491 Executing VM operation: HandshakeAllThreads done
Event: 11.522 Executing VM operation: HandshakeAllThreads
Event: 11.522 Executing VM operation: HandshakeAllThreads done
Event: 11.534 Executing VM operation: G1CollectForAllocation
Event: 11.539 Executing VM operation: G1CollectForAllocation done
Event: 11.582 Executing VM operation: G1CollectForAllocation
Event: 11.587 Executing VM operation: G1CollectForAllocation done
Event: 12.590 Executing VM operation: Cleanup
Event: 12.688 Executing VM operation: Cleanup done
Event: 13.702 Executing VM operation: Cleanup

Memory protections (0 events):
No events

Nmethod flushes (20 events):
Event: 5.138 Thread 0x000002a9ee02adb0 flushing  nmethod 0x000002a9cf1f5e10
Event: 5.138 Thread 0x000002a9ee02adb0 flushing  nmethod 0x000002a9cf265810
Event: 5.138 Thread 0x000002a9ee02adb0 flushing  nmethod 0x000002a9cf2b9190
Event: 5.139 Thread 0x000002a9ee02adb0 flushing  nmethod 0x000002a9cf349590
Event: 5.139 Thread 0x000002a9ee02adb0 flushing  nmethod 0x000002a9cf34b110
Event: 5.139 Thread 0x000002a9ee02adb0 flushing  nmethod 0x000002a9cf34b790
Event: 5.139 Thread 0x000002a9ee02adb0 flushing  nmethod 0x000002a9cf351390
Event: 5.139 Thread 0x000002a9ee02adb0 flushing  nmethod 0x000002a9cf351990
Event: 5.139 Thread 0x000002a9ee02adb0 flushing  nmethod 0x000002a9cf352390
Event: 5.139 Thread 0x000002a9ee02adb0 flushing  nmethod 0x000002a9cf352c90
Event: 5.139 Thread 0x000002a9ee02adb0 flushing  nmethod 0x000002a9cf353a90
Event: 5.139 Thread 0x000002a9ee02adb0 flushing  nmethod 0x000002a9cf354010
Event: 5.139 Thread 0x000002a9ee02adb0 flushing  nmethod 0x000002a9cf354690
Event: 5.139 Thread 0x000002a9ee02adb0 flushing  nmethod 0x000002a9cf354c90
Event: 5.139 Thread 0x000002a9ee02adb0 flushing  nmethod 0x000002a9cf358f10
Event: 5.139 Thread 0x000002a9ee02adb0 flushing  nmethod 0x000002a9cf378390
Event: 5.139 Thread 0x000002a9ee02adb0 flushing  nmethod 0x000002a9cf3d8d90
Event: 5.139 Thread 0x000002a9ee02adb0 flushing  nmethod 0x000002a9cf3ed310
Event: 9.434 Thread 0x000002a9ee02adb0 flushing  nmethod 0x000002a9cf0a4690
Event: 9.435 Thread 0x000002a9ee02adb0 flushing  nmethod 0x000002a9cf4bd510

Events (20 events):
Event: 1.439 Thread 0x000002a9ee025820 Thread added: 0x000002a9ee9da9d0
Event: 1.729 Thread 0x000002a9ee9da9d0 Thread added: 0x000002a9eee47830
Event: 5.998 Thread 0x000002a9eee47830 Thread exited: 0x000002a9eee47830
Event: 6.201 Thread 0x000002a9ee9da9d0 Thread exited: 0x000002a9ee9da9d0
Event: 6.259 Thread 0x000002a9ee025820 Thread added: 0x000002a9ee9da9d0
Event: 6.489 Thread 0x000002a9ee9da9d0 Thread exited: 0x000002a9ee9da9d0
Event: 7.072 Thread 0x000002a9ee024d70 Thread added: 0x000002a9ee9da9d0
Event: 7.761 Thread 0x000002a9ee025820 Thread added: 0x000002a9ef8d27e0
Event: 8.062 Thread 0x000002a9ef8d27e0 Thread exited: 0x000002a9ef8d27e0
Event: 8.062 Thread 0x000002a9ee9da9d0 Thread exited: 0x000002a9ee9da9d0
Event: 8.413 Thread 0x000002a9ee024d70 Thread added: 0x000002a9ee669940
Event: 8.580 Thread 0x000002a9ee669940 Thread added: 0x000002a9f045d6d0
Event: 8.749 Thread 0x000002a9f045d6d0 Thread exited: 0x000002a9f045d6d0
Event: 9.467 Thread 0x000002a9ee669940 Thread exited: 0x000002a9ee669940
Event: 9.527 Thread 0x000002a9ee024d70 Thread added: 0x000002a9f1171460
Event: 9.532 Thread 0x000002a9ee024d70 Thread added: 0x000002a9f01f9c90
Event: 10.631 Thread 0x000002a9f01f9c90 Thread exited: 0x000002a9f01f9c90
Event: 10.639 Thread 0x000002a9ee025820 Thread added: 0x000002a9f01f9c90
Event: 10.866 Thread 0x000002a9f01f9c90 Thread exited: 0x000002a9f01f9c90
Event: 11.560 Thread 0x000002a9ee025820 Thread added: 0x000002a9f1152570


Dynamic libraries:
0x00007ff63fa80000 - 0x00007ff63fa8e000 	D:\develop\jdk17\jdk17.0.19_10\bin\java.exe
0x00007ff931660000 - 0x00007ff9318c7000 	C:\WINDOWS\SYSTEM32\ntdll.dll
0x00007ff92f3e0000 - 0x00007ff92f4a9000 	C:\WINDOWS\System32\KERNEL32.DLL
0x00007ff92e1c0000 - 0x00007ff92e5b7000 	C:\WINDOWS\System32\KERNELBASE.dll
0x00007ff92f1e0000 - 0x00007ff92f32b000 	C:\WINDOWS\System32\ucrtbase.dll
0x00007ff918930000 - 0x00007ff918948000 	D:\develop\jdk17\jdk17.0.19_10\bin\jli.dll
0x00007ff918910000 - 0x00007ff91892e000 	D:\develop\jdk17\jdk17.0.19_10\bin\VCRUNTIME140.dll
0x00007ff92feb0000 - 0x00007ff930076000 	C:\WINDOWS\System32\USER32.dll
0x00007ff908b20000 - 0x00007ff908db2000 	C:\WINDOWS\WinSxS\amd64_microsoft.windows.common-controls_6595b64144ccf1df_6.0.26100.8457_none_3e0b2faee331e92d\COMCTL32.dll
0x00007ff92f030000 - 0x00007ff92f057000 	C:\WINDOWS\System32\win32u.dll
0x00007ff9311b0000 - 0x00007ff9311db000 	C:\WINDOWS\System32\GDI32.dll
0x00007ff930080000 - 0x00007ff930129000 	C:\WINDOWS\System32\msvcrt.dll
0x00007ff92e090000 - 0x00007ff92e1bc000 	C:\WINDOWS\System32\gdi32full.dll
0x00007ff92e5c0000 - 0x00007ff92e663000 	C:\WINDOWS\System32\msvcp_win.dll
0x00007ff9305a0000 - 0x00007ff9305d2000 	C:\WINDOWS\System32\IMM32.DLL
0x00007ff91bdc0000 - 0x00007ff91bdcc000 	D:\develop\jdk17\jdk17.0.19_10\bin\vcruntime140_1.dll
0x00007ff8f2270000 - 0x00007ff8f22f9000 	D:\develop\jdk17\jdk17.0.19_10\bin\msvcp140.dll
0x00007ff836770000 - 0x00007ff8373e5000 	D:\develop\jdk17\jdk17.0.19_10\bin\server\jvm.dll
0x00007ff9305e0000 - 0x00007ff930696000 	C:\WINDOWS\System32\ADVAPI32.dll
0x00007ff930700000 - 0x00007ff9307a7000 	C:\WINDOWS\System32\sechost.dll
0x00007ff92f4b0000 - 0x00007ff92f5c8000 	C:\WINDOWS\System32\RPCRT4.dll
0x00007ff931590000 - 0x00007ff931610000 	C:\WINDOWS\System32\WS2_32.dll
0x00007ff92def0000 - 0x00007ff92df4e000 	C:\WINDOWS\SYSTEM32\POWRPROF.dll
0x00007ff9289a0000 - 0x00007ff9289d6000 	C:\WINDOWS\SYSTEM32\WINMM.dll
0x00007ff9225a0000 - 0x00007ff9225ab000 	C:\WINDOWS\SYSTEM32\VERSION.dll
0x00007ff92ded0000 - 0x00007ff92dee4000 	C:\WINDOWS\SYSTEM32\UMPDC.dll
0x00007ff92ce20000 - 0x00007ff92ce3b000 	C:\WINDOWS\SYSTEM32\kernel.appcore.dll
0x00007ff902f80000 - 0x00007ff902f8a000 	D:\develop\jdk17\jdk17.0.19_10\bin\jimage.dll
0x00007ff92c0b0000 - 0x00007ff92c2f2000 	C:\WINDOWS\SYSTEM32\DBGHELP.DLL
0x00007ff931200000 - 0x00007ff931583000 	C:\WINDOWS\System32\combase.dll
0x00007ff930410000 - 0x00007ff9304e9000 	C:\WINDOWS\System32\OLEAUT32.dll
0x00007ff928960000 - 0x00007ff92899b000 	C:\WINDOWS\SYSTEM32\dbgcore.DLL
0x00007ff92f330000 - 0x00007ff92f3d8000 	C:\WINDOWS\System32\bcryptPrimitives.dll
0x00007ff9020f0000 - 0x00007ff902116000 	D:\develop\jdk17\jdk17.0.19_10\bin\java.dll
0x00007ff8ae350000 - 0x00007ff8ae427000 	D:\develop\jdk17\jdk17.0.19_10\bin\jsvml.dll
0x00007ff9307b0000 - 0x00007ff930f1e000 	C:\WINDOWS\System32\SHELL32.dll
0x00007ff92e670000 - 0x00007ff92eedc000 	C:\WINDOWS\System32\windows.storage.dll
0x00007ff931090000 - 0x00007ff931186000 	C:\WINDOWS\System32\SHCORE.dll
0x00007ff9304f0000 - 0x00007ff930556000 	C:\WINDOWS\System32\shlwapi.dll
0x00007ff92dfb0000 - 0x00007ff92dfd9000 	C:\WINDOWS\SYSTEM32\profapi.dll
0x00007ff900560000 - 0x00007ff90057b000 	D:\develop\jdk17\jdk17.0.19_10\bin\net.dll
0x00007ff925e70000 - 0x00007ff925f99000 	C:\WINDOWS\SYSTEM32\WINHTTP.dll
0x00007ff92d390000 - 0x00007ff92d3fc000 	C:\WINDOWS\system32\mswsock.dll
0x00007ff900540000 - 0x00007ff900556000 	D:\develop\jdk17\jdk17.0.19_10\bin\nio.dll
0x00007ff8f8880000 - 0x00007ff8f8898000 	D:\develop\jdk17\jdk17.0.19_10\bin\zip.dll
0x00007ff902f70000 - 0x00007ff902f80000 	D:\develop\jdk17\jdk17.0.19_10\bin\verify.dll
0x00007ff9020e0000 - 0x00007ff9020ea000 	D:\develop\apache-maven-3.6.1-bin\apache-maven-3.6.1\lib\jansi-native\windows64\jansi.dll
0x00007ff9019a0000 - 0x00007ff9019ae000 	D:\develop\jdk17\jdk17.0.19_10\bin\sunmscapi.dll
0x00007ff92f060000 - 0x00007ff92f1d8000 	C:\WINDOWS\System32\CRYPT32.dll
0x00007ff92d890000 - 0x00007ff92d8c0000 	C:\WINDOWS\SYSTEM32\ncrypt.dll
0x00007ff92d840000 - 0x00007ff92d87f000 	C:\WINDOWS\SYSTEM32\NTASN1.dll
0x00007ff92d670000 - 0x00007ff92d68b000 	C:\WINDOWS\SYSTEM32\CRYPTSP.dll
0x00007ff92cd80000 - 0x00007ff92cdb9000 	C:\WINDOWS\system32\rsaenh.dll
0x00007ff92d440000 - 0x00007ff92d473000 	C:\WINDOWS\SYSTEM32\USERENV.dll
0x00007ff92df80000 - 0x00007ff92dfaa000 	C:\WINDOWS\SYSTEM32\bcrypt.dll
0x00007ff92d690000 - 0x00007ff92d69c000 	C:\WINDOWS\SYSTEM32\CRYPTBASE.dll
0x00007ff92c960000 - 0x00007ff92c992000 	C:\WINDOWS\SYSTEM32\IPHLPAPI.DLL
0x00007ff9311a0000 - 0x00007ff9311aa000 	C:\WINDOWS\System32\NSI.dll
0x00007ff926160000 - 0x00007ff92617d000 	C:\WINDOWS\SYSTEM32\dhcpcsvc6.DLL
0x00007ff926130000 - 0x00007ff926155000 	C:\WINDOWS\SYSTEM32\dhcpcsvc.DLL
0x00007ff92c9a0000 - 0x00007ff92cad2000 	C:\WINDOWS\SYSTEM32\DNSAPI.dll
0x00007ff9225b0000 - 0x00007ff9225bb000 	C:\Windows\System32\rasadhlp.dll
0x00007ff926220000 - 0x00007ff9262a6000 	C:\WINDOWS\System32\fwpuclnt.dll
0x00007ff9012f0000 - 0x00007ff9012f9000 	D:\develop\jdk17\jdk17.0.19_10\bin\extnet.dll

dbghelp: loaded successfully - version: 4.0.5 - missing functions: none
symbol engine: initialized successfully - sym options: 0x614 - pdb path: .;D:\develop\jdk17\jdk17.0.19_10\bin;C:\WINDOWS\SYSTEM32;C:\WINDOWS\WinSxS\amd64_microsoft.windows.common-controls_6595b64144ccf1df_6.0.26100.8457_none_3e0b2faee331e92d;D:\develop\jdk17\jdk17.0.19_10\bin\server;D:\develop\apache-maven-3.6.1-bin\apache-maven-3.6.1\lib\jansi-native\windows64

VM Arguments:
jvm_args: -Djdk.tls.client.protocols=TLSv1.2 -Dhttps.protocols=TLSv1.2 -Dmaven.wagon.http.ssl.insecure=true -Dmaven.wagon.http.ssl.allowall=true -Dclassworlds.conf=D:/develop/apache-maven-3.6.1-bin/apache-maven-3.6.1/bin/m2.conf -Dmaven.home=D:/develop/apache-maven-3.6.1-bin/apache-maven-3.6.1 -Dlibrary.jansi.path=D:/develop/apache-maven-3.6.1-bin/apache-maven-3.6.1/lib/jansi-native -Dmaven.multiModuleProjectDirectory=C:/Users/86150/knowledge-qa-system 
java_command: org.codehaus.plexus.classworlds.launcher.Launcher compile -DskipTests
java_class_path (initial): D:/develop/apache-maven-3.6.1-bin/apache-maven-3.6.1/boot/plexus-classworlds-2.6.0.jar
Launcher Type: SUN_STANDARD

[Global flags]
     intx CICompilerCount                          = 4                                         {product} {ergonomic}
     uint ConcGCThreads                            = 2                                         {product} {ergonomic}
     uint G1ConcRefinementThreads                  = 8                                         {product} {ergonomic}
   size_t G1HeapRegionSize                         = 2097152                                   {product} {ergonomic}
    uintx GCDrainStackTargetSize                   = 64                                        {product} {ergonomic}
   size_t InitialHeapSize                          = 264241152                                 {product} {ergonomic}
   size_t MarkStackSize                            = 4194304                                   {product} {ergonomic}
   size_t MaxHeapSize                              = 4227858432                                {product} {ergonomic}
   size_t MaxNewSize                               = 2535456768                                {product} {ergonomic}
   size_t MinHeapDeltaBytes                        = 2097152                                   {product} {ergonomic}
   size_t MinHeapSize                              = 8388608                                   {product} {ergonomic}
    uintx NonNMethodCodeHeapSize                   = 5839372                                {pd product} {ergonomic}
    uintx NonProfiledCodeHeapSize                  = 122909434                              {pd product} {ergonomic}
    uintx ProfiledCodeHeapSize                     = 122909434                              {pd product} {ergonomic}
    uintx ReservedCodeCacheSize                    = 251658240                              {pd product} {ergonomic}
     bool SegmentedCodeCache                       = true                                      {product} {ergonomic}
   size_t SoftMaxHeapSize                          = 4227858432                             {manageable} {ergonomic}
     bool UseCompressedClassPointers               = true                           {product lp64_product} {ergonomic}
     bool UseCompressedOops                        = true                           {product lp64_product} {ergonomic}
     bool UseG1GC                                  = true                                      {product} {ergonomic}
     bool UseLargePagesIndividualAllocation        = false                                  {pd product} {ergonomic}

Logging:
Log output configuration:
 #0: stdout all=warning uptime,level,tags
 #1: stderr all=off uptime,level,tags

Environment Variables:
JAVA_HOME=D:/develop/jdk17/jdk17.0.19_10
PATH=D;C:\Program Files\Git\develop\jdk17\jdk17.0.19_10\bin;C:\Users\86150\bin;C:\Program Files\Git\mingw64\bin;C:\Program Files\Git\usr\local\bin;C:\Program Files\Git\usr\bin;C:\Program Files\Git\usr\bin;C:\Program Files\Git\mingw64\bin;C:\Program Files\Git\usr\bin;C:\Users\86150\bin;D:\python\Scripts;D:\wmware17.5.0;D:\develop\jdk8\bin;D:\develop\jdk\bin;D:\develop\mysql-8.0.31-winx64\bin;C:\WINDOWS\system32;D:\develop\apache-maven-3.6.1-bin\apache-maven-3.6.1\bin;C:\WINDOWS;C:\WINDOWS\System32\Wbem;C:\WINDOWS\System32\WindowsPowerShell\v1.0;C:\WINDOWS\System32\OpenSSH;C:\Program Files\dotnet;C:\Program Files\MySQL\MySQL Server 8.0\bin;C:\QQ\Bin;D:\develop\微信web开发者工具\dll;C:\Pro;ram Files\TortoiseSVN\bin;C:\Program Files\Git\cmd;D:\develop\xshell;D:\develop\xftp;D:\develop\nvm;C:\Program Files\nodejs;C:\Program Files (x86)\Google\Cloud SDK\google-cloud-sdk\bin;C:\Program Files\Docker\Docker\resources\bin;D:\python\Scripts;D:\python;C:\Users\86150\AppData\Local\Microsoft\WindowsApps;D:\python\PyCharm Community Edition 2024.2.3\bin;D:\develop\Microsoft VS Code\bin;D:\develop\nvm;D:\develop;C:\Users\86150\AppData\Local\Microsoft\WindowsApps;D:\develop\nvm;C:\Program Files\nodejs;C:\Users\86150\AppData\Local\Microsoft\WinGet\Packages\JohnMacFarlane.Pandoc_Microsoft.Winget.Source_8wekyb3d8bbwe\pandoc-3.9.0.2;C:\Program Files\Git\usr\bin\vendor_perl;C:\Program Files\Git\usr\bin\core_perl
USERNAME=86150
SHELL=C:\Program Files\Git\usr\bin\bash.exe
DISPLAY=needs-to-be-defined
LANG=zh_CN.UTF-8
TERM=xterm-256color
TMPDIR=C:\Users\86150\AppData\Local\Temp
OS=Windows_NT
PROCESSOR_IDENTIFIER=Intel64 Family 6 Model 140 Stepping 2, GenuineIntel
TMP=C:\Users\86150\AppData\Local\Temp
TEMP=C:\Users\86150\AppData\Local\Temp



Periodic native trim disabled


---------------  S Y S T E M  ---------------

OS:
 Windows 11 , 64 bit Build 26100 (10.0.26100.8328)
OS uptime: 0 days 2:38 hours
Hyper-V role detected

CPU: total 8 (initial active 8) (4 cores per cpu, 2 threads per core) family 6 model 140 stepping 2 microcode 0x38, cx8, cmov, fxsr, ht, mmx, 3dnowpref, sse, sse2, sse3, ssse3, sse4.1, sse4.2, popcnt, lzcnt, tsc, tscinvbit, avx, avx2, aes, erms, clmul, bmi1, bmi2, adx, avx512f, avx512dq, avx512cd, avx512bw, avx512vl, sha, fma, vzeroupper, avx512_vpopcntdq, avx512_vpclmulqdq, avx512_vaes, avx512_vnni, clflush, clflushopt, clwb, avx512_vbmi2, avx512_vbmi, hv
Processor Information for all 8 processors :
  Max Mhz: 2496, Current Mhz: 2496, Mhz Limit: 2496

Memory: 4k page, system-wide physical 16122M (1988M free)
TotalPageFile size 24314M (AvailPageFile size 8M)
current process WorkingSet (physical memory assigned to process): 330M, peak: 332M
current process commit charge ("private bytes"): 472M, peak: 474M

vm_info: OpenJDK 64-Bit Server VM (17.0.19+10-LTS) for windows-amd64 JRE (17.0.19+10-LTS), built on Apr 18 2026 07:36:06 by "Administrator" with MS VC++ 17.14 (VS2022)

END.
