#
# There is insufficient memory for the Java Runtime Environment to continue.
# Native memory allocation (malloc) failed to allocate 1048576 bytes. Error detail: AllocateHeap
# Possible reasons:
#   The system is out of physical RAM or swap space
#   This process is running with CompressedOops enabled, and the Java Heap may be blocking the growth of the native heap
# Possible solutions:
#   Reduce memory load on the system
#   Increase physical memory or swap space
#   Check if swap backing store is full
#   Decrease Java heap size (-Xmx/-Xms)
#   Decrease number of Java threads
#   Decrease Java thread stack sizes (-Xss)
#   Set larger code cache with -XX:ReservedCodeCacheSize=
#   JVM is running with Unscaled Compressed Oops mode in which the Java heap is
#     placed in the first 4GB address space. The Java Heap base address is the
#     maximum limit for the native heap growth. Please use -XX:HeapBaseMinAddress
#     to set the Java Heap base and to place the Java Heap above 4GB virtual address.
# This output file may be truncated or incomplete.
#
#  Out of Memory Error (allocation.cpp:44), pid=29684, tid=21492
#
# JRE version:  (21.0.10+7) (build )
# Java VM: OpenJDK 64-Bit Server VM (21.0.10+7-LTS, mixed mode, sharing, tiered, compressed oops, compressed class ptrs, parallel gc, windows-amd64)
# No core dump will be written. Minidumps are not enabled by default on client versions of Windows
#

---------------  S U M M A R Y ------------

Command Line: --add-modules=ALL-SYSTEM --add-opens=java.base/java.util=ALL-UNNAMED --add-opens=java.base/java.lang=ALL-UNNAMED --add-opens=java.base/sun.nio.fs=ALL-UNNAMED -Declipse.application=org.eclipse.jdt.ls.core.id1 -Dosgi.bundles.defaultStartLevel=4 -Declipse.product=org.eclipse.jdt.ls.core.product -Djava.import.generatesMetadataFilesAtProjectRoot=false -DDetectVMInstallationsJob.disabled=true -Dfile.encoding=utf8 -XX:+UseParallelGC -XX:GCTimeRatio=4 -XX:AdaptiveSizePolicyWeight=90 -Dsun.zip.disableMemoryMapping=true -Xmx2G -Xms100m -Xlog:disable -javaagent:c:\Users\86150\.vscode\extensions\redhat.java-1.54.0-win32-x64\lombok\lombok-1.18.39-4050.jar -XX:+HeapDumpOnOutOfMemoryError -XX:HeapDumpPath=c:\Users\86150\AppData\Roaming\Code\User\workspaceStorage\2496f935dea6ed964180d4c8bef5434b\redhat.java -Daether.dependencyCollector.impl=bf c:\Users\86150\.vscode\extensions\redhat.java-1.54.0-win32-x64\server\plugins\org.eclipse.equinox.launcher_1.7.100.v20251111-0406.jar -configuration c:\Users\86150\AppData\Roaming\Code\User\globalStorage\redhat.java\1.54.0\config_win -data c:\Users\86150\AppData\Roaming\Code\User\workspaceStorage\2496f935dea6ed964180d4c8bef5434b\redhat.java\jdt_ws --pipe=\\.\pipe\lsp-141c77027e0ce20a5f1454b2187d91ad-sock

Host: 11th Gen Intel(R) Core(TM) i5-11320H @ 3.20GHz, 8 cores, 15G,  Windows 11 , 64 bit Build 26100 (10.0.26100.8328)
Time: Wed May 20 22:40:49 2026 elapsed time: 3.044028 seconds (0d 0h 0m 3s)

---------------  T H R E A D  ---------------

Current thread (0x000001ac7c351710):  JavaThread "Unknown thread" [_thread_in_vm, id=21492, stack(0x00000081aa200000,0x00000081aa300000) (1024K)]

Stack: [0x00000081aa200000,0x00000081aa300000]
Native frames: (J=compiled Java code, j=interpreted, Vv=VM code, C=native code)
V  [jvm.dll+0x6d7a39]
V  [jvm.dll+0x8b4b26]
V  [jvm.dll+0x8b70de]
V  [jvm.dll+0x8b77c3]
V  [jvm.dll+0x284346]
V  [jvm.dll+0xc1277]
V  [jvm.dll+0x70ba02]
V  [jvm.dll+0x70c73c]
V  [jvm.dll+0x6e65d3]
V  [jvm.dll+0x87f17c]
V  [jvm.dll+0x3c49fc]
V  [jvm.dll+0x867e6b]
V  [jvm.dll+0x457b31]
V  [jvm.dll+0x459721]
C  [jli.dll+0x52d0]
C  [ucrtbase.dll+0x37b0]
C  [KERNEL32.DLL+0x2e957]
C  [ntdll.dll+0x427c]


---------------  P R O C E S S  ---------------

Threads class SMR info:
_java_thread_list=0x000001ac7c37afb0, length=1, elements={
0x000001ac7c351710
}

Java Threads: ( => current thread )
=>0x000001ac7c351710 JavaThread "Unknown thread"             [_thread_in_vm, id=21492, stack(0x00000081aa200000,0x00000081aa300000) (1024K)]
Total: 1

Other Threads:
  0x000001ac7c3c0580 WatcherThread "VM Periodic Task Thread"        [id=24904, stack(0x00000081aa400000,0x00000081aa500000) (1024K)]
  0x000001ac7c370f10 WorkerThread "GC Thread#0"                     [id=3620, stack(0x00000081aa300000,0x00000081aa400000) (1024K)]
Total: 2

Threads with active compile tasks:
Total: 0

VM state: not at safepoint (normal execution)

VM Mutex/Monitor currently owned by a thread: None

Heap address: 0x0000000080000000, size: 2048 MB, Compressed Oops mode: 32-bit

CDS archive(s) mapped at: [0x000001ac13000000-0x000001ac13ba0000-0x000001ac13ba0000), size 12189696, SharedBaseAddress: 0x000001ac13000000, ArchiveRelocationMode: 1.
Compressed class space mapped at: 0x000001ac14000000-0x000001ac54000000, reserved size: 1073741824
Narrow klass base: 0x000001ac13000000, Narrow klass shift: 0, Narrow klass range: 0x100000000

GC Precious Log:
 CardTable entry size: 512
 CPUs: 8 total, 8 available
 Memory: 16122M
 Large Page Support: Disabled
 NUMA Support: Disabled
 Compressed Oops: Enabled (32-bit)
 Alignments: Space 512K, Generation 512K, Heap 2M
 Heap Min Capacity: 100M
 Heap Initial Capacity: 100M
 Heap Max Capacity: 2G
 Pre-touch: Disabled
 Parallel Workers: 8

Heap:
 PSYoungGen      total 29696K, used 512K [0x00000000d5580000, 0x00000000d7680000, 0x0000000100000000)
  eden space 25600K, 2% used [0x00000000d5580000,0x00000000d5600020,0x00000000d6e80000)
  from space 4096K, 0% used [0x00000000d7280000,0x00000000d7280000,0x00000000d7680000)
  to   space 4096K, 0% used [0x00000000d6e80000,0x00000000d6e80000,0x00000000d7280000)
 ParOldGen       total 68608K, used 0K [0x0000000080000000, 0x0000000084300000, 0x00000000d5580000)
  object space 68608K, 0% used [0x0000000080000000,0x0000000080000000,0x0000000084300000)
 Metaspace       used 0K, committed 0K, reserved 1048576K
  class space    used 0K, committed 0K, reserved 1048576K

Card table byte_map: [0x000001ac7bcf0000,0x000001ac7c100000] _byte_map_base: 0x000001ac7b8f0000

Marking Bits: (ParMarkBitMap*) 0x00007fff710f3450
 Begin Bits: [0x000001ac0f000000, 0x000001ac11000000)
 End Bits:   [0x000001ac11000000, 0x000001ac13000000)

Polling page: 0x000001ac7a210000

Metaspace:

Usage:
  Non-class:      0 bytes used.
      Class:      0 bytes used.
       Both:      0 bytes used.

Virtual space:
  Non-class space:        0 bytes reserved,       0 bytes (  ?%) committed,  0 nodes.
      Class space:        1.00 GB reserved,       0 bytes (  0%) committed,  1 nodes.
             Both:        1.00 GB reserved,       0 bytes (  0%) committed. 

Chunk freelists:
   Non-Class:  0 bytes
       Class:  16.00 MB
        Both:  16.00 MB

MaxMetaspaceSize: unlimited
CompressedClassSpaceSize: 1.00 GB
Initial GC threshold: 21.00 MB
Current GC threshold: 17179869184.00 GB
CDS: on
 - commit_granule_bytes: 65536.
 - commit_granule_words: 8192.
 - virtual_space_node_default_size: 8388608.
 - enlarge_chunks_in_place: 1.
 - use_allocation_guard: 0.


Internal statistics:

num_allocs_failed_limit: 0.
num_arena_births: 0.
num_arena_deaths: 0.
num_vsnodes_births: 1.
num_vsnodes_deaths: 0.
num_space_committed: 0.
num_space_uncommitted: 0.
num_chunks_returned_to_freelist: 0.
num_chunks_taken_from_freelist: 1.
num_chunk_merges: 0.
num_chunk_splits: 1.
num_chunks_enlarged: 0.
num_inconsistent_stats: 0.

CodeHeap 'non-profiled nmethods': size=120000Kb used=0Kb max_used=0Kb free=120000Kb
 bounds [0x000001ac07ad0000, 0x000001ac07d40000, 0x000001ac0f000000]
CodeHeap 'profiled nmethods': size=120000Kb used=0Kb max_used=0Kb free=120000Kb
 bounds [0x000001ac00000000, 0x000001ac00270000, 0x000001ac07530000]
CodeHeap 'non-nmethods': size=5760Kb used=199Kb max_used=348Kb free=5560Kb
 bounds [0x000001ac07530000, 0x000001ac077a0000, 0x000001ac07ad0000]
CodeCache: size=245760Kb, used=199Kb, max_used=348Kb, free=245560Kb
 total_blobs=70, nmethods=0, adapters=48, full_count=0
Compilation: enabled, stopped_count=0, restarted_count=0

Compilation events (0 events):
No events

GC Heap History (0 events):
No events

Dll operation events (1 events):
Event: 2.014 Loaded shared library c:\Users\86150\.vscode\extensions\redhat.java-1.54.0-win32-x64\jre\21.0.10-win32-x86_64\bin\java.dll

Deoptimization events (0 events):
No events

Classes loaded (0 events):
No events

Classes unloaded (0 events):
No events

Classes redefined (0 events):
No events

Internal exceptions (0 events):
No events

ZGC Phase Switch (0 events):
No events

VM Operations (0 events):
No events

Memory protections (0 events):
No events

Nmethod flushes (0 events):
No events

Events (1 events):
Event: 2.039 Thread 0x000001ac7c351710 Thread added: 0x000001ac7c351710


Dynamic libraries:
0x00007ff6e9fa0000 - 0x00007ff6e9fae000 	c:\Users\86150\.vscode\extensions\redhat.java-1.54.0-win32-x64\jre\21.0.10-win32-x86_64\bin\java.exe
0x00007ff8003c0000 - 0x00007ff800627000 	C:\WINDOWS\SYSTEM32\ntdll.dll
0x00007fffff1d0000 - 0x00007fffff299000 	C:\WINDOWS\System32\KERNEL32.DLL
0x00007ffffdbd0000 - 0x00007ffffdfc7000 	C:\WINDOWS\System32\KERNELBASE.dll
0x00007ffffd9c0000 - 0x00007ffffdb0b000 	C:\WINDOWS\System32\ucrtbase.dll
0x00007fffe57f0000 - 0x00007fffe5808000 	c:\Users\86150\.vscode\extensions\redhat.java-1.54.0-win32-x64\jre\21.0.10-win32-x86_64\bin\jli.dll
0x00007fffe5580000 - 0x00007fffe559e000 	c:\Users\86150\.vscode\extensions\redhat.java-1.54.0-win32-x64\jre\21.0.10-win32-x86_64\bin\VCRUNTIME140.dll
0x00007ff800150000 - 0x00007ff800316000 	C:\WINDOWS\System32\USER32.dll
0x00007ffffdfd0000 - 0x00007ffffdff7000 	C:\WINDOWS\System32\win32u.dll
0x00007ff800010000 - 0x00007ff80003b000 	C:\WINDOWS\System32\GDI32.dll
0x00007ffffe000000 - 0x00007ffffe12c000 	C:\WINDOWS\System32\gdi32full.dll
0x00007ffffd650000 - 0x00007ffffd6f3000 	C:\WINDOWS\System32\msvcp_win.dll
0x00007fffe52a0000 - 0x00007fffe5532000 	C:\WINDOWS\WinSxS\amd64_microsoft.windows.common-controls_6595b64144ccf1df_6.0.26100.8457_none_3e0b2faee331e92d\COMCTL32.dll
0x00007fffffd60000 - 0x00007fffffe09000 	C:\WINDOWS\System32\msvcrt.dll
0x00007fffff190000 - 0x00007fffff1c2000 	C:\WINDOWS\System32\IMM32.DLL
0x00007fffeb030000 - 0x00007fffeb03c000 	c:\Users\86150\.vscode\extensions\redhat.java-1.54.0-win32-x64\jre\21.0.10-win32-x86_64\bin\vcruntime140_1.dll
0x00007fffa1e80000 - 0x00007fffa1f0d000 	c:\Users\86150\.vscode\extensions\redhat.java-1.54.0-win32-x64\jre\21.0.10-win32-x86_64\bin\msvcp140.dll
0x00007fff70430000 - 0x00007fff711d1000 	c:\Users\86150\.vscode\extensions\redhat.java-1.54.0-win32-x64\jre\21.0.10-win32-x86_64\bin\server\jvm.dll
0x00007ffffe350000 - 0x00007ffffe406000 	C:\WINDOWS\System32\ADVAPI32.dll
0x00007ffffe670000 - 0x00007ffffe717000 	C:\WINDOWS\System32\sechost.dll
0x00007ffffe7a0000 - 0x00007ffffe8b8000 	C:\WINDOWS\System32\RPCRT4.dll
0x00007ffffe940000 - 0x00007ffffe9c0000 	C:\WINDOWS\System32\WS2_32.dll
0x00007ffffcc40000 - 0x00007ffffcc9e000 	C:\WINDOWS\SYSTEM32\POWRPROF.dll
0x00007ffff4aa0000 - 0x00007ffff4ad6000 	C:\WINDOWS\SYSTEM32\WINMM.dll
0x00007fffe6840000 - 0x00007fffe684b000 	C:\WINDOWS\SYSTEM32\VERSION.dll
0x00007ffffcc20000 - 0x00007ffffcc34000 	C:\WINDOWS\SYSTEM32\UMPDC.dll
0x00007ffffbb70000 - 0x00007ffffbb8b000 	C:\WINDOWS\SYSTEM32\kernel.appcore.dll
0x00007fffe5110000 - 0x00007fffe511a000 	c:\Users\86150\.vscode\extensions\redhat.java-1.54.0-win32-x64\jre\21.0.10-win32-x86_64\bin\jimage.dll
0x00007ffffae00000 - 0x00007ffffb042000 	C:\WINDOWS\SYSTEM32\DBGHELP.DLL
0x00007fffff9d0000 - 0x00007fffffd53000 	C:\WINDOWS\System32\combase.dll
0x00007fffff2a0000 - 0x00007fffff379000 	C:\WINDOWS\System32\OLEAUT32.dll
0x00007fffeccb0000 - 0x00007fffecceb000 	C:\WINDOWS\SYSTEM32\dbgcore.DLL
0x00007ffffd700000 - 0x00007ffffd7a8000 	C:\WINDOWS\System32\bcryptPrimitives.dll
0x00007fffe5100000 - 0x00007fffe510f000 	c:\Users\86150\.vscode\extensions\redhat.java-1.54.0-win32-x64\jre\21.0.10-win32-x86_64\bin\instrument.dll
0x00007fffe4cf0000 - 0x00007fffe4d10000 	c:\Users\86150\.vscode\extensions\redhat.java-1.54.0-win32-x64\jre\21.0.10-win32-x86_64\bin\java.dll

JVMTI agents:
c:\Users\86150\.vscode\extensions\redhat.java-1.54.0-win32-x64\lombok\lombok-1.18.39-4050.jar path:none, loaded, not initialized, instrumentlib options:none

dbghelp: loaded successfully - version: 4.0.5 - missing functions: none
symbol engine: initialized successfully - sym options: 0x614 - pdb path: .;c:\Users\86150\.vscode\extensions\redhat.java-1.54.0-win32-x64\jre\21.0.10-win32-x86_64\bin;C:\WINDOWS\SYSTEM32;C:\WINDOWS\WinSxS\amd64_microsoft.windows.common-controls_6595b64144ccf1df_6.0.26100.8457_none_3e0b2faee331e92d;c:\Users\86150\.vscode\extensions\redhat.java-1.54.0-win32-x64\jre\21.0.10-win32-x86_64\bin\server

VM Arguments:
jvm_args: --add-modules=ALL-SYSTEM --add-opens=java.base/java.util=ALL-UNNAMED --add-opens=java.base/java.lang=ALL-UNNAMED --add-opens=java.base/sun.nio.fs=ALL-UNNAMED -Declipse.application=org.eclipse.jdt.ls.core.id1 -Dosgi.bundles.defaultStartLevel=4 -Declipse.product=org.eclipse.jdt.ls.core.product -Djava.import.generatesMetadataFilesAtProjectRoot=false -DDetectVMInstallationsJob.disabled=true -Dfile.encoding=utf8 -XX:+UseParallelGC -XX:GCTimeRatio=4 -XX:AdaptiveSizePolicyWeight=90 -Dsun.zip.disableMemoryMapping=true -Xmx2G -Xms100m -Xlog:disable -javaagent:c:\Users\86150\.vscode\extensions\redhat.java-1.54.0-win32-x64\lombok\lombok-1.18.39-4050.jar -XX:+HeapDumpOnOutOfMemoryError -XX:HeapDumpPath=c:\Users\86150\AppData\Roaming\Code\User\workspaceStorage\2496f935dea6ed964180d4c8bef5434b\redhat.java -Daether.dependencyCollector.impl=bf 
java_command: c:\Users\86150\.vscode\extensions\redhat.java-1.54.0-win32-x64\server\plugins\org.eclipse.equinox.launcher_1.7.100.v20251111-0406.jar -configuration c:\Users\86150\AppData\Roaming\Code\User\globalStorage\redhat.java\1.54.0\config_win -data c:\Users\86150\AppData\Roaming\Code\User\workspaceStorage\2496f935dea6ed964180d4c8bef5434b\redhat.java\jdt_ws --pipe=\\.\pipe\lsp-141c77027e0ce20a5f1454b2187d91ad-sock
java_class_path (initial): c:\Users\86150\.vscode\extensions\redhat.java-1.54.0-win32-x64\server\plugins\org.eclipse.equinox.launcher_1.7.100.v20251111-0406.jar
Launcher Type: SUN_STANDARD

[Global flags]
    uintx AdaptiveSizePolicyWeight                 = 90                                        {product} {command line}
     intx CICompilerCount                          = 4                                         {product} {ergonomic}
    uintx GCTimeRatio                              = 4                                         {product} {command line}
     bool HeapDumpOnOutOfMemoryError               = true                                   {manageable} {command line}
    ccstr HeapDumpPath                             = c:\Users\86150\AppData\Roaming\Code\User\workspaceStorage\2496f935dea6ed964180d4c8bef5434b\redhat.java         {manageable} {command line}
   size_t InitialHeapSize                          = 104857600                                 {product} {command line}
   size_t MaxHeapSize                              = 2147483648                                {product} {command line}
   size_t MaxNewSize                               = 715653120                                 {product} {ergonomic}
   size_t MinHeapDeltaBytes                        = 524288                                    {product} {ergonomic}
   size_t MinHeapSize                              = 104857600                                 {product} {command line}
   size_t NewSize                                  = 34603008                                  {product} {ergonomic}
    uintx NonNMethodCodeHeapSize                   = 5839372                                {pd product} {ergonomic}
    uintx NonProfiledCodeHeapSize                  = 122909434                              {pd product} {ergonomic}
   size_t OldSize                                  = 70254592                                  {product} {ergonomic}
    uintx ProfiledCodeHeapSize                     = 122909434                              {pd product} {ergonomic}
    uintx ReservedCodeCacheSize                    = 251658240                              {pd product} {ergonomic}
     bool SegmentedCodeCache                       = true                                      {product} {ergonomic}
   size_t SoftMaxHeapSize                          = 2147483648                             {manageable} {ergonomic}
     bool UseCompressedOops                        = true                           {product lp64_product} {ergonomic}
     bool UseLargePagesIndividualAllocation        = false                                  {pd product} {ergonomic}
     bool UseParallelGC                            = true                                      {product} {command line}

Logging:
Log output configuration:
 #0: stdout all=off uptime,level,tags foldmultilines=false
 #1: stderr all=off uptime,level,tags foldmultilines=false

Release file:
<release file has not been read>
Environment Variables:
JAVA_HOME=D:\develop\jdk8
PATH=D:\develop\Microsoft VS Code;D:\wmware17.5.0\;D:\develop\jdk8\bin;D:\develop\jdk\bin;D:\develop\mysql-8.0.31-winx64\bin;C:\WINDOWS\system32;D:\develop\apache-maven-3.6.1-bin\apache-maven-3.6.1\bin;C:\WINDOWS;C:\WINDOWS\System32\Wbem;C:\WINDOWS\System32\WindowsPowerShell\v1.0\;C:\WINDOWS\System32\OpenSSH\;C:\Program Files\dotnet\;C:\Program Files\MySQL\MySQL Server 8.0\bin;C:\QQ\Bin;D:\develop\微信web开发者工具\dll;C:\Pro;ram Files\TortoiseSVN\bin;C:\Program Files\Git\cmd;D:\develop\xshell\;D:\develop\xftp\;D:\develop\nvm;C:\Program Files\nodejs;C:\Program Files (x86)\Google\Cloud SDK\google-cloud-sdk\bin;;C:\Program Files\Docker\Docker\resources\bin;D:\python\Scripts\;D:\python\;C:\Users\86150\AppData\Local\Microsoft\WindowsApps;D:\python\PyCharm Community Edition 2024.2.3\bin;D:\develop\Microsoft VS Code\bin;D:\develop\nvm;D:\develop;C:\Users\86150\AppData\Local\Microsoft\WindowsApps;D:\develop\nvm;C:\Program Files\nodejs;C:\Users\86150\AppData\Local\Microsoft\WinGet\Packages\JohnMacFarlane.Pandoc_Microsoft.Winget.Source_8wekyb3d8bbwe\pandoc-3.9.0.2;
USERNAME=86150
OS=Windows_NT
PROCESSOR_IDENTIFIER=Intel64 Family 6 Model 140 Stepping 2, GenuineIntel
TMP=C:\Users\86150\AppData\Local\Temp
TEMP=C:\Users\86150\AppData\Local\Temp




Periodic native trim disabled

---------------  S Y S T E M  ---------------

OS:
 Windows 11 , 64 bit Build 26100 (10.0.26100.8328)
OS uptime: 0 days 3:41 hours
Hyper-V role detected

CPU: total 8 (initial active 8) (4 cores per cpu, 2 threads per core) family 6 model 140 stepping 2 microcode 0x38, cx8, cmov, fxsr, ht, mmx, 3dnowpref, sse, sse2, sse3, ssse3, sse4.1, sse4.2, popcnt, lzcnt, tsc, tscinvbit, avx, avx2, aes, erms, clmul, bmi1, bmi2, adx, avx512f, avx512dq, avx512cd, avx512bw, avx512vl, sha, fma, vzeroupper, avx512_vpopcntdq, avx512_vpclmulqdq, avx512_vaes, avx512_vnni, clflush, clflushopt, clwb, avx512_vbmi2, avx512_vbmi, hv, rdtscp, rdpid, fsrm, gfni, avx512_bitalg, f16c, cet_ibt, cet_ss, avx512_ifma
Processor Information for the first 8 processors :
  Max Mhz: 2496, Current Mhz: 2496, Mhz Limit: 2496

Memory: 4k page, system-wide physical 16122M (2098M free)
TotalPageFile size 24314M (AvailPageFile size 39M)
current process WorkingSet (physical memory assigned to process): 28M, peak: 28M
current process commit charge ("private bytes"): 201M, peak: 202M

vm_info: OpenJDK 64-Bit Server VM (21.0.10+7-LTS) for windows-amd64 JRE (21.0.10+7-LTS), built on 2026-01-20T00:00:00Z by "admin" with MS VC++ 17.12 (VS2022)

END.
