#
# There is insufficient memory for the Java Runtime Environment to continue.
# Native memory allocation (malloc) failed to allocate 950768 bytes. Error detail: Chunk::new
# Possible reasons:
#   The system is out of physical RAM or swap space
#   This process is running with CompressedOops enabled, and the Java Heap may be blocking the growth of the native heap
# Possible solutions:
#   Reduce memory load on the system
#   Increase physical memory or swap space
#   Check if swap backing store is full
#   Decrease Java heap size (-Xmx/-Xms)
#   Decrease number of Java threads
#   Decrease Java thread stack sizes (-Xss)
#   Set larger code cache with -XX:ReservedCodeCacheSize=
#   JVM is running with Unscaled Compressed Oops mode in which the Java heap is
#     placed in the first 4GB address space. The Java Heap base address is the
#     maximum limit for the native heap growth. Please use -XX:HeapBaseMinAddress
#     to set the Java Heap base and to place the Java Heap above 4GB virtual address.
# This output file may be truncated or incomplete.
#
#  Out of Memory Error (arena.cpp:168), pid=13268, tid=32948
#
# JRE version: OpenJDK Runtime Environment Temurin-21.0.10+7 (21.0.10+7) (build 21.0.10+7-LTS)
# Java VM: OpenJDK 64-Bit Server VM Temurin-21.0.10+7 (21.0.10+7-LTS, mixed mode, sharing, tiered, compressed oops, compressed class ptrs, parallel gc, windows-amd64)
# No core dump will be written. Minidumps are not enabled by default on client versions of Windows
#

---------------  S U M M A R Y ------------

Command Line: --add-modules=ALL-SYSTEM --add-opens=java.base/java.util=ALL-UNNAMED --add-opens=java.base/java.lang=ALL-UNNAMED --add-opens=java.base/sun.nio.fs=ALL-UNNAMED -Declipse.application=org.eclipse.jdt.ls.core.id1 -Dosgi.bundles.defaultStartLevel=4 -Declipse.product=org.eclipse.jdt.ls.core.product -Djava.import.generatesMetadataFilesAtProjectRoot=false -DDetectVMInstallationsJob.disabled=true -Dfile.encoding=utf8 -XX:+UseParallelGC -XX:GCTimeRatio=4 -XX:AdaptiveSizePolicyWeight=90 -Dsun.zip.disableMemoryMapping=true -Xmx2G -Xms100m -Xlog:disable -javaagent:c:\Users\86150\.vscode\extensions\redhat.java-1.54.0-win32-x64\lombok\lombok-1.18.39-4050.jar c:\Users\86150\.vscode\extensions\redhat.java-1.54.0-win32-x64\server\plugins\org.eclipse.equinox.launcher_1.7.100.v20251111-0406.jar -configuration c:\Users\86150\AppData\Roaming\Code\User\globalStorage\redhat.java\1.54.0\config_ss_win -data c:\Users\86150\AppData\Roaming\Code\User\workspaceStorage\2496f935dea6ed964180d4c8bef5434b\redhat.java\ss_ws --pipe=\\.\pipe\lsp-65f5c4afd82967571c6354974c0d0f7e-sock

Host: 11th Gen Intel(R) Core(TM) i5-11320H @ 3.20GHz, 8 cores, 15G,  Windows 11 , 64 bit Build 26100 (10.0.26100.8328)
Time: Fri May 22 17:25:56 2026 elapsed time: 29.508667 seconds (0d 0h 0m 29s)

---------------  T H R E A D  ---------------

Current thread (0x0000016b73368880):  JavaThread "C2 CompilerThread1" daemon [_thread_in_native, id=32948, stack(0x0000005c49f00000,0x0000005c4a000000) (1024K)]


Current CompileTask:
C2:29508 4133       4       org.lombokweb.asm.ClassReader::readMethod (1070 bytes)

Stack: [0x0000005c49f00000,0x0000005c4a000000]
Native frames: (J=compiled Java code, j=interpreted, Vv=VM code, C=native code)
V  [jvm.dll+0x6d7a39]
V  [jvm.dll+0x8b4b26]
V  [jvm.dll+0x8b70de]
V  [jvm.dll+0x8b77c3]
V  [jvm.dll+0x284346]
V  [jvm.dll+0xc66ed]
V  [jvm.dll+0xc6c31]
V  [jvm.dll+0x3bec3b]
V  [jvm.dll+0x38b162]
V  [jvm.dll+0x38a5aa]
V  [jvm.dll+0x24c560]
V  [jvm.dll+0x24bb40]
V  [jvm.dll+0x1cb34e]
V  [jvm.dll+0x25b85d]
V  [jvm.dll+0x259dea]
V  [jvm.dll+0x3f857e]
V  [jvm.dll+0x85f59d]
V  [jvm.dll+0x6d626d]
C  [ucrtbase.dll+0x37b0]
C  [KERNEL32.DLL+0x2e957]
C  [ntdll.dll+0x427c]


---------------  P R O C E S S  ---------------

Threads class SMR info:
_java_thread_list=0x0000016b7215fc20, length=36, elements={
0x0000016b54ee0080, 0x0000016b54f9b490, 0x0000016b54f9e0e0, 0x0000016b6b95b740,
0x0000016b6b95c550, 0x0000016b6b961350, 0x0000016b6b968560, 0x0000016b6b9726e0,
0x0000016b6b989a30, 0x0000016b6b969280, 0x0000016b6b96acc0, 0x0000016b6b967ed0,
0x0000016b6b968bf0, 0x0000016b6b969910, 0x0000016b6b969fa0, 0x0000016b6b967840,
0x0000016b7228a500, 0x0000016b722897e0, 0x0000016b72289150, 0x0000016b72289e70,
0x0000016b72288ac0, 0x0000016b72287da0, 0x0000016b72288430, 0x0000016b72287080,
0x0000016b7228ab90, 0x0000016b72287710, 0x0000016b7228cc60, 0x0000016b7228bf40,
0x0000016b7228b220, 0x0000016b7228d2f0, 0x0000016b7228d980, 0x0000016b7228e6a0,
0x0000016b7228b8b0, 0x0000016b7228c5d0, 0x0000016b73368880, 0x0000016b6dbde330
}

Java Threads: ( => current thread )
  0x0000016b54ee0080 JavaThread "main"                              [_thread_blocked, id=29524, stack(0x0000005c47200000,0x0000005c47300000) (1024K)]
  0x0000016b54f9b490 JavaThread "Reference Handler"          daemon [_thread_blocked, id=1500, stack(0x0000005c47600000,0x0000005c47700000) (1024K)]
  0x0000016b54f9e0e0 JavaThread "Finalizer"                  daemon [_thread_blocked, id=20860, stack(0x0000005c47700000,0x0000005c47800000) (1024K)]
  0x0000016b6b95b740 JavaThread "Signal Dispatcher"          daemon [_thread_blocked, id=14032, stack(0x0000005c47800000,0x0000005c47900000) (1024K)]
  0x0000016b6b95c550 JavaThread "Attach Listener"            daemon [_thread_blocked, id=15772, stack(0x0000005c47900000,0x0000005c47a00000) (1024K)]
  0x0000016b6b961350 JavaThread "Service Thread"             daemon [_thread_blocked, id=25912, stack(0x0000005c47a00000,0x0000005c47b00000) (1024K)]
  0x0000016b6b968560 JavaThread "Monitor Deflation Thread"   daemon [_thread_blocked, id=19376, stack(0x0000005c47b00000,0x0000005c47c00000) (1024K)]
  0x0000016b6b9726e0 JavaThread "C2 CompilerThread0"         daemon [_thread_in_native, id=31084, stack(0x0000005c47c00000,0x0000005c47d00000) (1024K)]
  0x0000016b6b989a30 JavaThread "C1 CompilerThread0"         daemon [_thread_blocked, id=12072, stack(0x0000005c47d00000,0x0000005c47e00000) (1024K)]
  0x0000016b6b969280 JavaThread "Common-Cleaner"             daemon [_thread_blocked, id=32800, stack(0x0000005c47e00000,0x0000005c47f00000) (1024K)]
  0x0000016b6b96acc0 JavaThread "Notification Thread"        daemon [_thread_blocked, id=25196, stack(0x0000005c47f00000,0x0000005c48000000) (1024K)]
  0x0000016b6b967ed0 JavaThread "Active Thread: Equinox Container: 38795e4b-4ea2-4084-9de1-f150fc76d53b"        [_thread_blocked, id=30032, stack(0x0000005c48000000,0x0000005c48100000) (1024K)]
  0x0000016b6b968bf0 JavaThread "Framework Event Dispatcher: Equinox Container: 38795e4b-4ea2-4084-9de1-f150fc76d53b" daemon [_thread_blocked, id=22128, stack(0x0000005c48800000,0x0000005c48900000) (1024K)]
  0x0000016b6b969910 JavaThread "Start Level: Equinox Container: 38795e4b-4ea2-4084-9de1-f150fc76d53b" daemon [_thread_blocked, id=2852, stack(0x0000005c48900000,0x0000005c48a00000) (1024K)]
  0x0000016b6b969fa0 JavaThread "SCR Component Actor"        daemon [_thread_blocked, id=27600, stack(0x0000005c48a00000,0x0000005c48b00000) (1024K)]
  0x0000016b6b967840 JavaThread "Worker-JM"                         [_thread_blocked, id=32352, stack(0x0000005c48c00000,0x0000005c48d00000) (1024K)]
  0x0000016b7228a500 JavaThread "JNA Cleaner"                daemon [_thread_blocked, id=32196, stack(0x0000005c48b00000,0x0000005c48c00000) (1024K)]
  0x0000016b722897e0 JavaThread "Worker-0"                          [_thread_blocked, id=6248, stack(0x0000005c48d00000,0x0000005c48e00000) (1024K)]
  0x0000016b72289150 JavaThread "Worker-1: Building"                [_thread_in_Java, id=3264, stack(0x0000005c48e00000,0x0000005c48f00000) (1024K)]
  0x0000016b72289e70 JavaThread "Worker-2"                          [_thread_blocked, id=24668, stack(0x0000005c49200000,0x0000005c49300000) (1024K)]
  0x0000016b72288ac0 JavaThread "Thread-1"                   daemon [_thread_in_native, id=15096, stack(0x0000005c49300000,0x0000005c49400000) (1024K)]
  0x0000016b72287da0 JavaThread "Thread-2"                   daemon [_thread_in_native, id=20412, stack(0x0000005c49400000,0x0000005c49500000) (1024K)]
  0x0000016b72288430 JavaThread "Thread-3"                   daemon [_thread_in_native, id=29496, stack(0x0000005c49500000,0x0000005c49600000) (1024K)]
  0x0000016b72287080 JavaThread "Thread-4"                   daemon [_thread_in_native, id=16008, stack(0x0000005c49600000,0x0000005c49700000) (1024K)]
  0x0000016b7228ab90 JavaThread "Thread-5"                   daemon [_thread_in_native, id=27824, stack(0x0000005c49700000,0x0000005c49800000) (1024K)]
  0x0000016b72287710 JavaThread "Thread-6"                   daemon [_thread_in_native, id=31264, stack(0x0000005c49800000,0x0000005c49900000) (1024K)]
  0x0000016b7228cc60 JavaThread "Thread-7"                   daemon [_thread_in_native, id=2948, stack(0x0000005c49900000,0x0000005c49a00000) (1024K)]
  0x0000016b7228bf40 JavaThread "Thread-8"                   daemon [_thread_in_native, id=26600, stack(0x0000005c49a00000,0x0000005c49b00000) (1024K)]
  0x0000016b7228b220 JavaThread "Thread-9"                   daemon [_thread_in_native, id=31708, stack(0x0000005c49b00000,0x0000005c49c00000) (1024K)]
  0x0000016b7228d2f0 JavaThread "pool-2-thread-1"                   [_thread_blocked, id=32688, stack(0x0000005c49c00000,0x0000005c49d00000) (1024K)]
  0x0000016b7228d980 JavaThread "WorkspaceEventsHandler"            [_thread_blocked, id=33004, stack(0x0000005c49d00000,0x0000005c49e00000) (1024K)]
  0x0000016b7228e6a0 JavaThread "pool-1-thread-1"                   [_thread_in_native, id=25328, stack(0x0000005c49e00000,0x0000005c49f00000) (1024K)]
  0x0000016b7228b8b0 JavaThread "ForkJoinPool.commonPool-worker-1" daemon [_thread_blocked, id=2376, stack(0x0000005c48f00000,0x0000005c49000000) (1024K)]
  0x0000016b7228c5d0 JavaThread "Compiler Source File Reader" daemon [_thread_blocked, id=29004, stack(0x0000005c4a000000,0x0000005c4a100000) (1024K)]
=>0x0000016b73368880 JavaThread "C2 CompilerThread1"         daemon [_thread_in_native, id=32948, stack(0x0000005c49f00000,0x0000005c4a000000) (1024K)]
  0x0000016b6dbde330 JavaThread "C2 CompilerThread2"         daemon [_thread_in_native, id=28576, stack(0x0000005c4a100000,0x0000005c4a200000) (1024K)]
Total: 36

Other Threads:
  0x0000016b6b9533d0 VMThread "VM Thread"                           [id=33760, stack(0x0000005c47500000,0x0000005c47600000) (1024K)]
  0x0000016b6b86c950 WatcherThread "VM Periodic Task Thread"        [id=20432, stack(0x0000005c47400000,0x0000005c47500000) (1024K)]
  0x0000016b54efebd0 WorkerThread "GC Thread#0"                     [id=8572, stack(0x0000005c47300000,0x0000005c47400000) (1024K)]
  0x0000016b6dc8f420 WorkerThread "GC Thread#1"                     [id=25968, stack(0x0000005c48100000,0x0000005c48200000) (1024K)]
  0x0000016b6dc8f7d0 WorkerThread "GC Thread#2"                     [id=2480, stack(0x0000005c48200000,0x0000005c48300000) (1024K)]
  0x0000016b6dc88750 WorkerThread "GC Thread#3"                     [id=29904, stack(0x0000005c48300000,0x0000005c48400000) (1024K)]
  0x0000016b6dc88b00 WorkerThread "GC Thread#4"                     [id=22252, stack(0x0000005c48400000,0x0000005c48500000) (1024K)]
  0x0000016b6dc88eb0 WorkerThread "GC Thread#5"                     [id=20576, stack(0x0000005c48500000,0x0000005c48600000) (1024K)]
  0x0000016b6db53150 WorkerThread "GC Thread#6"                     [id=32216, stack(0x0000005c48600000,0x0000005c48700000) (1024K)]
  0x0000016b6da0abb0 WorkerThread "GC Thread#7"                     [id=25064, stack(0x0000005c48700000,0x0000005c48800000) (1024K)]
Total: 10

Threads with active compile tasks:
C2 CompilerThread0  30536 4167       4       org.lombokweb.asm.SymbolTable::<init> (554 bytes)
C2 CompilerThread1  30536 4133       4       org.lombokweb.asm.ClassReader::readMethod (1070 bytes)
C2 CompilerThread2  30536 4152 %     4       org.lombokweb.asm.ClassReader::readCode @ 2037 (5117 bytes)
Total: 3

VM state: not at safepoint (normal execution)

VM Mutex/Monitor currently owned by a thread: None

Heap address: 0x0000000080000000, size: 2048 MB, Compressed Oops mode: 32-bit

CDS archive(s) mapped at: [0x0000016b00000000-0x0000016b00ba0000-0x0000016b00ba0000), size 12189696, SharedBaseAddress: 0x0000016b00000000, ArchiveRelocationMode: 1.
Compressed class space mapped at: 0x0000016b01000000-0x0000016b41000000, reserved size: 1073741824
Narrow klass base: 0x0000016b00000000, Narrow klass shift: 0, Narrow klass range: 0x100000000

GC Precious Log:
 CardTable entry size: 512
 CPUs: 8 total, 8 available
 Memory: 16122M
 Large Page Support: Disabled
 NUMA Support: Disabled
 Compressed Oops: Enabled (32-bit)
 Alignments: Space 512K, Generation 512K, Heap 2M
 Heap Min Capacity: 100M
 Heap Initial Capacity: 100M
 Heap Max Capacity: 2G
 Pre-touch: Disabled
 Parallel Workers: 8

Heap:
 PSYoungGen      total 22528K, used 9798K [0x00000000d5580000, 0x00000000d6f00000, 0x0000000100000000)
  eden space 20992K, 40% used [0x00000000d5580000,0x00000000d5de1b08,0x00000000d6a00000)
  from space 1536K, 79% used [0x00000000d6d80000,0x00000000d6eafda0,0x00000000d6f00000)
  to   space 2048K, 0% used [0x00000000d6b00000,0x00000000d6b00000,0x00000000d6d00000)
 ParOldGen       total 68608K, used 22503K [0x0000000080000000, 0x0000000084300000, 0x00000000d5580000)
  object space 68608K, 32% used [0x0000000080000000,0x00000000815f9f28,0x0000000084300000)
 Metaspace       used 38065K, committed 38976K, reserved 1114112K
  class space    used 3835K, committed 4224K, reserved 1048576K

Card table byte_map: [0x0000016b548b0000,0x0000016b54cc0000] _byte_map_base: 0x0000016b544b0000

Marking Bits: (ParMarkBitMap*) 0x00007ff83a733450
 Begin Bits: [0x0000016b67390000, 0x0000016b69390000)
 End Bits:   [0x0000016b69390000, 0x0000016b6b390000)

Polling page: 0x0000016b546a0000

Metaspace:

Usage:
  Non-class:     33.43 MB used.
      Class:      3.75 MB used.
       Both:     37.17 MB used.

Virtual space:
  Non-class space:       64.00 MB reserved,      33.94 MB ( 53%) committed,  1 nodes.
      Class space:        1.00 GB reserved,       4.12 MB ( <1%) committed,  1 nodes.
             Both:        1.06 GB reserved,      38.06 MB (  3%) committed. 

Chunk freelists:
   Non-Class:  13.42 MB
       Class:  11.78 MB
        Both:  25.20 MB

MaxMetaspaceSize: unlimited
CompressedClassSpaceSize: 1.00 GB
Initial GC threshold: 21.00 MB
Current GC threshold: 58.38 MB
CDS: on
 - commit_granule_bytes: 65536.
 - commit_granule_words: 8192.
 - virtual_space_node_default_size: 8388608.
 - enlarge_chunks_in_place: 1.
 - use_allocation_guard: 0.


Internal statistics:

num_allocs_failed_limit: 6.
num_arena_births: 610.
num_arena_deaths: 14.
num_vsnodes_births: 2.
num_vsnodes_deaths: 0.
num_space_committed: 609.
num_space_uncommitted: 0.
num_chunks_returned_to_freelist: 20.
num_chunks_taken_from_freelist: 2145.
num_chunk_merges: 7.
num_chunk_splits: 1390.
num_chunks_enlarged: 904.
num_inconsistent_stats: 0.

CodeHeap 'non-profiled nmethods': size=120000Kb used=1903Kb max_used=2041Kb free=118096Kb
 bounds [0x0000016b5fbb0000, 0x0000016b5fe20000, 0x0000016b670e0000]
CodeHeap 'profiled nmethods': size=120000Kb used=7992Kb max_used=8457Kb free=112007Kb
 bounds [0x0000016b580e0000, 0x0000016b58950000, 0x0000016b5f610000]
CodeHeap 'non-nmethods': size=5760Kb used=1389Kb max_used=1427Kb free=4370Kb
 bounds [0x0000016b5f610000, 0x0000016b5f880000, 0x0000016b5fbb0000]
CodeCache: size=245760Kb, used=11284Kb, max_used=11925Kb, free=234473Kb
 total_blobs=4448, nmethods=3769, adapters=585, full_count=0
Compilation: enabled, stopped_count=0, restarted_count=0

Compilation events (20 events):
Event: 24.256 Thread 0x0000016b6b989a30 4165       3       lombok.patcher.MethodLogistics::loadOpcodeFor (145 bytes)
Event: 24.257 Thread 0x0000016b6b989a30 nmethod 4165 0x0000016b5839f790 code [0x0000016b5839fa40, 0x0000016b583a06b8]
Event: 24.273 Thread 0x0000016b6b9726e0 nmethod 4148 0x0000016b5fca8610 code [0x0000016b5fca8880, 0x0000016b5fca94b8]
Event: 24.273 Thread 0x0000016b6b9726e0 4167       4       org.lombokweb.asm.SymbolTable::<init> (554 bytes)
Event: 24.284 Thread 0x0000016b6b989a30 4170       3       org.lombokweb.asm.SymbolTable::getConstantMethodHandleSymbolData (16 bytes)
Event: 24.284 Thread 0x0000016b6b989a30 nmethod 4170 0x0000016b58317f90 code [0x0000016b58318140, 0x0000016b583182c0]
Event: 24.284 Thread 0x0000016b6b989a30 4171       3       org.lombokweb.asm.SymbolTable::hash (23 bytes)
Event: 24.284 Thread 0x0000016b6b989a30 nmethod 4171 0x0000016b58416210 code [0x0000016b584163e0, 0x0000016b584165a8]
Event: 24.290 Thread 0x0000016b6b989a30 4172       3       org.lombokweb.asm.MethodVisitor::visitEnd (15 bytes)
Event: 24.290 Thread 0x0000016b6b989a30 nmethod 4172 0x0000016b585d4690 code [0x0000016b585d4840, 0x0000016b585d4a48]
Event: 24.292 Thread 0x0000016b6b989a30 4173       3       org.lombokweb.asm.MethodVisitor::visitCode (15 bytes)
Event: 24.292 Thread 0x0000016b6b989a30 nmethod 4173 0x0000016b581ff110 code [0x0000016b581ff2c0, 0x0000016b581ff4c8]
Event: 24.292 Thread 0x0000016b6b989a30 4175       3       org.lombokweb.asm.MethodVisitor::visitMaxs (17 bytes)
Event: 24.292 Thread 0x0000016b6b989a30 nmethod 4175 0x0000016b58113d10 code [0x0000016b58113ec0, 0x0000016b581140c8]
Event: 24.292 Thread 0x0000016b6b989a30 4174       3       org.lombokweb.asm.ByteVector::put122 (93 bytes)
Event: 24.292 Thread 0x0000016b6b989a30 nmethod 4174 0x0000016b5812ef90 code [0x0000016b5812f140, 0x0000016b5812f3b8]
Event: 24.305 Thread 0x0000016b6b989a30 4177       3       org.lombokweb.asm.MethodWriter::visitLdcInsn (215 bytes)
Event: 24.306 Thread 0x0000016b6b989a30 nmethod 4177 0x0000016b58193310 code [0x0000016b581935a0, 0x0000016b581940a0]
Event: 24.370 Thread 0x0000016b6b989a30 4178   !   3       org.eclipse.osgi.internal.loader.BundleLoader::isDynamicallyImported (150 bytes)
Event: 24.371 Thread 0x0000016b6b989a30 nmethod 4178 0x0000016b582baa10 code [0x0000016b582bac60, 0x0000016b582bb5d0]

GC Heap History (20 events):
Event: 9.928 GC heap before
{Heap before GC invocations=7 (full 1):
 PSYoungGen      total 29696K, used 4516K [0x00000000d5580000, 0x00000000d7780000, 0x0000000100000000)
  eden space 25088K, 0% used [0x00000000d5580000,0x00000000d5580000,0x00000000d6e00000)
  from space 4608K, 98% used [0x00000000d7300000,0x00000000d77690e8,0x00000000d7780000)
  to   space 4608K, 0% used [0x00000000d6e80000,0x00000000d6e80000,0x00000000d7300000)
 ParOldGen       total 68608K, used 5313K [0x0000000080000000, 0x0000000084300000, 0x00000000d5580000)
  object space 68608K, 7% used [0x0000000080000000,0x00000000805304b8,0x0000000084300000)
 Metaspace       used 20832K, committed 21504K, reserved 1114112K
  class space    used 2075K, committed 2368K, reserved 1048576K
}
Event: 9.957 GC heap after
{Heap after GC invocations=7 (full 1):
 PSYoungGen      total 29696K, used 0K [0x00000000d5580000, 0x00000000d7780000, 0x0000000100000000)
  eden space 25088K, 0% used [0x00000000d5580000,0x00000000d5580000,0x00000000d6e00000)
  from space 4608K, 0% used [0x00000000d7300000,0x00000000d7300000,0x00000000d7780000)
  to   space 4608K, 0% used [0x00000000d6e80000,0x00000000d6e80000,0x00000000d7300000)
 ParOldGen       total 68608K, used 9367K [0x0000000080000000, 0x0000000084300000, 0x00000000d5580000)
  object space 68608K, 13% used [0x0000000080000000,0x0000000080925df0,0x0000000084300000)
 Metaspace       used 20819K, committed 21504K, reserved 1114112K
  class space    used 2072K, committed 2368K, reserved 1048576K
}
Event: 10.908 GC heap before
{Heap before GC invocations=8 (full 1):
 PSYoungGen      total 29696K, used 25088K [0x00000000d5580000, 0x00000000d7780000, 0x0000000100000000)
  eden space 25088K, 100% used [0x00000000d5580000,0x00000000d6e00000,0x00000000d6e00000)
  from space 4608K, 0% used [0x00000000d7300000,0x00000000d7300000,0x00000000d7780000)
  to   space 4608K, 0% used [0x00000000d6e80000,0x00000000d6e80000,0x00000000d7300000)
 ParOldGen       total 68608K, used 9367K [0x0000000080000000, 0x0000000084300000, 0x00000000d5580000)
  object space 68608K, 13% used [0x0000000080000000,0x0000000080925df0,0x0000000084300000)
 Metaspace       used 23139K, committed 23808K, reserved 1114112K
  class space    used 2244K, committed 2560K, reserved 1048576K
}
Event: 10.911 GC heap after
{Heap after GC invocations=8 (full 1):
 PSYoungGen      total 27136K, used 2376K [0x00000000d5580000, 0x00000000d7480000, 0x0000000100000000)
  eden space 24576K, 0% used [0x00000000d5580000,0x00000000d5580000,0x00000000d6d80000)
  from space 2560K, 92% used [0x00000000d6e80000,0x00000000d70d22b0,0x00000000d7100000)
  to   space 3584K, 0% used [0x00000000d7100000,0x00000000d7100000,0x00000000d7480000)
 ParOldGen       total 68608K, used 9375K [0x0000000080000000, 0x0000000084300000, 0x00000000d5580000)
  object space 68608K, 13% used [0x0000000080000000,0x0000000080927df0,0x0000000084300000)
 Metaspace       used 23139K, committed 23808K, reserved 1114112K
  class space    used 2244K, committed 2560K, reserved 1048576K
}
Event: 11.551 GC heap before
{Heap before GC invocations=9 (full 1):
 PSYoungGen      total 27136K, used 26952K [0x00000000d5580000, 0x00000000d7480000, 0x0000000100000000)
  eden space 24576K, 100% used [0x00000000d5580000,0x00000000d6d80000,0x00000000d6d80000)
  from space 2560K, 92% used [0x00000000d6e80000,0x00000000d70d22b0,0x00000000d7100000)
  to   space 3584K, 0% used [0x00000000d7100000,0x00000000d7100000,0x00000000d7480000)
 ParOldGen       total 68608K, used 9375K [0x0000000080000000, 0x0000000084300000, 0x00000000d5580000)
  object space 68608K, 13% used [0x0000000080000000,0x0000000080927df0,0x0000000084300000)
 Metaspace       used 26720K, committed 27584K, reserved 1114112K
  class space    used 2637K, committed 3008K, reserved 1048576K
}
Event: 11.554 GC heap after
{Heap after GC invocations=9 (full 1):
 PSYoungGen      total 26624K, used 3583K [0x00000000d5580000, 0x00000000d7700000, 0x0000000100000000)
  eden space 23040K, 0% used [0x00000000d5580000,0x00000000d5580000,0x00000000d6c00000)
  from space 3584K, 99% used [0x00000000d7100000,0x00000000d747fc88,0x00000000d7480000)
  to   space 5120K, 0% used [0x00000000d6c00000,0x00000000d6c00000,0x00000000d7100000)
 ParOldGen       total 68608K, used 10364K [0x0000000080000000, 0x0000000084300000, 0x00000000d5580000)
  object space 68608K, 15% used [0x0000000080000000,0x0000000080a1f330,0x0000000084300000)
 Metaspace       used 26720K, committed 27584K, reserved 1114112K
  class space    used 2637K, committed 3008K, reserved 1048576K
}
Event: 14.003 GC heap before
{Heap before GC invocations=10 (full 1):
 PSYoungGen      total 26624K, used 26623K [0x00000000d5580000, 0x00000000d7700000, 0x0000000100000000)
  eden space 23040K, 100% used [0x00000000d5580000,0x00000000d6c00000,0x00000000d6c00000)
  from space 3584K, 99% used [0x00000000d7100000,0x00000000d747fc88,0x00000000d7480000)
  to   space 5120K, 0% used [0x00000000d6c00000,0x00000000d6c00000,0x00000000d7100000)
 ParOldGen       total 68608K, used 10364K [0x0000000080000000, 0x0000000084300000, 0x00000000d5580000)
  object space 68608K, 15% used [0x0000000080000000,0x0000000080a1f330,0x0000000084300000)
 Metaspace       used 29685K, committed 30592K, reserved 1114112K
  class space    used 2980K, committed 3392K, reserved 1048576K
}
Event: 14.007 GC heap after
{Heap after GC invocations=10 (full 1):
 PSYoungGen      total 27648K, used 4929K [0x00000000d5580000, 0x00000000d7580000, 0x0000000100000000)
  eden space 22528K, 0% used [0x00000000d5580000,0x00000000d5580000,0x00000000d6b80000)
  from space 5120K, 96% used [0x00000000d6c00000,0x00000000d70d07f0,0x00000000d7100000)
  to   space 4608K, 0% used [0x00000000d7100000,0x00000000d7100000,0x00000000d7580000)
 ParOldGen       total 68608K, used 10372K [0x0000000080000000, 0x0000000084300000, 0x00000000d5580000)
  object space 68608K, 15% used [0x0000000080000000,0x0000000080a21330,0x0000000084300000)
 Metaspace       used 29685K, committed 30592K, reserved 1114112K
  class space    used 2980K, committed 3392K, reserved 1048576K
}
Event: 22.856 GC heap before
{Heap before GC invocations=11 (full 1):
 PSYoungGen      total 27648K, used 27424K [0x00000000d5580000, 0x00000000d7580000, 0x0000000100000000)
  eden space 22528K, 99% used [0x00000000d5580000,0x00000000d6b77948,0x00000000d6b80000)
  from space 5120K, 96% used [0x00000000d6c00000,0x00000000d70d07f0,0x00000000d7100000)
  to   space 4608K, 0% used [0x00000000d7100000,0x00000000d7100000,0x00000000d7580000)
 ParOldGen       total 68608K, used 10372K [0x0000000080000000, 0x0000000084300000, 0x00000000d5580000)
  object space 68608K, 15% used [0x0000000080000000,0x0000000080a21330,0x0000000084300000)
 Metaspace       used 32985K, committed 33856K, reserved 1114112K
  class space    used 3384K, committed 3776K, reserved 1048576K
}
Event: 22.859 GC heap after
{Heap after GC invocations=11 (full 1):
 PSYoungGen      total 25088K, used 2611K [0x00000000d5580000, 0x00000000d7400000, 0x0000000100000000)
  eden space 22016K, 0% used [0x00000000d5580000,0x00000000d5580000,0x00000000d6b00000)
  from space 3072K, 85% used [0x00000000d7100000,0x00000000d738cd00,0x00000000d7400000)
  to   space 3584K, 0% used [0x00000000d6d00000,0x00000000d6d00000,0x00000000d7080000)
 ParOldGen       total 68608K, used 13845K [0x0000000080000000, 0x0000000084300000, 0x00000000d5580000)
  object space 68608K, 20% used [0x0000000080000000,0x0000000080d85630,0x0000000084300000)
 Metaspace       used 32985K, committed 33856K, reserved 1114112K
  class space    used 3384K, committed 3776K, reserved 1048576K
}
Event: 23.508 GC heap before
{Heap before GC invocations=12 (full 1):
 PSYoungGen      total 25088K, used 24206K [0x00000000d5580000, 0x00000000d7400000, 0x0000000100000000)
  eden space 22016K, 98% used [0x00000000d5580000,0x00000000d6a96ba0,0x00000000d6b00000)
  from space 3072K, 85% used [0x00000000d7100000,0x00000000d738cd00,0x00000000d7400000)
  to   space 3584K, 0% used [0x00000000d6d00000,0x00000000d6d00000,0x00000000d7080000)
 ParOldGen       total 68608K, used 13845K [0x0000000080000000, 0x0000000084300000, 0x00000000d5580000)
  object space 68608K, 20% used [0x0000000080000000,0x0000000080d85630,0x0000000084300000)
 Metaspace       used 35057K, committed 35840K, reserved 1114112K
  class space    used 3551K, committed 3904K, reserved 1048576K
}
Event: 23.510 GC heap after
{Heap after GC invocations=12 (full 1):
 PSYoungGen      total 23040K, used 731K [0x00000000d5580000, 0x00000000d7180000, 0x0000000100000000)
  eden space 22016K, 0% used [0x00000000d5580000,0x00000000d5580000,0x00000000d6b00000)
  from space 1024K, 71% used [0x00000000d6d00000,0x00000000d6db6d38,0x00000000d6e00000)
  to   space 2048K, 0% used [0x00000000d6f80000,0x00000000d6f80000,0x00000000d7180000)
 ParOldGen       total 68608K, used 16289K [0x0000000080000000, 0x0000000084300000, 0x00000000d5580000)
  object space 68608K, 23% used [0x0000000080000000,0x0000000080fe8600,0x0000000084300000)
 Metaspace       used 35057K, committed 35840K, reserved 1114112K
  class space    used 3551K, committed 3904K, reserved 1048576K
}
Event: 23.510 GC heap before
{Heap before GC invocations=13 (full 2):
 PSYoungGen      total 23040K, used 731K [0x00000000d5580000, 0x00000000d7180000, 0x0000000100000000)
  eden space 22016K, 0% used [0x00000000d5580000,0x00000000d5580000,0x00000000d6b00000)
  from space 1024K, 71% used [0x00000000d6d00000,0x00000000d6db6d38,0x00000000d6e00000)
  to   space 2048K, 0% used [0x00000000d6f80000,0x00000000d6f80000,0x00000000d7180000)
 ParOldGen       total 68608K, used 16289K [0x0000000080000000, 0x0000000084300000, 0x00000000d5580000)
  object space 68608K, 23% used [0x0000000080000000,0x0000000080fe8600,0x0000000084300000)
 Metaspace       used 35057K, committed 35840K, reserved 1114112K
  class space    used 3551K, committed 3904K, reserved 1048576K
}
Event: 23.542 GC heap after
{Heap after GC invocations=13 (full 2):
 PSYoungGen      total 23040K, used 0K [0x00000000d5580000, 0x00000000d7180000, 0x0000000100000000)
  eden space 22016K, 0% used [0x00000000d5580000,0x00000000d5580000,0x00000000d6b00000)
  from space 1024K, 0% used [0x00000000d6d00000,0x00000000d6d00000,0x00000000d6e00000)
  to   space 2048K, 0% used [0x00000000d6f80000,0x00000000d6f80000,0x00000000d7180000)
 ParOldGen       total 68608K, used 16217K [0x0000000080000000, 0x0000000084300000, 0x00000000d5580000)
  object space 68608K, 23% used [0x0000000080000000,0x0000000080fd65a8,0x0000000084300000)
 Metaspace       used 35057K, committed 35840K, reserved 1114112K
  class space    used 3551K, committed 3904K, reserved 1048576K
}
Event: 24.042 GC heap before
{Heap before GC invocations=14 (full 2):
 PSYoungGen      total 23040K, used 22016K [0x00000000d5580000, 0x00000000d7180000, 0x0000000100000000)
  eden space 22016K, 100% used [0x00000000d5580000,0x00000000d6b00000,0x00000000d6b00000)
  from space 1024K, 0% used [0x00000000d6d00000,0x00000000d6d00000,0x00000000d6e00000)
  to   space 2048K, 0% used [0x00000000d6f80000,0x00000000d6f80000,0x00000000d7180000)
 ParOldGen       total 68608K, used 16217K [0x0000000080000000, 0x0000000084300000, 0x00000000d5580000)
  object space 68608K, 23% used [0x0000000080000000,0x0000000080fd65a8,0x0000000084300000)
 Metaspace       used 36373K, committed 37312K, reserved 1114112K
  class space    used 3688K, committed 4096K, reserved 1048576K
}
Event: 24.044 GC heap after
{Heap after GC invocations=14 (full 2):
 PSYoungGen      total 23040K, used 2019K [0x00000000d5580000, 0x00000000d7600000, 0x0000000100000000)
  eden space 20992K, 0% used [0x00000000d5580000,0x00000000d5580000,0x00000000d6a00000)
  from space 2048K, 98% used [0x00000000d6f80000,0x00000000d7178f10,0x00000000d7180000)
  to   space 5632K, 0% used [0x00000000d6a00000,0x00000000d6a00000,0x00000000d6f80000)
 ParOldGen       total 68608K, used 18695K [0x0000000080000000, 0x0000000084300000, 0x00000000d5580000)
  object space 68608K, 27% used [0x0000000080000000,0x0000000081241ce0,0x0000000084300000)
 Metaspace       used 36373K, committed 37312K, reserved 1114112K
  class space    used 3688K, committed 4096K, reserved 1048576K
}
Event: 24.169 GC heap before
{Heap before GC invocations=15 (full 2):
 PSYoungGen      total 23040K, used 23011K [0x00000000d5580000, 0x00000000d7600000, 0x0000000100000000)
  eden space 20992K, 100% used [0x00000000d5580000,0x00000000d6a00000,0x00000000d6a00000)
  from space 2048K, 98% used [0x00000000d6f80000,0x00000000d7178f10,0x00000000d7180000)
  to   space 5632K, 0% used [0x00000000d6a00000,0x00000000d6a00000,0x00000000d6f80000)
 ParOldGen       total 68608K, used 18695K [0x0000000080000000, 0x0000000084300000, 0x00000000d5580000)
  object space 68608K, 27% used [0x0000000080000000,0x0000000081241ce0,0x0000000084300000)
 Metaspace       used 36656K, committed 37504K, reserved 1114112K
  class space    used 3708K, committed 4096K, reserved 1048576K
}
Event: 24.171 GC heap after
{Heap after GC invocations=15 (full 2):
 PSYoungGen      total 24064K, used 2816K [0x00000000d5580000, 0x00000000d7100000, 0x0000000100000000)
  eden space 20992K, 0% used [0x00000000d5580000,0x00000000d5580000,0x00000000d6a00000)
  from space 3072K, 91% used [0x00000000d6a00000,0x00000000d6cc01e0,0x00000000d6d00000)
  to   space 3584K, 0% used [0x00000000d6d80000,0x00000000d6d80000,0x00000000d7100000)
 ParOldGen       total 68608K, used 20699K [0x0000000080000000, 0x0000000084300000, 0x00000000d5580000)
  object space 68608K, 30% used [0x0000000080000000,0x0000000081436c98,0x0000000084300000)
 Metaspace       used 36656K, committed 37504K, reserved 1114112K
  class space    used 3708K, committed 4096K, reserved 1048576K
}
Event: 24.296 GC heap before
{Heap before GC invocations=16 (full 2):
 PSYoungGen      total 24064K, used 23808K [0x00000000d5580000, 0x00000000d7100000, 0x0000000100000000)
  eden space 20992K, 100% used [0x00000000d5580000,0x00000000d6a00000,0x00000000d6a00000)
  from space 3072K, 91% used [0x00000000d6a00000,0x00000000d6cc01e0,0x00000000d6d00000)
  to   space 3584K, 0% used [0x00000000d6d80000,0x00000000d6d80000,0x00000000d7100000)
 ParOldGen       total 68608K, used 20699K [0x0000000080000000, 0x0000000084300000, 0x00000000d5580000)
  object space 68608K, 30% used [0x0000000080000000,0x0000000081436c98,0x0000000084300000)
 Metaspace       used 36924K, committed 37760K, reserved 1114112K
  class space    used 3741K, committed 4096K, reserved 1048576K
}
Event: 24.298 GC heap after
{Heap after GC invocations=16 (full 2):
 PSYoungGen      total 22528K, used 1215K [0x00000000d5580000, 0x00000000d6f00000, 0x0000000100000000)
  eden space 20992K, 0% used [0x00000000d5580000,0x00000000d5580000,0x00000000d6a00000)
  from space 1536K, 79% used [0x00000000d6d80000,0x00000000d6eafda0,0x00000000d6f00000)
  to   space 2048K, 0% used [0x00000000d6b00000,0x00000000d6b00000,0x00000000d6d00000)
 ParOldGen       total 68608K, used 22503K [0x0000000080000000, 0x0000000084300000, 0x00000000d5580000)
  object space 68608K, 32% used [0x0000000080000000,0x00000000815f9f28,0x0000000084300000)
 Metaspace       used 36924K, committed 37760K, reserved 1114112K
  class space    used 3741K, committed 4096K, reserved 1048576K
}

Dll operation events (10 events):
Event: 0.015 Loaded shared library c:\Users\86150\.vscode\extensions\redhat.java-1.54.0-win32-x64\jre\21.0.10-win32-x86_64\bin\java.dll
Event: 0.059 Loaded shared library c:\Users\86150\.vscode\extensions\redhat.java-1.54.0-win32-x64\jre\21.0.10-win32-x86_64\bin\zip.dll
Event: 0.145 Loaded shared library C:\Users\86150\.vscode\extensions\redhat.java-1.54.0-win32-x64\jre\21.0.10-win32-x86_64\bin\instrument.dll
Event: 0.151 Loaded shared library C:\Users\86150\.vscode\extensions\redhat.java-1.54.0-win32-x64\jre\21.0.10-win32-x86_64\bin\net.dll
Event: 0.155 Loaded shared library C:\Users\86150\.vscode\extensions\redhat.java-1.54.0-win32-x64\jre\21.0.10-win32-x86_64\bin\nio.dll
Event: 0.159 Loaded shared library C:\Users\86150\.vscode\extensions\redhat.java-1.54.0-win32-x64\jre\21.0.10-win32-x86_64\bin\zip.dll
Event: 0.185 Loaded shared library C:\Users\86150\.vscode\extensions\redhat.java-1.54.0-win32-x64\jre\21.0.10-win32-x86_64\bin\jimage.dll
Event: 0.331 Loaded shared library c:\Users\86150\.vscode\extensions\redhat.java-1.54.0-win32-x64\jre\21.0.10-win32-x86_64\bin\verify.dll
Event: 3.788 Loaded shared library C:\Users\86150\AppData\Roaming\Code\User\globalStorage\redhat.java\1.54.0\config_ss_win\org.eclipse.equinox.launcher\org.eclipse.equinox.launcher.win32.win32.x86_64_1.3.0.v20260203-2149\eclipse_11919.dll
Event: 9.052 Loaded shared library C:\Users\86150\AppData\Local\Temp\jna-53374670\jna2635428336153421799.dll

Deoptimization events (20 events):
Event: 24.145 Thread 0x0000016b7228e6a0 Uncommon trap: trap_request=0xffffffde fr.pc=0x0000016b5fcfa5bc relative=0x000000000000649c
Event: 24.145 Thread 0x0000016b7228e6a0 Uncommon trap: reason=class_check action=maybe_recompile pc=0x0000016b5fcfa5bc method=lombok.patcher.PatchScript$MethodPatcher.visitMethod(ILjava/lang/String;Ljava/lang/String;Ljava/lang/String;[Ljava/lang/String;)Lorg/lombokweb/asm/MethodVisitor; @ 101 c
Event: 24.145 Thread 0x0000016b7228e6a0 DEOPT PACKING pc=0x0000016b5fcfa5bc sp=0x0000005c49efa0b0
Event: 24.145 Thread 0x0000016b7228e6a0 DEOPT UNPACKING pc=0x0000016b5f666da2 sp=0x0000005c49efa008 mode 2
Event: 24.145 Thread 0x0000016b7228e6a0 Uncommon trap: trap_request=0xffffffde fr.pc=0x0000016b5fcfa5bc relative=0x000000000000649c
Event: 24.145 Thread 0x0000016b7228e6a0 Uncommon trap: reason=class_check action=maybe_recompile pc=0x0000016b5fcfa5bc method=lombok.patcher.PatchScript$MethodPatcher.visitMethod(ILjava/lang/String;Ljava/lang/String;Ljava/lang/String;[Ljava/lang/String;)Lorg/lombokweb/asm/MethodVisitor; @ 101 c
Event: 24.145 Thread 0x0000016b7228e6a0 DEOPT PACKING pc=0x0000016b5fcfa5bc sp=0x0000005c49efa0b0
Event: 24.145 Thread 0x0000016b7228e6a0 DEOPT UNPACKING pc=0x0000016b5f666da2 sp=0x0000005c49efa008 mode 2
Event: 24.258 Thread 0x0000016b7228e6a0 DEOPT PACKING pc=0x0000016b5860cd71 sp=0x0000005c49efa130
Event: 24.258 Thread 0x0000016b7228e6a0 DEOPT UNPACKING pc=0x0000016b5f6678e2 sp=0x0000005c49ef96d8 mode 0
Event: 24.269 Thread 0x0000016b7228e6a0 DEOPT PACKING pc=0x0000016b5860cd71 sp=0x0000005c49efa130
Event: 24.270 Thread 0x0000016b7228e6a0 DEOPT UNPACKING pc=0x0000016b5f6678e2 sp=0x0000005c49ef96d8 mode 0
Event: 24.279 Thread 0x0000016b7228e6a0 DEOPT PACKING pc=0x0000016b5860cd71 sp=0x0000005c49efa130
Event: 24.279 Thread 0x0000016b7228e6a0 DEOPT UNPACKING pc=0x0000016b5f6678e2 sp=0x0000005c49ef96d8 mode 0
Event: 24.283 Thread 0x0000016b7228e6a0 DEOPT PACKING pc=0x0000016b5860cd71 sp=0x0000005c49efa130
Event: 24.283 Thread 0x0000016b7228e6a0 DEOPT UNPACKING pc=0x0000016b5f6678e2 sp=0x0000005c49ef96d8 mode 0
Event: 24.289 Thread 0x0000016b7228e6a0 DEOPT PACKING pc=0x0000016b5860cd71 sp=0x0000005c49efa130
Event: 24.289 Thread 0x0000016b7228e6a0 DEOPT UNPACKING pc=0x0000016b5f6678e2 sp=0x0000005c49ef96d8 mode 0
Event: 24.304 Thread 0x0000016b7228e6a0 DEOPT PACKING pc=0x0000016b5860cd71 sp=0x0000005c49efa130
Event: 24.304 Thread 0x0000016b7228e6a0 DEOPT UNPACKING pc=0x0000016b5f6678e2 sp=0x0000005c49ef96d8 mode 0

Classes loaded (20 events):
Event: 20.029 Loading class java/util/concurrent/CancellationException
Event: 20.029 Loading class java/util/concurrent/CancellationException done
Event: 20.030 Loading class java/util/concurrent/CompletableFuture$UniAccept
Event: 20.030 Loading class java/util/concurrent/CompletableFuture$UniAccept done
Event: 20.030 Loading class java/util/concurrent/CompletableFuture$UniExceptionally
Event: 20.030 Loading class java/util/concurrent/CompletableFuture$UniExceptionally done
Event: 20.060 Loading class java/nio/file/InvalidPathException
Event: 20.060 Loading class java/nio/file/InvalidPathException done
Event: 20.489 Loading class java/lang/ExceptionInInitializerError
Event: 20.489 Loading class java/lang/ExceptionInInitializerError done
Event: 20.686 Loading class sun/misc/Unsafe
Event: 20.687 Loading class sun/misc/Unsafe done
Event: 20.761 Loading class java/util/WeakHashMap$KeyIterator
Event: 20.761 Loading class java/util/WeakHashMap$KeyIterator done
Event: 22.889 Loading class java/util/zip/CheckedInputStream
Event: 22.889 Loading class java/util/zip/CheckedInputStream done
Event: 23.402 Loading class java/util/Vector$1
Event: 23.402 Loading class java/util/Vector$1 done
Event: 23.794 Loading class java/util/regex/Pattern$Caret
Event: 23.794 Loading class java/util/regex/Pattern$Caret done

Classes unloaded (7 events):
Event: 9.932 Thread 0x0000016b6b9533d0 Unloading class 0x0000016b01191800 'java/lang/invoke/LambdaForm$MH+0x0000016b01191800'
Event: 9.932 Thread 0x0000016b6b9533d0 Unloading class 0x0000016b01191400 'java/lang/invoke/LambdaForm$MH+0x0000016b01191400'
Event: 9.932 Thread 0x0000016b6b9533d0 Unloading class 0x0000016b01191000 'java/lang/invoke/LambdaForm$MH+0x0000016b01191000'
Event: 9.932 Thread 0x0000016b6b9533d0 Unloading class 0x0000016b01190c00 'java/lang/invoke/LambdaForm$MH+0x0000016b01190c00'
Event: 9.932 Thread 0x0000016b6b9533d0 Unloading class 0x0000016b01190800 'java/lang/invoke/LambdaForm$BMH+0x0000016b01190800'
Event: 9.932 Thread 0x0000016b6b9533d0 Unloading class 0x0000016b01190400 'java/lang/invoke/LambdaForm$DMH+0x0000016b01190400'
Event: 9.932 Thread 0x0000016b6b9533d0 Unloading class 0x0000016b0118f400 'java/lang/invoke/LambdaForm$DMH+0x0000016b0118f400'

Classes redefined (0 events):
No events

Internal exceptions (20 events):
Event: 11.662 Thread 0x0000016b722897e0 Exception <a 'java/lang/NoSuchMethodError'{0x00000000d5f0cd78}: 'java.lang.Object java.lang.invoke.DirectMethodHandle$Holder.invokeSpecial(java.lang.Object, java.lang.Object, java.lang.Object, java.lang.Object, int)'> (0x00000000d5f0cd78) 
thrown [s\src\hotspot\share\interpreter\linkResolver.cpp, line 773]
Event: 11.662 Thread 0x0000016b722897e0 Exception <a 'java/lang/NoSuchMethodError'{0x00000000d5f24468}: 'java.lang.Object java.lang.invoke.Invokers$Holder.linkToTargetMethod(java.lang.Object, java.lang.Object, int, java.lang.Object)'> (0x00000000d5f24468) 
thrown [s\src\hotspot\share\interpreter\linkResolver.cpp, line 773]
Event: 11.664 Thread 0x0000016b722897e0 Exception <a 'java/lang/NoSuchMethodError'{0x00000000d5f58460}: 'void java.lang.invoke.DirectMethodHandle$Holder.invokeStaticInit(java.lang.Object, java.lang.Object, java.lang.Object)'> (0x00000000d5f58460) 
thrown [s\src\hotspot\share\interpreter\linkResolver.cpp, line 773]
Event: 11.692 Thread 0x0000016b54ee0080 Exception <a 'java/lang/NoSuchMethodError'{0x00000000d615c308}: 'void java.lang.invoke.DirectMethodHandle$Holder.invokeSpecial(java.lang.Object, java.lang.Object, java.lang.Object, java.lang.Object, java.lang.Object, java.lang.Object)'> (0x00000000d615c308) 
thrown [s\src\hotspot\share\interpreter\linkResolver.cpp, line 773]
Event: 11.693 Thread 0x0000016b54ee0080 Exception <a 'java/lang/IncompatibleClassChangeError'{0x00000000d6164448}: Found class java.lang.Object, but interface was expected> (0x00000000d6164448) 
thrown [s\src\hotspot\share\interpreter\linkResolver.cpp, line 840]
Event: 11.694 Thread 0x0000016b54ee0080 Exception <a 'java/lang/IncompatibleClassChangeError'{0x00000000d61661f8}: Found class java.lang.Object, but interface was expected> (0x00000000d61661f8) 
thrown [s\src\hotspot\share\interpreter\linkResolver.cpp, line 840]
Event: 13.955 Thread 0x0000016b7228e6a0 Exception <a 'java/lang/NoSuchMethodError'{0x00000000d6736ed0}: 'java.lang.Object java.lang.invoke.DirectMethodHandle$Holder.invokeInterface(java.lang.Object, java.lang.Object, java.lang.Object)'> (0x00000000d6736ed0) 
thrown [s\src\hotspot\share\interpreter\linkResolver.cpp, line 773]
Event: 13.993 Thread 0x0000016b7228e6a0 Exception <a 'java/io/FileNotFoundException'{0x00000000d67d9ec8}> (0x00000000d67d9ec8) 
thrown [s\src\hotspot\share\prims\jni.cpp, line 520]
Event: 14.049 Thread 0x0000016b7228e6a0 Exception <a 'sun/nio/fs/WindowsException'{0x00000000d5733db8}> (0x00000000d5733db8) 
thrown [s\src\hotspot\share\prims\jni.cpp, line 520]
Event: 19.378 Thread 0x0000016b7228e6a0 Exception <a 'java/lang/IncompatibleClassChangeError'{0x00000000d5a07990}: Found class java.lang.Object, but interface was expected> (0x00000000d5a07990) 
thrown [s\src\hotspot\share\interpreter\linkResolver.cpp, line 840]
Event: 20.017 Thread 0x0000016b7228e6a0 Exception <a 'java/lang/IncompatibleClassChangeError'{0x00000000d5b0a218}: Found class java.lang.Object, but interface was expected> (0x00000000d5b0a218) 
thrown [s\src\hotspot\share\interpreter\linkResolver.cpp, line 840]
Event: 20.694 Thread 0x0000016b7228e6a0 Exception <a 'java/lang/NoSuchMethodError'{0x00000000d646b7f0}: 'java.lang.Object java.lang.invoke.DirectMethodHandle$Holder.invokeVirtual(java.lang.Object, java.lang.Object, int)'> (0x00000000d646b7f0) 
thrown [s\src\hotspot\share\interpreter\linkResolver.cpp, line 773]
Event: 20.695 Thread 0x0000016b7228e6a0 Implicit null exception at 0x0000016b5fd3ca77 to 0x0000016b5fd3cce8
Event: 21.785 Thread 0x0000016b7228e6a0 Exception <a 'java/io/FileNotFoundException'{0x00000000d6697570}> (0x00000000d6697570) 
thrown [s\src\hotspot\share\prims\jni.cpp, line 520]
Event: 21.786 Thread 0x0000016b7228e6a0 Exception <a 'java/io/FileNotFoundException'{0x00000000d6698b48}> (0x00000000d6698b48) 
thrown [s\src\hotspot\share\prims\jni.cpp, line 520]
Event: 21.786 Thread 0x0000016b7228e6a0 Exception <a 'java/io/FileNotFoundException'{0x00000000d6699d50}> (0x00000000d6699d50) 
thrown [s\src\hotspot\share\prims\jni.cpp, line 520]
Event: 22.871 Thread 0x0000016b72289150 Exception <a 'java/io/FileNotFoundException'{0x00000000d5666378}> (0x00000000d5666378) 
thrown [s\src\hotspot\share\prims\jni.cpp, line 520]
Event: 22.872 Thread 0x0000016b72289150 Exception <a 'java/io/FileNotFoundException'{0x00000000d5667bd8}> (0x00000000d5667bd8) 
thrown [s\src\hotspot\share\prims\jni.cpp, line 520]
Event: 22.872 Thread 0x0000016b72289150 Exception <a 'java/io/FileNotFoundException'{0x00000000d5668df8}> (0x00000000d5668df8) 
thrown [s\src\hotspot\share\prims\jni.cpp, line 520]
Event: 24.209 Thread 0x0000016b72289150 Exception <a 'java/lang/NoSuchMethodError'{0x00000000d59f7ab0}: 'int java.lang.invoke.DirectMethodHandle$Holder.invokeSpecialIFC(java.lang.Object, java.lang.Object, java.lang.Object)'> (0x00000000d59f7ab0) 
thrown [s\src\hotspot\share\interpreter\linkResolver.cpp, line 773]

ZGC Phase Switch (0 events):
No events

VM Operations (20 events):
Event: 20.052 Executing safepoint VM operation: Cleanup
Event: 20.052 Executing safepoint VM operation: Cleanup done
Event: 20.462 Executing non-safepoint VM operation: HandshakeAllThreads (Deoptimize)
Event: 20.462 Executing non-safepoint VM operation: HandshakeAllThreads (Deoptimize) done
Event: 21.467 Executing safepoint VM operation: Cleanup
Event: 21.783 Executing safepoint VM operation: Cleanup done
Event: 22.785 Executing safepoint VM operation: Cleanup
Event: 22.852 Executing safepoint VM operation: Cleanup done
Event: 22.856 Executing safepoint VM operation: ParallelGCFailedAllocation (Allocation Failure)
Event: 22.859 Executing safepoint VM operation: ParallelGCFailedAllocation (Allocation Failure) done
Event: 23.508 Executing safepoint VM operation: CollectForMetadataAllocation (Metadata GC Threshold)
Event: 23.542 Executing safepoint VM operation: CollectForMetadataAllocation (Metadata GC Threshold) done
Event: 24.042 Executing safepoint VM operation: ParallelGCFailedAllocation (Allocation Failure)
Event: 24.044 Executing safepoint VM operation: ParallelGCFailedAllocation (Allocation Failure) done
Event: 24.151 Executing safepoint VM operation: ParallelGCFailedAllocation (Allocation Failure)
Event: 24.171 Executing safepoint VM operation: ParallelGCFailedAllocation (Allocation Failure) done
Event: 24.296 Executing safepoint VM operation: ParallelGCFailedAllocation (Allocation Failure)
Event: 24.298 Executing safepoint VM operation: ParallelGCFailedAllocation (Allocation Failure) done
Event: 26.303 Executing safepoint VM operation: Cleanup
Event: 26.303 Executing safepoint VM operation: Cleanup done

Memory protections (0 events):
No events

Nmethod flushes (20 events):
Event: 23.523 Thread 0x0000016b6b9533d0 flushing  nmethod 0x0000016b58467190
Event: 23.523 Thread 0x0000016b6b9533d0 flushing  nmethod 0x0000016b584be790
Event: 23.523 Thread 0x0000016b6b9533d0 flushing  nmethod 0x0000016b584bec10
Event: 23.523 Thread 0x0000016b6b9533d0 flushing  nmethod 0x0000016b584c5390
Event: 23.523 Thread 0x0000016b6b9533d0 flushing  nmethod 0x0000016b58519190
Event: 23.523 Thread 0x0000016b6b9533d0 flushing  nmethod 0x0000016b58538f90
Event: 23.523 Thread 0x0000016b6b9533d0 flushing  nmethod 0x0000016b58539990
Event: 23.523 Thread 0x0000016b6b9533d0 flushing  nmethod 0x0000016b58540a90
Event: 23.523 Thread 0x0000016b6b9533d0 flushing  nmethod 0x0000016b58583090
Event: 23.523 Thread 0x0000016b6b9533d0 flushing  nmethod 0x0000016b58592490
Event: 23.523 Thread 0x0000016b6b9533d0 flushing  nmethod 0x0000016b585bdd90
Event: 23.523 Thread 0x0000016b6b9533d0 flushing  nmethod 0x0000016b585be190
Event: 23.523 Thread 0x0000016b6b9533d0 flushing  nmethod 0x0000016b585c5410
Event: 23.523 Thread 0x0000016b6b9533d0 flushing  nmethod 0x0000016b585c6710
Event: 23.523 Thread 0x0000016b6b9533d0 flushing  nmethod 0x0000016b585c7f90
Event: 23.523 Thread 0x0000016b6b9533d0 flushing  nmethod 0x0000016b585c8d90
Event: 23.523 Thread 0x0000016b6b9533d0 flushing  nmethod 0x0000016b585d0710
Event: 23.523 Thread 0x0000016b6b9533d0 flushing  nmethod 0x0000016b585d3110
Event: 23.523 Thread 0x0000016b6b9533d0 flushing  nmethod 0x0000016b585d4690
Event: 23.523 Thread 0x0000016b6b9533d0 flushing  nmethod 0x0000016b585d9a10

Events (20 events):
Event: 11.475 Thread 0x0000016b54ee0080 Thread added: 0x0000016b72287080
Event: 11.475 Thread 0x0000016b54ee0080 Thread added: 0x0000016b7228ab90
Event: 11.475 Thread 0x0000016b54ee0080 Thread added: 0x0000016b72287710
Event: 11.475 Thread 0x0000016b54ee0080 Thread added: 0x0000016b7228cc60
Event: 11.475 Thread 0x0000016b54ee0080 Thread added: 0x0000016b7228bf40
Event: 11.475 Thread 0x0000016b54ee0080 Thread added: 0x0000016b7228b220
Event: 11.510 Thread 0x0000016b54ee0080 Thread added: 0x0000016b7228d2f0
Event: 11.710 Thread 0x0000016b54ee0080 Thread added: 0x0000016b7228d980
Event: 11.711 Thread 0x0000016b54ee0080 Thread added: 0x0000016b7228e6a0
Event: 12.518 Thread 0x0000016b72aad710 Thread exited: 0x0000016b72aad710
Event: 13.962 Thread 0x0000016b6b989a30 Thread added: 0x0000016b72819330
Event: 14.249 Thread 0x0000016b72819330 Thread exited: 0x0000016b72819330
Event: 20.030 Thread 0x0000016b7228e6a0 Thread added: 0x0000016b7228b8b0
Event: 22.901 Thread 0x0000016b6b989a30 Thread added: 0x0000016b73368880
Event: 23.304 Thread 0x0000016b72289150 Thread added: 0x0000016b7228c5d0
Event: 23.313 Thread 0x0000016b6b989a30 Thread added: 0x0000016b726a98b0
Event: 23.590 Thread 0x0000016b726a98b0 Thread exited: 0x0000016b726a98b0
Event: 23.590 Thread 0x0000016b73368880 Thread exited: 0x0000016b73368880
Event: 24.117 Thread 0x0000016b6b989a30 Thread added: 0x0000016b73368880
Event: 24.192 Thread 0x0000016b6b989a30 Thread added: 0x0000016b6dbde330


Dynamic libraries:
0x00007ff6ee310000 - 0x00007ff6ee31e000 	c:\Users\86150\.vscode\extensions\redhat.java-1.54.0-win32-x64\jre\21.0.10-win32-x86_64\bin\java.exe
0x00007ff931660000 - 0x00007ff9318c7000 	C:\WINDOWS\SYSTEM32\ntdll.dll
0x00007ff92f3e0000 - 0x00007ff92f4a9000 	C:\WINDOWS\System32\KERNEL32.DLL
0x00007ff92e1c0000 - 0x00007ff92e5b7000 	C:\WINDOWS\System32\KERNELBASE.dll
0x00007ff92f1e0000 - 0x00007ff92f32b000 	C:\WINDOWS\System32\ucrtbase.dll
0x00007ff901b50000 - 0x00007ff901b6e000 	c:\Users\86150\.vscode\extensions\redhat.java-1.54.0-win32-x64\jre\21.0.10-win32-x86_64\bin\VCRUNTIME140.dll
0x00007ff901b30000 - 0x00007ff901b48000 	c:\Users\86150\.vscode\extensions\redhat.java-1.54.0-win32-x64\jre\21.0.10-win32-x86_64\bin\jli.dll
0x00007ff92feb0000 - 0x00007ff930076000 	C:\WINDOWS\System32\USER32.dll
0x00007ff92f030000 - 0x00007ff92f057000 	C:\WINDOWS\System32\win32u.dll
0x00007ff9311b0000 - 0x00007ff9311db000 	C:\WINDOWS\System32\GDI32.dll
0x00007ff908b20000 - 0x00007ff908db2000 	C:\WINDOWS\WinSxS\amd64_microsoft.windows.common-controls_6595b64144ccf1df_6.0.26100.8457_none_3e0b2faee331e92d\COMCTL32.dll
0x00007ff930080000 - 0x00007ff930129000 	C:\WINDOWS\System32\msvcrt.dll
0x00007ff92e090000 - 0x00007ff92e1bc000 	C:\WINDOWS\System32\gdi32full.dll
0x00007ff92e5c0000 - 0x00007ff92e663000 	C:\WINDOWS\System32\msvcp_win.dll
0x00007ff9305a0000 - 0x00007ff9305d2000 	C:\WINDOWS\System32\IMM32.DLL
0x00007ff918830000 - 0x00007ff91883c000 	c:\Users\86150\.vscode\extensions\redhat.java-1.54.0-win32-x64\jre\21.0.10-win32-x86_64\bin\vcruntime140_1.dll
0x00007ff898c20000 - 0x00007ff898cad000 	c:\Users\86150\.vscode\extensions\redhat.java-1.54.0-win32-x64\jre\21.0.10-win32-x86_64\bin\msvcp140.dll
0x00007ff839a70000 - 0x00007ff83a811000 	c:\Users\86150\.vscode\extensions\redhat.java-1.54.0-win32-x64\jre\21.0.10-win32-x86_64\bin\server\jvm.dll
0x00007ff9305e0000 - 0x00007ff930696000 	C:\WINDOWS\System32\ADVAPI32.dll
0x00007ff930700000 - 0x00007ff9307a7000 	C:\WINDOWS\System32\sechost.dll
0x00007ff92f4b0000 - 0x00007ff92f5c8000 	C:\WINDOWS\System32\RPCRT4.dll
0x00007ff931590000 - 0x00007ff931610000 	C:\WINDOWS\System32\WS2_32.dll
0x00007ff92def0000 - 0x00007ff92df4e000 	C:\WINDOWS\SYSTEM32\POWRPROF.dll
0x00007ff9289a0000 - 0x00007ff9289d6000 	C:\WINDOWS\SYSTEM32\WINMM.dll
0x00007ff9225a0000 - 0x00007ff9225ab000 	C:\WINDOWS\SYSTEM32\VERSION.dll
0x00007ff92ded0000 - 0x00007ff92dee4000 	C:\WINDOWS\SYSTEM32\UMPDC.dll
0x00007ff92ce20000 - 0x00007ff92ce3b000 	C:\WINDOWS\SYSTEM32\kernel.appcore.dll
0x00007ff9180b0000 - 0x00007ff9180ba000 	c:\Users\86150\.vscode\extensions\redhat.java-1.54.0-win32-x64\jre\21.0.10-win32-x86_64\bin\jimage.dll
0x00007ff92c0b0000 - 0x00007ff92c2f2000 	C:\WINDOWS\SYSTEM32\DBGHELP.DLL
0x00007ff931200000 - 0x00007ff931583000 	C:\WINDOWS\System32\combase.dll
0x00007ff930410000 - 0x00007ff9304e9000 	C:\WINDOWS\System32\OLEAUT32.dll
0x00007ff928960000 - 0x00007ff92899b000 	C:\WINDOWS\SYSTEM32\dbgcore.DLL
0x00007ff92f330000 - 0x00007ff92f3d8000 	C:\WINDOWS\System32\bcryptPrimitives.dll
0x00007ff906fc0000 - 0x00007ff906fcf000 	c:\Users\86150\.vscode\extensions\redhat.java-1.54.0-win32-x64\jre\21.0.10-win32-x86_64\bin\instrument.dll
0x00007ff8ecfb0000 - 0x00007ff8ecfd0000 	c:\Users\86150\.vscode\extensions\redhat.java-1.54.0-win32-x64\jre\21.0.10-win32-x86_64\bin\java.dll
0x00007ff9307b0000 - 0x00007ff930f1e000 	C:\WINDOWS\System32\SHELL32.dll
0x00007ff92e670000 - 0x00007ff92eedc000 	C:\WINDOWS\System32\windows.storage.dll
0x00007ff931090000 - 0x00007ff931186000 	C:\WINDOWS\System32\SHCORE.dll
0x00007ff9304f0000 - 0x00007ff930556000 	C:\WINDOWS\System32\shlwapi.dll
0x00007ff92dfb0000 - 0x00007ff92dfd9000 	C:\WINDOWS\SYSTEM32\profapi.dll
0x00007ff8ecf60000 - 0x00007ff8ecf78000 	c:\Users\86150\.vscode\extensions\redhat.java-1.54.0-win32-x64\jre\21.0.10-win32-x86_64\bin\zip.dll
0x00007ff906f90000 - 0x00007ff906fa0000 	C:\Users\86150\.vscode\extensions\redhat.java-1.54.0-win32-x64\jre\21.0.10-win32-x86_64\bin\net.dll
0x00007ff925e70000 - 0x00007ff925f99000 	C:\WINDOWS\SYSTEM32\WINHTTP.dll
0x00007ff92d390000 - 0x00007ff92d3fc000 	C:\WINDOWS\system32\mswsock.dll
0x00007ff8ec8a0000 - 0x00007ff8ec8b6000 	C:\Users\86150\.vscode\extensions\redhat.java-1.54.0-win32-x64\jre\21.0.10-win32-x86_64\bin\nio.dll
0x00007ff906bf0000 - 0x00007ff906c00000 	c:\Users\86150\.vscode\extensions\redhat.java-1.54.0-win32-x64\jre\21.0.10-win32-x86_64\bin\verify.dll
0x00007ff899590000 - 0x00007ff8995d5000 	C:\Users\86150\AppData\Roaming\Code\User\globalStorage\redhat.java\1.54.0\config_ss_win\org.eclipse.equinox.launcher\org.eclipse.equinox.launcher.win32.win32.x86_64_1.3.0.v20260203-2149\eclipse_11919.dll
0x00007ff9301f0000 - 0x00007ff930387000 	C:\WINDOWS\System32\ole32.dll
0x00007ff92d670000 - 0x00007ff92d68b000 	C:\WINDOWS\SYSTEM32\CRYPTSP.dll
0x00007ff92cd80000 - 0x00007ff92cdb9000 	C:\WINDOWS\system32\rsaenh.dll
0x00007ff92d440000 - 0x00007ff92d473000 	C:\WINDOWS\SYSTEM32\USERENV.dll
0x00007ff92df80000 - 0x00007ff92dfaa000 	C:\WINDOWS\SYSTEM32\bcrypt.dll
0x00007ff92d690000 - 0x00007ff92d69c000 	C:\WINDOWS\SYSTEM32\CRYPTBASE.dll
0x00007ff92c960000 - 0x00007ff92c992000 	C:\WINDOWS\SYSTEM32\IPHLPAPI.DLL
0x00007ff9311a0000 - 0x00007ff9311aa000 	C:\WINDOWS\System32\NSI.dll
0x00007ff89c800000 - 0x00007ff89c849000 	C:\Users\86150\AppData\Local\Temp\jna-53374670\jna2635428336153421799.dll
0x00007ff930590000 - 0x00007ff930598000 	C:\WINDOWS\System32\PSAPI.DLL
0x00007ff926160000 - 0x00007ff92617d000 	C:\WINDOWS\SYSTEM32\dhcpcsvc6.DLL
0x00007ff926130000 - 0x00007ff926155000 	C:\WINDOWS\SYSTEM32\dhcpcsvc.DLL

JVMTI agents:
c:\Users\86150\.vscode\extensions\redhat.java-1.54.0-win32-x64\lombok\lombok-1.18.39-4050.jar path:c:\Users\86150\.vscode\extensions\redhat.java-1.54.0-win32-x64\jre\21.0.10-win32-x86_64\bin\instrument.dll, loaded, initialized, instrumentlib options:none

dbghelp: loaded successfully - version: 4.0.5 - missing functions: none
symbol engine: initialized successfully - sym options: 0x614 - pdb path: .;c:\Users\86150\.vscode\extensions\redhat.java-1.54.0-win32-x64\jre\21.0.10-win32-x86_64\bin;C:\WINDOWS\SYSTEM32;C:\WINDOWS\WinSxS\amd64_microsoft.windows.common-controls_6595b64144ccf1df_6.0.26100.8457_none_3e0b2faee331e92d;c:\Users\86150\.vscode\extensions\redhat.java-1.54.0-win32-x64\jre\21.0.10-win32-x86_64\bin\server;C:\Users\86150\AppData\Roaming\Code\User\globalStorage\redhat.java\1.54.0\config_ss_win\org.eclipse.equinox.launcher\org.eclipse.equinox.launcher.win32.win32.x86_64_1.3.0.v20260203-2149;C:\Users\86150\AppData\Local\Temp\jna-53374670

VM Arguments:
jvm_args: --add-modules=ALL-SYSTEM --add-opens=java.base/java.util=ALL-UNNAMED --add-opens=java.base/java.lang=ALL-UNNAMED --add-opens=java.base/sun.nio.fs=ALL-UNNAMED -Declipse.application=org.eclipse.jdt.ls.core.id1 -Dosgi.bundles.defaultStartLevel=4 -Declipse.product=org.eclipse.jdt.ls.core.product -Djava.import.generatesMetadataFilesAtProjectRoot=false -DDetectVMInstallationsJob.disabled=true -Dfile.encoding=utf8 -XX:+UseParallelGC -XX:GCTimeRatio=4 -XX:AdaptiveSizePolicyWeight=90 -Dsun.zip.disableMemoryMapping=true -Xmx2G -Xms100m -Xlog:disable -javaagent:c:\Users\86150\.vscode\extensions\redhat.java-1.54.0-win32-x64\lombok\lombok-1.18.39-4050.jar 
java_command: c:\Users\86150\.vscode\extensions\redhat.java-1.54.0-win32-x64\server\plugins\org.eclipse.equinox.launcher_1.7.100.v20251111-0406.jar -configuration c:\Users\86150\AppData\Roaming\Code\User\globalStorage\redhat.java\1.54.0\config_ss_win -data c:\Users\86150\AppData\Roaming\Code\User\workspaceStorage\2496f935dea6ed964180d4c8bef5434b\redhat.java\ss_ws --pipe=\\.\pipe\lsp-65f5c4afd82967571c6354974c0d0f7e-sock
java_class_path (initial): c:\Users\86150\.vscode\extensions\redhat.java-1.54.0-win32-x64\server\plugins\org.eclipse.equinox.launcher_1.7.100.v20251111-0406.jar
Launcher Type: SUN_STANDARD

[Global flags]
    uintx AdaptiveSizePolicyWeight                 = 90                                        {product} {command line}
     intx CICompilerCount                          = 4                                         {product} {ergonomic}
    uintx GCTimeRatio                              = 4                                         {product} {command line}
   size_t InitialHeapSize                          = 104857600                                 {product} {command line}
   size_t MaxHeapSize                              = 2147483648                                {product} {command line}
   size_t MaxNewSize                               = 715653120                                 {product} {ergonomic}
   size_t MinHeapDeltaBytes                        = 524288                                    {product} {ergonomic}
   size_t MinHeapSize                              = 104857600                                 {product} {command line}
   size_t NewSize                                  = 34603008                                  {product} {ergonomic}
    uintx NonNMethodCodeHeapSize                   = 5839372                                {pd product} {ergonomic}
    uintx NonProfiledCodeHeapSize                  = 122909434                              {pd product} {ergonomic}
   size_t OldSize                                  = 70254592                                  {product} {ergonomic}
    uintx ProfiledCodeHeapSize                     = 122909434                              {pd product} {ergonomic}
    uintx ReservedCodeCacheSize                    = 251658240                              {pd product} {ergonomic}
     bool SegmentedCodeCache                       = true                                      {product} {ergonomic}
   size_t SoftMaxHeapSize                          = 2147483648                             {manageable} {ergonomic}
     bool UseCompressedOops                        = true                           {product lp64_product} {ergonomic}
     bool UseLargePagesIndividualAllocation        = false                                  {pd product} {ergonomic}
     bool UseParallelGC                            = true                                      {product} {command line}

Logging:
Log output configuration:
 #0: stdout all=off uptime,level,tags foldmultilines=false
 #1: stderr all=off uptime,level,tags foldmultilines=false

Release file:
JAVA_VERSION="21.0.10" 
MODULES="java.base java.compiler java.datatransfer java.xml java.prefs java.desktop java.instrument java.logging java.management java.security.sasl java.naming java.rmi java.management.rmi java.net.http java.scripting java.security.jgss java.transaction.xa java.sql java.sql.rowset java.xml.crypto java.se java.smartcardio jdk.accessibility jdk.internal.jvmstat jdk.attach jdk.charsets jdk.internal.opt jdk.zipfs jdk.compiler jdk.crypto.ec jdk.crypto.cryptoki jdk.crypto.mscapi jdk.dynalink jdk.internal.ed jdk.editpad jdk.hotspot.agent jdk.httpserver jdk.internal.le jdk.internal.vm.ci jdk.internal.vm.compiler jdk.internal.vm.compiler.management jdk.jartool jdk.javadoc jdk.jcmd jdk.management jdk.management.agent jdk.jconsole jdk.jdeps jdk.jdwp.agent jdk.jdi jdk.jfr jdk.jshell jdk.jsobject jdk.jstatd jdk.localedata jdk.management.jfr jdk.naming.dns jdk.naming.rmi jdk.net jdk.nio.mapmode jdk.random jdk.sctp jdk.security.auth jdk.security.jgss jdk.unsupported jdk.unsupported.desktop jdk.xml.dom" 

Environment Variables:
JAVA_HOME=D:\develop\jdk8
PATH=D:\wmware17.5.0\;D:\develop\jdk8\bin;D:\develop\jdk\bin;D:\develop\mysql-8.0.31-winx64\bin;C:\WINDOWS\system32;D:\develop\apache-maven-3.6.1-bin\apache-maven-3.6.1\bin;C:\WINDOWS;C:\WINDOWS\System32\Wbem;C:\WINDOWS\System32\WindowsPowerShell\v1.0\;C:\WINDOWS\System32\OpenSSH\;C:\Program Files\dotnet\;C:\Program Files\MySQL\MySQL Server 8.0\bin;C:\QQ\Bin;D:\develop\微信web开发者工具\dll;C:\Pro;ram Files\TortoiseSVN\bin;C:\Program Files\Git\cmd;D:\develop\xshell\;D:\develop\xftp\;D:\develop\nvm;C:\Program Files\nodejs;C:\Program Files (x86)\Google\Cloud SDK\google-cloud-sdk\bin;;C:\Program Files\Docker\Docker\resources\bin;D:\python\Scripts\;D:\python\;C:\Users\86150\AppData\Local\Microsoft\WindowsApps;D:\python\PyCharm Community Edition 2024.2.3\bin;D:\develop\Microsoft VS Code\bin;D:\develop\nvm;D:\develop;C:\Users\86150\AppData\Local\Microsoft\WindowsApps;D:\develop\nvm;C:\Program Files\nodejs;C:\Users\86150\AppData\Local\Microsoft\WinGet\Packages\JohnMacFarlane.Pandoc_Microsoft.Winget.Source_8wekyb3d8bbwe\pandoc-3.9.0.2;
USERNAME=86150
OS=Windows_NT
PROCESSOR_IDENTIFIER=Intel64 Family 6 Model 140 Stepping 2, GenuineIntel
TMP=C:\Users\86150\AppData\Local\Temp
TEMP=C:\Users\86150\AppData\Local\Temp




Periodic native trim disabled

---------------  S Y S T E M  ---------------

OS:
 Windows 11 , 64 bit Build 26100 (10.0.26100.8328)
OS uptime: 0 days 2:15 hours
Hyper-V role detected

CPU: total 8 (initial active 8) (4 cores per cpu, 2 threads per core) family 6 model 140 stepping 2 microcode 0x38, cx8, cmov, fxsr, ht, mmx, 3dnowpref, sse, sse2, sse3, ssse3, sse4.1, sse4.2, popcnt, lzcnt, tsc, tscinvbit, avx, avx2, aes, erms, clmul, bmi1, bmi2, adx, avx512f, avx512dq, avx512cd, avx512bw, avx512vl, sha, fma, vzeroupper, avx512_vpopcntdq, avx512_vpclmulqdq, avx512_vaes, avx512_vnni, clflush, clflushopt, clwb, avx512_vbmi2, avx512_vbmi, hv, rdtscp, rdpid, fsrm, gfni, avx512_bitalg, f16c, cet_ibt, cet_ss, avx512_ifma
Processor Information for the first 8 processors :
  Max Mhz: 2496, Current Mhz: 2496, Mhz Limit: 2496

Memory: 4k page, system-wide physical 16122M (1081M free)
TotalPageFile size 24314M (AvailPageFile size 20M)
current process WorkingSet (physical memory assigned to process): 203M, peak: 203M
current process commit charge ("private bytes"): 319M, peak: 319M

vm_info: OpenJDK 64-Bit Server VM (21.0.10+7-LTS) for windows-amd64 JRE (21.0.10+7-LTS), built on 2026-01-20T00:00:00Z by "admin" with MS VC++ 17.12 (VS2022)

END.
