#
# There is insufficient memory for the Java Runtime Environment to continue.
# Native memory allocation (malloc) failed to allocate 1048576 bytes. Error detail: AllocateHeap
# Possible reasons:
#   The system is out of physical RAM or swap space
#   This process is running with CompressedOops enabled, and the Java Heap may be blocking the growth of the native heap
# Possible solutions:
#   Reduce memory load on the system
#   Increase physical memory or swap space
#   Check if swap backing store is full
#   Decrease Java heap size (-Xmx/-Xms)
#   Decrease number of Java threads
#   Decrease Java thread stack sizes (-Xss)
#   Set larger code cache with -XX:ReservedCodeCacheSize=
#   JVM is running with Unscaled Compressed Oops mode in which the Java heap is
#     placed in the first 4GB address space. The Java Heap base address is the
#     maximum limit for the native heap growth. Please use -XX:HeapBaseMinAddress
#     to set the Java Heap base and to place the Java Heap above 4GB virtual address.
# This output file may be truncated or incomplete.
#
#  Out of Memory Error (allocation.cpp:44), pid=31436, tid=33660
#
# JRE version: OpenJDK Runtime Environment Temurin-21.0.10+7 (21.0.10+7) (build 21.0.10+7-LTS)
# Java VM: OpenJDK 64-Bit Server VM Temurin-21.0.10+7 (21.0.10+7-LTS, mixed mode, sharing, tiered, compressed oops, compressed class ptrs, parallel gc, windows-amd64)
# No core dump will be written. Minidumps are not enabled by default on client versions of Windows
#

---------------  S U M M A R Y ------------

Command Line: --add-modules=ALL-SYSTEM --add-opens=java.base/java.util=ALL-UNNAMED --add-opens=java.base/java.lang=ALL-UNNAMED --add-opens=java.base/sun.nio.fs=ALL-UNNAMED -Declipse.application=org.eclipse.jdt.ls.core.id1 -Dosgi.bundles.defaultStartLevel=4 -Declipse.product=org.eclipse.jdt.ls.core.product -Djava.import.generatesMetadataFilesAtProjectRoot=false -DDetectVMInstallationsJob.disabled=true -Dfile.encoding=utf8 -XX:+UseParallelGC -XX:GCTimeRatio=4 -XX:AdaptiveSizePolicyWeight=90 -Dsun.zip.disableMemoryMapping=true -Xmx2G -Xms100m -Xlog:disable -javaagent:c:\Users\86150\.vscode\extensions\redhat.java-1.54.0-win32-x64\lombok\lombok-1.18.39-4050.jar -XX:+HeapDumpOnOutOfMemoryError -XX:HeapDumpPath=c:\Users\86150\AppData\Roaming\Code\User\workspaceStorage\2496f935dea6ed964180d4c8bef5434b\redhat.java -Daether.dependencyCollector.impl=bf c:\Users\86150\.vscode\extensions\redhat.java-1.54.0-win32-x64\server\plugins\org.eclipse.equinox.launcher_1.7.100.v20251111-0406.jar -configuration c:\Users\86150\AppData\Roaming\Code\User\globalStorage\redhat.java\1.54.0\config_win -data c:\Users\86150\AppData\Roaming\Code\User\workspaceStorage\2496f935dea6ed964180d4c8bef5434b\redhat.java\jdt_ws --pipe=\\.\pipe\lsp-9c60da9881214c6f49b2c3ffdf08e56c-sock

Host: 11th Gen Intel(R) Core(TM) i5-11320H @ 3.20GHz, 8 cores, 15G,  Windows 11 , 64 bit Build 26100 (10.0.26100.8328)
Time: Fri May 22 17:27:09 2026 elapsed time: 77.917559 seconds (0d 0h 1m 17s)

---------------  T H R E A D  ---------------

Current thread (0x000001fc63879a10):  JavaThread "Attach Listener" daemon [_thread_in_vm, id=33660, stack(0x000000cf58c00000,0x000000cf58d00000) (1024K)]

Stack: [0x000000cf58c00000,0x000000cf58d00000]
Native frames: (J=compiled Java code, j=interpreted, Vv=VM code, C=native code)
V  [jvm.dll+0x6d7a39]
V  [jvm.dll+0x8b4b26]
V  [jvm.dll+0x8b70de]
V  [jvm.dll+0x8b77c3]
V  [jvm.dll+0x284346]
V  [jvm.dll+0xc1277]
V  [jvm.dll+0x6d82e9]
V  [jvm.dll+0x1334a6]
V  [jvm.dll+0x3f857e]
V  [jvm.dll+0x85f59d]
V  [jvm.dll+0x6d626d]
C  [ucrtbase.dll+0x37b0]
C  [KERNEL32.DLL+0x2e957]
C  [ntdll.dll+0x427c]


---------------  P R O C E S S  ---------------

Threads class SMR info:
_java_thread_list=0x000001fc488b6de0, length=45, elements={
0x000001fc639011b0, 0x000001fc639baf90, 0x000001fc63874710, 0x000001fc63876ea0,
0x000001fc63879a10, 0x000001fc6387a470, 0x000001fc6387aed0, 0x000001fc63880080,
0x000001fc45055de0, 0x000001fc452150f0, 0x000001fc4532da30, 0x000001fc45309720,
0x000001fc45c8f310, 0x000001fc45c685a0, 0x000001fc45c71010, 0x000001fc45e2fa30,
0x000001fc45724020, 0x000001fc45939210, 0x000001fc46288180, 0x000001fc46286740,
0x000001fc46288ea0, 0x000001fc46286dd0, 0x000001fc46287af0, 0x000001fc46287460,
0x000001fc46289530, 0x000001fc46288810, 0x000001fc46289bc0, 0x000001fc48e70900,
0x000001fc48e72340, 0x000001fc48e729d0, 0x000001fc48e71620, 0x000001fc48e71cb0,
0x000001fc48e73060, 0x000001fc48e736f0, 0x000001fc48e73d80, 0x000001fc48e74410,
0x000001fc48e70f90, 0x000001fc48e77f20, 0x000001fc48e757c0, 0x000001fc48e76b70,
0x000001fc48e77200, 0x000001fc48e77890, 0x000001fc48e74aa0, 0x000001fc48e75e50,
0x000001fc465fa480
}

Java Threads: ( => current thread )
  0x000001fc639011b0 JavaThread "main"                              [_thread_blocked, id=29944, stack(0x000000cf58500000,0x000000cf58600000) (1024K)]
  0x000001fc639baf90 JavaThread "Reference Handler"          daemon [_thread_blocked, id=32556, stack(0x000000cf58900000,0x000000cf58a00000) (1024K)]
  0x000001fc63874710 JavaThread "Finalizer"                  daemon [_thread_blocked, id=31312, stack(0x000000cf58a00000,0x000000cf58b00000) (1024K)]
  0x000001fc63876ea0 JavaThread "Signal Dispatcher"          daemon [_thread_blocked, id=3456, stack(0x000000cf58b00000,0x000000cf58c00000) (1024K)]
=>0x000001fc63879a10 JavaThread "Attach Listener"            daemon [_thread_in_vm, id=33660, stack(0x000000cf58c00000,0x000000cf58d00000) (1024K)]
  0x000001fc6387a470 JavaThread "Service Thread"             daemon [_thread_blocked, id=16352, stack(0x000000cf58d00000,0x000000cf58e00000) (1024K)]
  0x000001fc6387aed0 JavaThread "Monitor Deflation Thread"   daemon [_thread_blocked, id=24708, stack(0x000000cf58e00000,0x000000cf58f00000) (1024K)]
  0x000001fc63880080 JavaThread "C2 CompilerThread0"         daemon [_thread_blocked, id=30192, stack(0x000000cf58f00000,0x000000cf59000000) (1024K)]
  0x000001fc45055de0 JavaThread "C1 CompilerThread0"         daemon [_thread_blocked, id=16628, stack(0x000000cf59000000,0x000000cf59100000) (1024K)]
  0x000001fc452150f0 JavaThread "Common-Cleaner"             daemon [_thread_blocked, id=26360, stack(0x000000cf59100000,0x000000cf59200000) (1024K)]
  0x000001fc4532da30 JavaThread "Notification Thread"        daemon [_thread_blocked, id=33784, stack(0x000000cf59300000,0x000000cf59400000) (1024K)]
  0x000001fc45309720 JavaThread "Active Thread: Equinox Container: 3ecf117c-62b3-4d69-847c-78a541331ffd"        [_thread_blocked, id=15088, stack(0x000000cf59200000,0x000000cf59300000) (1024K)]
  0x000001fc45c8f310 JavaThread "Refresh Thread: Equinox Container: 3ecf117c-62b3-4d69-847c-78a541331ffd" daemon [_thread_blocked, id=29368, stack(0x000000cf59b00000,0x000000cf59c00000) (1024K)]
  0x000001fc45c685a0 JavaThread "Framework Event Dispatcher: Equinox Container: 3ecf117c-62b3-4d69-847c-78a541331ffd" daemon [_thread_blocked, id=20756, stack(0x000000cf59c00000,0x000000cf59d00000) (1024K)]
  0x000001fc45c71010 JavaThread "Start Level: Equinox Container: 3ecf117c-62b3-4d69-847c-78a541331ffd" daemon [_thread_blocked, id=32732, stack(0x000000cf59d00000,0x000000cf59e00000) (1024K)]
  0x000001fc45e2fa30 JavaThread "Bundle File Closer"         daemon [_thread_blocked, id=31344, stack(0x000000cf59f00000,0x000000cf5a000000) (1024K)]
  0x000001fc45724020 JavaThread "SCR Component Actor"        daemon [_thread_blocked, id=9192, stack(0x000000cf59e00000,0x000000cf59f00000) (1024K)]
  0x000001fc45939210 JavaThread "Worker-JM"                         [_thread_blocked, id=31672, stack(0x000000cf5a200000,0x000000cf5a300000) (1024K)]
  0x000001fc46288180 JavaThread "JNA Cleaner"                daemon [_thread_blocked, id=3156, stack(0x000000cf5a100000,0x000000cf5a200000) (1024K)]
  0x000001fc46286740 JavaThread "Worker-0"                          [_thread_blocked, id=30760, stack(0x000000cf5a300000,0x000000cf5a400000) (1024K)]
  0x000001fc46288ea0 JavaThread "Worker-1"                          [_thread_blocked, id=31916, stack(0x000000cf5a400000,0x000000cf5a500000) (1024K)]
  0x000001fc46286dd0 JavaThread "Java indexing"              daemon [_thread_blocked, id=30972, stack(0x000000cf5a600000,0x000000cf5a700000) (1024K)]
  0x000001fc46287af0 JavaThread "Worker-2"                          [_thread_blocked, id=32368, stack(0x000000cf5a700000,0x000000cf5a800000) (1024K)]
  0x000001fc46287460 JavaThread "Worker-3"                          [_thread_blocked, id=26708, stack(0x000000cf5aa00000,0x000000cf5ab00000) (1024K)]
  0x000001fc46289530 JavaThread "Worker-4"                          [_thread_blocked, id=32868, stack(0x000000cf5ab00000,0x000000cf5ac00000) (1024K)]
  0x000001fc46288810 JavaThread "Thread-1"                   daemon [_thread_in_native, id=31360, stack(0x000000cf5ac00000,0x000000cf5ad00000) (1024K)]
  0x000001fc46289bc0 JavaThread "Thread-2"                   daemon [_thread_in_native, id=31108, stack(0x000000cf5ad00000,0x000000cf5ae00000) (1024K)]
  0x000001fc48e70900 JavaThread "Thread-3"                   daemon [_thread_in_native, id=32668, stack(0x000000cf5ae00000,0x000000cf5af00000) (1024K)]
  0x000001fc48e72340 JavaThread "Thread-4"                   daemon [_thread_in_native, id=22120, stack(0x000000cf5af00000,0x000000cf5b000000) (1024K)]
  0x000001fc48e729d0 JavaThread "Thread-5"                   daemon [_thread_in_native, id=13160, stack(0x000000cf5b000000,0x000000cf5b100000) (1024K)]
  0x000001fc48e71620 JavaThread "Thread-6"                   daemon [_thread_in_native, id=32452, stack(0x000000cf5b100000,0x000000cf5b200000) (1024K)]
  0x000001fc48e71cb0 JavaThread "Thread-7"                   daemon [_thread_in_native, id=1864, stack(0x000000cf5b200000,0x000000cf5b300000) (1024K)]
  0x000001fc48e73060 JavaThread "Thread-8"                   daemon [_thread_in_native, id=4300, stack(0x000000cf5b300000,0x000000cf5b400000) (1024K)]
  0x000001fc48e736f0 JavaThread "Thread-9"                   daemon [_thread_in_native, id=26804, stack(0x000000cf5b400000,0x000000cf5b500000) (1024K)]
  0x000001fc48e73d80 JavaThread "pool-2-thread-1"                   [_thread_blocked, id=32060, stack(0x000000cf5b500000,0x000000cf5b600000) (1024K)]
  0x000001fc48e74410 JavaThread "WorkspaceEventsHandler"            [_thread_blocked, id=32840, stack(0x000000cf5b600000,0x000000cf5b700000) (1024K)]
  0x000001fc48e70f90 JavaThread "pool-1-thread-1"                   [_thread_blocked, id=32568, stack(0x000000cf5b700000,0x000000cf5b800000) (1024K)]
  0x000001fc48e77f20 JavaThread "ForkJoinPool.commonPool-worker-1" daemon [_thread_blocked, id=29628, stack(0x000000cf5b800000,0x000000cf5b900000) (1024K)]
  0x000001fc48e757c0 JavaThread "ForkJoinPool.commonPool-worker-2" daemon [_thread_blocked, id=29848, stack(0x000000cf5b900000,0x000000cf5ba00000) (1024K)]
  0x000001fc48e76b70 JavaThread "ForkJoinPool.commonPool-worker-3" daemon [_thread_blocked, id=30084, stack(0x000000cf5ba00000,0x000000cf5bb00000) (1024K)]
  0x000001fc48e77200 JavaThread "ForkJoinPool.commonPool-worker-4" daemon [_thread_blocked, id=30360, stack(0x000000cf5bb00000,0x000000cf5bc00000) (1024K)]
  0x000001fc48e77890 JavaThread "ForkJoinPool.commonPool-worker-5" daemon [_thread_blocked, id=16560, stack(0x000000cf5bc00000,0x000000cf5bd00000) (1024K)]
  0x000001fc48e74aa0 JavaThread "ForkJoinPool.commonPool-worker-6" daemon [_thread_blocked, id=28564, stack(0x000000cf5bd00000,0x000000cf5be00000) (1024K)]
  0x000001fc48e75e50 JavaThread "ForkJoinPool.commonPool-worker-7" daemon [_thread_blocked, id=28060, stack(0x000000cf5be00000,0x000000cf5bf00000) (1024K)]
  0x000001fc465fa480 JavaThread "Cleaner-0"                  daemon [_thread_blocked, id=32192, stack(0x000000cf5bf00000,0x000000cf5c000000) (1024K)]
Total: 45

Other Threads:
  0x000001fc63872d50 VMThread "VM Thread"                           [id=31216, stack(0x000000cf58800000,0x000000cf58900000) (1024K)]
  0x000001fc6396f330 WatcherThread "VM Periodic Task Thread"        [id=24608, stack(0x000000cf58700000,0x000000cf58800000) (1024K)]
  0x000001fc6391fb30 WorkerThread "GC Thread#0"                     [id=31028, stack(0x000000cf58600000,0x000000cf58700000) (1024K)]
  0x000001fc45d80720 WorkerThread "GC Thread#1"                     [id=19520, stack(0x000000cf59500000,0x000000cf59600000) (1024K)]
  0x000001fc45d80ce0 WorkerThread "GC Thread#2"                     [id=33068, stack(0x000000cf59600000,0x000000cf59700000) (1024K)]
  0x000001fc455641e0 WorkerThread "GC Thread#3"                     [id=1708, stack(0x000000cf59700000,0x000000cf59800000) (1024K)]
  0x000001fc45564590 WorkerThread "GC Thread#4"                     [id=20644, stack(0x000000cf59800000,0x000000cf59900000) (1024K)]
  0x000001fc45564940 WorkerThread "GC Thread#5"                     [id=29752, stack(0x000000cf59900000,0x000000cf59a00000) (1024K)]
  0x000001fc45a1d9a0 WorkerThread "GC Thread#6"                     [id=27448, stack(0x000000cf59a00000,0x000000cf59b00000) (1024K)]
  0x000001fc45dd5320 WorkerThread "GC Thread#7"                     [id=22268, stack(0x000000cf59400000,0x000000cf59500000) (1024K)]
Total: 10

Threads with active compile tasks:
Total: 0

VM state: not at safepoint (normal execution)

VM Mutex/Monitor currently owned by a thread: None

Heap address: 0x0000000080000000, size: 2048 MB, Compressed Oops mode: 32-bit

CDS archive(s) mapped at: [0x000001fc00000000-0x000001fc00ba0000-0x000001fc00ba0000), size 12189696, SharedBaseAddress: 0x000001fc00000000, ArchiveRelocationMode: 1.
Compressed class space mapped at: 0x000001fc01000000-0x000001fc41000000, reserved size: 1073741824
Narrow klass base: 0x000001fc00000000, Narrow klass shift: 0, Narrow klass range: 0x100000000

GC Precious Log:
 CardTable entry size: 512
 CPUs: 8 total, 8 available
 Memory: 16122M
 Large Page Support: Disabled
 NUMA Support: Disabled
 Compressed Oops: Enabled (32-bit)
 Alignments: Space 512K, Generation 512K, Heap 2M
 Heap Min Capacity: 100M
 Heap Initial Capacity: 100M
 Heap Max Capacity: 2G
 Pre-touch: Disabled
 Parallel Workers: 8

Heap:
 PSYoungGen      total 15360K, used 3116K [0x00000000d5580000, 0x00000000d6880000, 0x0000000100000000)
  eden space 14336K, 14% used [0x00000000d5580000,0x00000000d5793270,0x00000000d6380000)
  from space 1024K, 96% used [0x00000000d6480000,0x00000000d6578020,0x00000000d6580000)
  to   space 2560K, 0% used [0x00000000d6600000,0x00000000d6600000,0x00000000d6880000)
 ParOldGen       total 137728K, used 137413K [0x0000000080000000, 0x0000000088680000, 0x00000000d5580000)
  object space 137728K, 99% used [0x0000000080000000,0x0000000088631558,0x0000000088680000)
 Metaspace       used 67047K, committed 68608K, reserved 1114112K
  class space    used 6997K, committed 7680K, reserved 1048576K

Card table byte_map: [0x000001fc632a0000,0x000001fc636b0000] _byte_map_base: 0x000001fc62ea0000

Marking Bits: (ParMarkBitMap*) 0x00007ff83a733450
 Begin Bits: [0x000001fc75db0000, 0x000001fc77db0000)
 End Bits:   [0x000001fc77db0000, 0x000001fc79db0000)

Polling page: 0x000001fc617e0000

Metaspace:

Usage:
  Non-class:     58.64 MB used.
      Class:      6.83 MB used.
       Both:     65.48 MB used.

Virtual space:
  Non-class space:       64.00 MB reserved,      59.50 MB ( 93%) committed,  1 nodes.
      Class space:        1.00 GB reserved,       7.50 MB ( <1%) committed,  1 nodes.
             Both:        1.06 GB reserved,      67.00 MB (  6%) committed. 

Chunk freelists:
   Non-Class:  4.02 MB
       Class:  8.44 MB
        Both:  12.46 MB

MaxMetaspaceSize: unlimited
CompressedClassSpaceSize: 1.00 GB
Initial GC threshold: 21.00 MB
Current GC threshold: 97.31 MB
CDS: on
 - commit_granule_bytes: 65536.
 - commit_granule_words: 8192.
 - virtual_space_node_default_size: 8388608.
 - enlarge_chunks_in_place: 1.
 - use_allocation_guard: 0.


Internal statistics:

num_allocs_failed_limit: 9.
num_arena_births: 1330.
num_arena_deaths: 22.
num_vsnodes_births: 2.
num_vsnodes_deaths: 0.
num_space_committed: 1072.
num_space_uncommitted: 0.
num_chunks_returned_to_freelist: 34.
num_chunks_taken_from_freelist: 4524.
num_chunk_merges: 13.
num_chunk_splits: 2790.
num_chunks_enlarged: 1561.
num_inconsistent_stats: 0.

CodeHeap 'non-profiled nmethods': size=120000Kb used=8581Kb max_used=8581Kb free=111418Kb
 bounds [0x000001fc6e5d0000, 0x000001fc6ee40000, 0x000001fc75b00000]
CodeHeap 'profiled nmethods': size=120000Kb used=26505Kb max_used=26505Kb free=93494Kb
 bounds [0x000001fc66b00000, 0x000001fc684f0000, 0x000001fc6e030000]
CodeHeap 'non-nmethods': size=5760Kb used=1452Kb max_used=1541Kb free=4307Kb
 bounds [0x000001fc6e030000, 0x000001fc6e2a0000, 0x000001fc6e5d0000]
CodeCache: size=245760Kb, used=36538Kb, max_used=36627Kb, free=209219Kb
 total_blobs=12081, nmethods=11320, adapters=666, full_count=0
Compilation: enabled, stopped_count=0, restarted_count=0

Compilation events (20 events):
Event: 37.178 Thread 0x000001fc45055de0 nmethod 12074 0x000001fc684d8090 code [0x000001fc684d8240, 0x000001fc684d8380]
Event: 37.178 Thread 0x000001fc45055de0 12075       3       org.eclipse.osgi.container.ModuleDatabase$Persistence::writeWiring (453 bytes)
Event: 37.182 Thread 0x000001fc4ea27770 nmethod 12056 0x000001fc6ee1eb90 code [0x000001fc6ee1eda0, 0x000001fc6ee1f2f8]
Event: 37.182 Thread 0x000001fc4ea27770 12028       4       org.osgi.framework.Version::hashCode (65 bytes)
Event: 37.183 Thread 0x000001fc4ea27770 nmethod 12028 0x000001fc6ee1f910 code [0x000001fc6ee1faa0, 0x000001fc6ee1fbd8]
Event: 37.183 Thread 0x000001fc4ea27770 12067       4       org.eclipse.osgi.container.ModuleDatabase$Persistence::addToWriteTable (77 bytes)
Event: 37.184 Thread 0x000001fc45055de0 nmethod 12075 0x000001fc684d8410 code [0x000001fc684d8ee0, 0x000001fc684dff88]
Event: 37.184 Thread 0x000001fc45055de0 12077       3       org.eclipse.osgi.container.ModuleWiring::getModuleCapabilities (18 bytes)
Event: 37.184 Thread 0x000001fc45055de0 nmethod 12077 0x000001fc684e2010 code [0x000001fc684e21e0, 0x000001fc684e2638]
Event: 37.197 Thread 0x000001fc4ea27770 nmethod 12067 0x000001fc6ee1fc90 code [0x000001fc6ee1fee0, 0x000001fc6ee20938]
Event: 37.197 Thread 0x000001fc4ea27770 12078       4       java.util.regex.Pattern$Start::match (90 bytes)
Event: 37.199 Thread 0x000001fc4ea27770 nmethod 12078 0x000001fc6ee21190 code [0x000001fc6ee21320, 0x000001fc6ee21500]
Event: 37.199 Thread 0x000001fc4ea27770 12079       4       java.util.ImmutableCollections$SetN::probe (56 bytes)
Event: 37.202 Thread 0x000001fc4ea27770 nmethod 12079 0x000001fc6ee21690 code [0x000001fc6ee21840, 0x000001fc6ee21ab8]
Event: 37.202 Thread 0x000001fc4ea27770 12069       4       java.util.Collections$UnmodifiableMap::hashCode (10 bytes)
Event: 37.213 Thread 0x000001fc63880080 nmethod 12059 0x000001fc6ee21c90 code [0x000001fc6ee22060, 0x000001fc6ee23928]
Event: 37.213 Thread 0x000001fc63880080 12076       4       java.util.Collections$EmptyList::toArray (5 bytes)
Event: 37.214 Thread 0x000001fc63880080 nmethod 12076 0x000001fc6ee25090 code [0x000001fc6ee25220, 0x000001fc6ee25320]
Event: 37.215 Thread 0x000001fc4ea27770 nmethod 12069 0x000001fc6ee25410 code [0x000001fc6ee255e0, 0x000001fc6ee25c38]
Event: 37.545 Thread 0x000001fc486fad40 nmethod 12031 0x000001fc6ee26190 code [0x000001fc6ee26be0, 0x000001fc6ee2d260]

GC Heap History (20 events):
Event: 26.027 GC heap before
{Heap before GC invocations=203 (full 3):
 PSYoungGen      total 14848K, used 14720K [0x00000000d5580000, 0x00000000d6600000, 0x0000000100000000)
  eden space 14336K, 100% used [0x00000000d5580000,0x00000000d6380000,0x00000000d6380000)
  from space 512K, 75% used [0x00000000d6500000,0x00000000d6560000,0x00000000d6580000)
  to   space 512K, 0% used [0x00000000d6580000,0x00000000d6580000,0x00000000d6600000)
 ParOldGen       total 129536K, used 128912K [0x0000000080000000, 0x0000000087e80000, 0x00000000d5580000)
  object space 129536K, 99% used [0x0000000080000000,0x0000000087de4258,0x0000000087e80000)
 Metaspace       used 61134K, committed 62592K, reserved 1114112K
  class space    used 6423K, committed 7040K, reserved 1048576K
}
Event: 26.027 GC heap after
{Heap after GC invocations=203 (full 3):
 PSYoungGen      total 14848K, used 320K [0x00000000d5580000, 0x00000000d6600000, 0x0000000100000000)
  eden space 14336K, 0% used [0x00000000d5580000,0x00000000d5580000,0x00000000d6380000)
  from space 512K, 62% used [0x00000000d6580000,0x00000000d65d0000,0x00000000d6600000)
  to   space 512K, 0% used [0x00000000d6500000,0x00000000d6500000,0x00000000d6580000)
 ParOldGen       total 129536K, used 129136K [0x0000000080000000, 0x0000000087e80000, 0x00000000d5580000)
  object space 129536K, 99% used [0x0000000080000000,0x0000000087e1c258,0x0000000087e80000)
 Metaspace       used 61134K, committed 62592K, reserved 1114112K
  class space    used 6423K, committed 7040K, reserved 1048576K
}
Event: 26.136 GC heap before
{Heap before GC invocations=204 (full 3):
 PSYoungGen      total 14848K, used 14656K [0x00000000d5580000, 0x00000000d6600000, 0x0000000100000000)
  eden space 14336K, 100% used [0x00000000d5580000,0x00000000d6380000,0x00000000d6380000)
  from space 512K, 62% used [0x00000000d6580000,0x00000000d65d0000,0x00000000d6600000)
  to   space 512K, 0% used [0x00000000d6500000,0x00000000d6500000,0x00000000d6580000)
 ParOldGen       total 129536K, used 129136K [0x0000000080000000, 0x0000000087e80000, 0x00000000d5580000)
  object space 129536K, 99% used [0x0000000080000000,0x0000000087e1c258,0x0000000087e80000)
 Metaspace       used 61877K, committed 63360K, reserved 1114112K
  class space    used 6520K, committed 7168K, reserved 1048576K
}
Event: 26.137 GC heap after
{Heap after GC invocations=204 (full 3):
 PSYoungGen      total 14848K, used 512K [0x00000000d5580000, 0x00000000d6680000, 0x0000000100000000)
  eden space 14336K, 0% used [0x00000000d5580000,0x00000000d5580000,0x00000000d6380000)
  from space 512K, 100% used [0x00000000d6500000,0x00000000d6580000,0x00000000d6580000)
  to   space 1024K, 0% used [0x00000000d6580000,0x00000000d6580000,0x00000000d6680000)
 ParOldGen       total 130048K, used 129712K [0x0000000080000000, 0x0000000087f00000, 0x00000000d5580000)
  object space 130048K, 99% used [0x0000000080000000,0x0000000087eac278,0x0000000087f00000)
 Metaspace       used 61877K, committed 63360K, reserved 1114112K
  class space    used 6520K, committed 7168K, reserved 1048576K
}
Event: 26.274 GC heap before
{Heap before GC invocations=205 (full 3):
 PSYoungGen      total 14848K, used 14848K [0x00000000d5580000, 0x00000000d6680000, 0x0000000100000000)
  eden space 14336K, 100% used [0x00000000d5580000,0x00000000d6380000,0x00000000d6380000)
  from space 512K, 100% used [0x00000000d6500000,0x00000000d6580000,0x00000000d6580000)
  to   space 1024K, 0% used [0x00000000d6580000,0x00000000d6580000,0x00000000d6680000)
 ParOldGen       total 130048K, used 129712K [0x0000000080000000, 0x0000000087f00000, 0x00000000d5580000)
  object space 130048K, 99% used [0x0000000080000000,0x0000000087eac278,0x0000000087f00000)
 Metaspace       used 62266K, committed 63808K, reserved 1114112K
  class space    used 6568K, committed 7232K, reserved 1048576K
}
Event: 26.277 GC heap after
{Heap after GC invocations=205 (full 3):
 PSYoungGen      total 15360K, used 938K [0x00000000d5580000, 0x00000000d6680000, 0x0000000100000000)
  eden space 14336K, 0% used [0x00000000d5580000,0x00000000d5580000,0x00000000d6380000)
  from space 1024K, 91% used [0x00000000d6580000,0x00000000d666ab98,0x00000000d6680000)
  to   space 1024K, 0% used [0x00000000d6480000,0x00000000d6480000,0x00000000d6580000)
 ParOldGen       total 130560K, used 130209K [0x0000000080000000, 0x0000000087f80000, 0x00000000d5580000)
  object space 130560K, 99% used [0x0000000080000000,0x0000000087f287c8,0x0000000087f80000)
 Metaspace       used 62266K, committed 63808K, reserved 1114112K
  class space    used 6568K, committed 7232K, reserved 1048576K
}
Event: 26.338 GC heap before
{Heap before GC invocations=206 (full 3):
 PSYoungGen      total 15360K, used 15274K [0x00000000d5580000, 0x00000000d6680000, 0x0000000100000000)
  eden space 14336K, 100% used [0x00000000d5580000,0x00000000d6380000,0x00000000d6380000)
  from space 1024K, 91% used [0x00000000d6580000,0x00000000d666ab98,0x00000000d6680000)
  to   space 1024K, 0% used [0x00000000d6480000,0x00000000d6480000,0x00000000d6580000)
 ParOldGen       total 130560K, used 130209K [0x0000000080000000, 0x0000000087f80000, 0x00000000d5580000)
  object space 130560K, 99% used [0x0000000080000000,0x0000000087f287c8,0x0000000087f80000)
 Metaspace       used 62391K, committed 63936K, reserved 1114112K
  class space    used 6573K, committed 7232K, reserved 1048576K
}
Event: 26.340 GC heap after
{Heap after GC invocations=206 (full 3):
 PSYoungGen      total 15360K, used 896K [0x00000000d5580000, 0x00000000d6600000, 0x0000000100000000)
  eden space 14336K, 0% used [0x00000000d5580000,0x00000000d5580000,0x00000000d6380000)
  from space 1024K, 87% used [0x00000000d6480000,0x00000000d6560000,0x00000000d6580000)
  to   space 512K, 0% used [0x00000000d6580000,0x00000000d6580000,0x00000000d6600000)
 ParOldGen       total 131072K, used 130775K [0x0000000080000000, 0x0000000088000000, 0x00000000d5580000)
  object space 131072K, 99% used [0x0000000080000000,0x0000000087fb5df8,0x0000000088000000)
 Metaspace       used 62391K, committed 63936K, reserved 1114112K
  class space    used 6573K, committed 7232K, reserved 1048576K
}
Event: 26.421 GC heap before
{Heap before GC invocations=207 (full 3):
 PSYoungGen      total 15360K, used 15232K [0x00000000d5580000, 0x00000000d6600000, 0x0000000100000000)
  eden space 14336K, 100% used [0x00000000d5580000,0x00000000d6380000,0x00000000d6380000)
  from space 1024K, 87% used [0x00000000d6480000,0x00000000d6560000,0x00000000d6580000)
  to   space 512K, 0% used [0x00000000d6580000,0x00000000d6580000,0x00000000d6600000)
 ParOldGen       total 131072K, used 130778K [0x0000000080000000, 0x0000000088000000, 0x00000000d5580000)
  object space 131072K, 99% used [0x0000000080000000,0x0000000087fb6978,0x0000000088000000)
 Metaspace       used 62892K, committed 64448K, reserved 1114112K
  class space    used 6617K, committed 7296K, reserved 1048576K
}
Event: 26.425 GC heap after
{Heap after GC invocations=207 (full 3):
 PSYoungGen      total 14848K, used 490K [0x00000000d5580000, 0x00000000d6780000, 0x0000000100000000)
  eden space 14336K, 0% used [0x00000000d5580000,0x00000000d5580000,0x00000000d6380000)
  from space 512K, 95% used [0x00000000d6580000,0x00000000d65fa930,0x00000000d6600000)
  to   space 2048K, 0% used [0x00000000d6380000,0x00000000d6380000,0x00000000d6580000)
 ParOldGen       total 132096K, used 132027K [0x0000000080000000, 0x0000000088100000, 0x00000000d5580000)
  object space 132096K, 99% used [0x0000000080000000,0x00000000880eee28,0x0000000088100000)
 Metaspace       used 62892K, committed 64448K, reserved 1114112K
  class space    used 6617K, committed 7296K, reserved 1048576K
}
Event: 26.543 GC heap before
{Heap before GC invocations=208 (full 3):
 PSYoungGen      total 14848K, used 14808K [0x00000000d5580000, 0x00000000d6780000, 0x0000000100000000)
  eden space 14336K, 99% used [0x00000000d5580000,0x00000000d637ba88,0x00000000d6380000)
  from space 512K, 95% used [0x00000000d6580000,0x00000000d65fa930,0x00000000d6600000)
  to   space 2048K, 0% used [0x00000000d6380000,0x00000000d6380000,0x00000000d6580000)
 ParOldGen       total 132096K, used 132027K [0x0000000080000000, 0x0000000088100000, 0x00000000d5580000)
  object space 132096K, 99% used [0x0000000080000000,0x00000000880eee28,0x0000000088100000)
 Metaspace       used 63543K, committed 65024K, reserved 1114112K
  class space    used 6719K, committed 7360K, reserved 1048576K
}
Event: 26.545 GC heap after
{Heap after GC invocations=208 (full 3):
 PSYoungGen      total 16384K, used 1539K [0x00000000d5580000, 0x00000000d6780000, 0x0000000100000000)
  eden space 14336K, 0% used [0x00000000d5580000,0x00000000d5580000,0x00000000d6380000)
  from space 2048K, 75% used [0x00000000d6380000,0x00000000d6500c48,0x00000000d6580000)
  to   space 2048K, 0% used [0x00000000d6580000,0x00000000d6580000,0x00000000d6780000)
 ParOldGen       total 132608K, used 132516K [0x0000000080000000, 0x0000000088180000, 0x00000000d5580000)
  object space 132608K, 99% used [0x0000000080000000,0x00000000881691c8,0x0000000088180000)
 Metaspace       used 63543K, committed 65024K, reserved 1114112K
  class space    used 6719K, committed 7360K, reserved 1048576K
}
Event: 26.694 GC heap before
{Heap before GC invocations=209 (full 3):
 PSYoungGen      total 16384K, used 15875K [0x00000000d5580000, 0x00000000d6780000, 0x0000000100000000)
  eden space 14336K, 100% used [0x00000000d5580000,0x00000000d6380000,0x00000000d6380000)
  from space 2048K, 75% used [0x00000000d6380000,0x00000000d6500c48,0x00000000d6580000)
  to   space 2048K, 0% used [0x00000000d6580000,0x00000000d6580000,0x00000000d6780000)
 ParOldGen       total 132608K, used 132516K [0x0000000080000000, 0x0000000088180000, 0x00000000d5580000)
  object space 132608K, 99% used [0x0000000080000000,0x00000000881691c8,0x0000000088180000)
 Metaspace       used 65028K, committed 66624K, reserved 1114112K
  class space    used 6840K, committed 7552K, reserved 1048576K
}
Event: 26.697 GC heap after
{Heap after GC invocations=209 (full 3):
 PSYoungGen      total 16384K, used 1852K [0x00000000d5580000, 0x00000000d6780000, 0x0000000100000000)
  eden space 14336K, 0% used [0x00000000d5580000,0x00000000d5580000,0x00000000d6380000)
  from space 2048K, 90% used [0x00000000d6580000,0x00000000d674f218,0x00000000d6780000)
  to   space 2048K, 0% used [0x00000000d6380000,0x00000000d6380000,0x00000000d6580000)
 ParOldGen       total 134144K, used 133830K [0x0000000080000000, 0x0000000088300000, 0x00000000d5580000)
  object space 134144K, 99% used [0x0000000080000000,0x00000000882b1988,0x0000000088300000)
 Metaspace       used 65028K, committed 66624K, reserved 1114112K
  class space    used 6840K, committed 7552K, reserved 1048576K
}
Event: 26.944 GC heap before
{Heap before GC invocations=210 (full 3):
 PSYoungGen      total 16384K, used 16184K [0x00000000d5580000, 0x00000000d6780000, 0x0000000100000000)
  eden space 14336K, 99% used [0x00000000d5580000,0x00000000d637f048,0x00000000d6380000)
  from space 2048K, 90% used [0x00000000d6580000,0x00000000d674f218,0x00000000d6780000)
  to   space 2048K, 0% used [0x00000000d6380000,0x00000000d6380000,0x00000000d6580000)
 ParOldGen       total 134144K, used 133847K [0x0000000080000000, 0x0000000088300000, 0x00000000d5580000)
  object space 134144K, 99% used [0x0000000080000000,0x00000000882b5c68,0x0000000088300000)
 Metaspace       used 66191K, committed 67776K, reserved 1114112K
  class space    used 6948K, committed 7680K, reserved 1048576K
}
Event: 26.947 GC heap after
{Heap after GC invocations=210 (full 3):
 PSYoungGen      total 16384K, used 1408K [0x00000000d5580000, 0x00000000d6780000, 0x0000000100000000)
  eden space 14336K, 0% used [0x00000000d5580000,0x00000000d5580000,0x00000000d6380000)
  from space 2048K, 68% used [0x00000000d6380000,0x00000000d64e0020,0x00000000d6580000)
  to   space 2048K, 0% used [0x00000000d6580000,0x00000000d6580000,0x00000000d6780000)
 ParOldGen       total 135680K, used 135222K [0x0000000080000000, 0x0000000088480000, 0x00000000d5580000)
  object space 135680K, 99% used [0x0000000080000000,0x000000008840d948,0x0000000088480000)
 Metaspace       used 66191K, committed 67776K, reserved 1114112K
  class space    used 6948K, committed 7680K, reserved 1048576K
}
Event: 27.045 GC heap before
{Heap before GC invocations=211 (full 3):
 PSYoungGen      total 16384K, used 15744K [0x00000000d5580000, 0x00000000d6780000, 0x0000000100000000)
  eden space 14336K, 100% used [0x00000000d5580000,0x00000000d6380000,0x00000000d6380000)
  from space 2048K, 68% used [0x00000000d6380000,0x00000000d64e0020,0x00000000d6580000)
  to   space 2048K, 0% used [0x00000000d6580000,0x00000000d6580000,0x00000000d6780000)
 ParOldGen       total 135680K, used 135225K [0x0000000080000000, 0x0000000088480000, 0x00000000d5580000)
  object space 135680K, 99% used [0x0000000080000000,0x000000008840e438,0x0000000088480000)
 Metaspace       used 66553K, committed 68096K, reserved 1114112K
  class space    used 6973K, committed 7680K, reserved 1048576K
}
Event: 27.047 GC heap after
{Heap after GC invocations=211 (full 3):
 PSYoungGen      total 15360K, used 601K [0x00000000d5580000, 0x00000000d6680000, 0x0000000100000000)
  eden space 14336K, 0% used [0x00000000d5580000,0x00000000d5580000,0x00000000d6380000)
  from space 1024K, 58% used [0x00000000d6580000,0x00000000d6616410,0x00000000d6680000)
  to   space 1024K, 0% used [0x00000000d6480000,0x00000000d6480000,0x00000000d6580000)
 ParOldGen       total 136704K, used 136507K [0x0000000080000000, 0x0000000088580000, 0x00000000d5580000)
  object space 136704K, 99% used [0x0000000080000000,0x000000008854ec48,0x0000000088580000)
 Metaspace       used 66553K, committed 68096K, reserved 1114112K
  class space    used 6973K, committed 7680K, reserved 1048576K
}
Event: 37.147 GC heap before
{Heap before GC invocations=212 (full 3):
 PSYoungGen      total 15360K, used 14937K [0x00000000d5580000, 0x00000000d6680000, 0x0000000100000000)
  eden space 14336K, 100% used [0x00000000d5580000,0x00000000d6380000,0x00000000d6380000)
  from space 1024K, 58% used [0x00000000d6580000,0x00000000d6616410,0x00000000d6680000)
  to   space 1024K, 0% used [0x00000000d6480000,0x00000000d6480000,0x00000000d6580000)
 ParOldGen       total 136704K, used 136507K [0x0000000080000000, 0x0000000088580000, 0x00000000d5580000)
  object space 136704K, 99% used [0x0000000080000000,0x000000008854ec48,0x0000000088580000)
 Metaspace       used 66843K, committed 68416K, reserved 1114112K
  class space    used 6986K, committed 7680K, reserved 1048576K
}
Event: 37.149 GC heap after
{Heap after GC invocations=212 (full 3):
 PSYoungGen      total 15360K, used 992K [0x00000000d5580000, 0x00000000d6880000, 0x0000000100000000)
  eden space 14336K, 0% used [0x00000000d5580000,0x00000000d5580000,0x00000000d6380000)
  from space 1024K, 96% used [0x00000000d6480000,0x00000000d6578020,0x00000000d6580000)
  to   space 2560K, 0% used [0x00000000d6600000,0x00000000d6600000,0x00000000d6880000)
 ParOldGen       total 137728K, used 137413K [0x0000000080000000, 0x0000000088680000, 0x00000000d5580000)
  object space 137728K, 99% used [0x0000000080000000,0x0000000088631558,0x0000000088680000)
 Metaspace       used 66843K, committed 68416K, reserved 1114112K
  class space    used 6986K, committed 7680K, reserved 1048576K
}

Dll operation events (10 events):
Event: 0.028 Loaded shared library c:\Users\86150\.vscode\extensions\redhat.java-1.54.0-win32-x64\jre\21.0.10-win32-x86_64\bin\java.dll
Event: 0.108 Loaded shared library c:\Users\86150\.vscode\extensions\redhat.java-1.54.0-win32-x64\jre\21.0.10-win32-x86_64\bin\zip.dll
Event: 0.334 Loaded shared library C:\Users\86150\.vscode\extensions\redhat.java-1.54.0-win32-x64\jre\21.0.10-win32-x86_64\bin\instrument.dll
Event: 0.349 Loaded shared library C:\Users\86150\.vscode\extensions\redhat.java-1.54.0-win32-x64\jre\21.0.10-win32-x86_64\bin\net.dll
Event: 0.355 Loaded shared library C:\Users\86150\.vscode\extensions\redhat.java-1.54.0-win32-x64\jre\21.0.10-win32-x86_64\bin\nio.dll
Event: 0.361 Loaded shared library C:\Users\86150\.vscode\extensions\redhat.java-1.54.0-win32-x64\jre\21.0.10-win32-x86_64\bin\zip.dll
Event: 0.448 Loaded shared library C:\Users\86150\.vscode\extensions\redhat.java-1.54.0-win32-x64\jre\21.0.10-win32-x86_64\bin\jimage.dll
Event: 3.636 Loaded shared library c:\Users\86150\.vscode\extensions\redhat.java-1.54.0-win32-x64\jre\21.0.10-win32-x86_64\bin\verify.dll
Event: 7.680 Loaded shared library C:\Users\86150\AppData\Roaming\Code\User\globalStorage\redhat.java\1.54.0\config_win\org.eclipse.equinox.launcher\org.eclipse.equinox.launcher.win32.win32.x86_64_1.3.0.v20260203-2149\eclipse_11919.dll
Event: 12.145 Loaded shared library C:\Users\86150\AppData\Local\Temp\jna-53374670\jna16118828432203040200.dll

Deoptimization events (20 events):
Event: 37.142 Thread 0x000001fc45309720 DEOPT PACKING pc=0x000001fc6730cdae sp=0x000000cf592fe940
Event: 37.142 Thread 0x000001fc45309720 DEOPT UNPACKING pc=0x000001fc6e0878e2 sp=0x000000cf592fde98 mode 0
Event: 37.142 Thread 0x000001fc45309720 DEOPT PACKING pc=0x000001fc6730cdae sp=0x000000cf592fe940
Event: 37.142 Thread 0x000001fc45309720 DEOPT UNPACKING pc=0x000001fc6e0878e2 sp=0x000000cf592fde98 mode 0
Event: 37.142 Thread 0x000001fc45309720 DEOPT PACKING pc=0x000001fc6730cdae sp=0x000000cf592fe940
Event: 37.142 Thread 0x000001fc45309720 DEOPT UNPACKING pc=0x000001fc6e0878e2 sp=0x000000cf592fde98 mode 0
Event: 37.142 Thread 0x000001fc45309720 DEOPT PACKING pc=0x000001fc6730cdae sp=0x000000cf592fe940
Event: 37.142 Thread 0x000001fc45309720 DEOPT UNPACKING pc=0x000001fc6e0878e2 sp=0x000000cf592fde98 mode 0
Event: 37.143 Thread 0x000001fc45309720 DEOPT PACKING pc=0x000001fc6730cdae sp=0x000000cf592fe940
Event: 37.143 Thread 0x000001fc45309720 DEOPT UNPACKING pc=0x000001fc6e0878e2 sp=0x000000cf592fde98 mode 0
Event: 37.143 Thread 0x000001fc45309720 DEOPT PACKING pc=0x000001fc6730cdae sp=0x000000cf592fe940
Event: 37.143 Thread 0x000001fc45309720 DEOPT UNPACKING pc=0x000001fc6e0878e2 sp=0x000000cf592fde98 mode 0
Event: 37.144 Thread 0x000001fc45309720 DEOPT PACKING pc=0x000001fc6730cdae sp=0x000000cf592fe940
Event: 37.144 Thread 0x000001fc45309720 DEOPT UNPACKING pc=0x000001fc6e0878e2 sp=0x000000cf592fde98 mode 0
Event: 37.144 Thread 0x000001fc45309720 DEOPT PACKING pc=0x000001fc6730cdae sp=0x000000cf592fe940
Event: 37.144 Thread 0x000001fc45309720 DEOPT UNPACKING pc=0x000001fc6e0878e2 sp=0x000000cf592fde98 mode 0
Event: 37.186 Thread 0x000001fc45309720 Uncommon trap: trap_request=0xffffff45 fr.pc=0x000001fc6ec5ced0 relative=0x0000000000000610
Event: 37.186 Thread 0x000001fc45309720 Uncommon trap: reason=unstable_if action=reinterpret pc=0x000001fc6ec5ced0 method=java.util.ImmutableCollections$AbstractImmutableList.equals(Ljava/lang/Object;)Z @ 2 c2
Event: 37.186 Thread 0x000001fc45309720 DEOPT PACKING pc=0x000001fc6ec5ced0 sp=0x000000cf592fe300
Event: 37.186 Thread 0x000001fc45309720 DEOPT UNPACKING pc=0x000001fc6e086da2 sp=0x000000cf592fe2a0 mode 2

Classes loaded (20 events):
Event: 37.187 Loading class sun/util/locale/provider/TimeZoneNameProviderImpl done
Event: 37.187 Loading class sun/util/cldr/CLDRTimeZoneNameProviderImpl done
Event: 37.188 Loading class sun/util/locale/provider/BaseLocaleDataMetaInfo
Event: 37.188 Loading class sun/util/locale/provider/BaseLocaleDataMetaInfo done
Event: 37.189 Loading class sun/util/resources/cldr/TimeZoneNames
Event: 37.189 Loading class sun/util/resources/TimeZoneNamesBundle
Event: 37.190 Loading class sun/util/resources/OpenListResourceBundle
Event: 37.190 Loading class sun/util/resources/OpenListResourceBundle done
Event: 37.190 Loading class sun/util/resources/TimeZoneNamesBundle done
Event: 37.190 Loading class sun/util/resources/cldr/TimeZoneNames done
Event: 37.190 Loading class sun/util/resources/cldr/TimeZoneNames_en
Event: 37.192 Loading class sun/util/resources/cldr/TimeZoneNames_en done
Event: 37.192 Loading class sun/util/resources/cldr/TimeZoneNames_en_US
Event: 37.192 Loading class sun/util/resources/cldr/TimeZoneNames_en_US done
Event: 37.194 Loading class sun/util/cldr/CLDRBaseLocaleDataMetaInfo$TZCanonicalIDMapHolder
Event: 37.195 Loading class sun/util/cldr/CLDRBaseLocaleDataMetaInfo$TZCanonicalIDMapHolder done
Event: 37.197 Loading class sun/util/resources/TimeZoneNames
Event: 37.198 Loading class sun/util/resources/TimeZoneNames done
Event: 37.198 Loading class sun/util/resources/TimeZoneNames_en
Event: 37.198 Loading class sun/util/resources/TimeZoneNames_en done

Classes unloaded (11 events):
Event: 14.192 Thread 0x000001fc63872d50 Unloading class 0x000001fc011ad000 'java/lang/invoke/LambdaForm$MH+0x000001fc011ad000'
Event: 14.192 Thread 0x000001fc63872d50 Unloading class 0x000001fc011acc00 'java/lang/invoke/LambdaForm$MH+0x000001fc011acc00'
Event: 14.192 Thread 0x000001fc63872d50 Unloading class 0x000001fc011ac800 'java/lang/invoke/LambdaForm$MH+0x000001fc011ac800'
Event: 14.192 Thread 0x000001fc63872d50 Unloading class 0x000001fc011ac400 'java/lang/invoke/LambdaForm$MH+0x000001fc011ac400'
Event: 14.192 Thread 0x000001fc63872d50 Unloading class 0x000001fc011ac000 'java/lang/invoke/LambdaForm$BMH+0x000001fc011ac000'
Event: 14.192 Thread 0x000001fc63872d50 Unloading class 0x000001fc011abc00 'java/lang/invoke/LambdaForm$DMH+0x000001fc011abc00'
Event: 14.192 Thread 0x000001fc63872d50 Unloading class 0x000001fc011aac00 'java/lang/invoke/LambdaForm$DMH+0x000001fc011aac00'
Event: 21.859 Thread 0x000001fc63872d50 Unloading class 0x000001fc0165c800 'java/lang/invoke/LambdaForm$MH+0x000001fc0165c800'
Event: 21.859 Thread 0x000001fc63872d50 Unloading class 0x000001fc0165c400 'java/lang/invoke/LambdaForm$MH+0x000001fc0165c400'
Event: 21.859 Thread 0x000001fc63872d50 Unloading class 0x000001fc01650c00 'java/lang/invoke/LambdaForm$MH+0x000001fc01650c00'
Event: 21.859 Thread 0x000001fc63872d50 Unloading class 0x000001fc01650400 'java/lang/invoke/LambdaForm$MH+0x000001fc01650400'

Classes redefined (0 events):
No events

Internal exceptions (20 events):
Event: 26.097 Thread 0x000001fc48e77890 Exception <a 'java/lang/NoSuchMethodError'{0x00000000d60c6050}: 'int java.lang.invoke.DirectMethodHandle$Holder.invokeSpecialIFC(java.lang.Object, java.lang.Object, java.lang.Object)'> (0x00000000d60c6050) 
thrown [s\src\hotspot\share\interpreter\linkResolver.cpp, line 773]
Event: 26.124 Thread 0x000001fc46286740 Exception <a 'java/lang/LinkageError'{0x00000000d624f248}: loader lombok.launch.ShadowClassLoader @7f196aa9 attempted duplicate class definition for lombok.launch.PatchFixesHider$Delegate. (lombok.launch.PatchFixesHider$Delegate is in unnamed module of loader lombok.launch.ShadowClassLoader @7f196aa9, parent loader org.eclipse.osgi.internal.loader.EquinoxClassLoader @10789b5a)> (0x00000000d624f248) 
thrown [s\src\hotspot\share\classfile\systemDictionary.cpp, line 1672]
Event: 26.144 Thread 0x000001fc48e77890 Implicit null exception at 0x000001fc6ed1f888 to 0x000001fc6ed200c8
Event: 26.247 Thread 0x000001fc46286740 Exception <a 'java/lang/NoSuchMethodError'{0x00000000d60658e8}: 'java.lang.Object java.lang.invoke.DirectMethodHandle$Holder.invokeStatic(java.lang.Object, java.lang.Object, int, int)'> (0x00000000d60658e8) 
thrown [s\src\hotspot\share\interpreter\linkResolver.cpp, line 773]
Event: 26.247 Thread 0x000001fc48e77890 Exception <a 'java/lang/NoSuchMethodError'{0x00000000d6046898}: 'java.lang.Object java.lang.invoke.DirectMethodHandle$Holder.invokeStatic(java.lang.Object, java.lang.Object, int, int)'> (0x00000000d6046898) 
thrown [s\src\hotspot\share\interpreter\linkResolver.cpp, line 773]
Event: 26.247 Thread 0x000001fc46286740 Exception <a 'java/lang/NoSuchMethodError'{0x00000000d60698f0}: 'java.lang.Object java.lang.invoke.DirectMethodHandle$Holder.invokeSpecial(java.lang.Object, java.lang.Object, java.lang.Object, int, int)'> (0x00000000d60698f0) 
thrown [s\src\hotspot\share\interpreter\linkResolver.cpp, line 773]
Event: 26.247 Thread 0x000001fc48e77890 Exception <a 'java/lang/NoSuchMethodError'{0x00000000d604aae8}: 'java.lang.Object java.lang.invoke.DirectMethodHandle$Holder.invokeSpecial(java.lang.Object, java.lang.Object, java.lang.Object, int, int)'> (0x00000000d604aae8) 
thrown [s\src\hotspot\share\interpreter\linkResolver.cpp, line 773]
Event: 26.387 Thread 0x000001fc48e77890 Exception <a 'java/lang/LinkageError'{0x00000000d5f6c1d0}: loader lombok.launch.ShadowClassLoader @7f196aa9 attempted duplicate class definition for lombok.launch.PatchFixesHider$ExtensionMethod. (lombok.launch.PatchFixesHider$ExtensionMethod is in unnamed module of loader lombok.launch.ShadowClassLoader @7f196aa9, parent loader org.eclipse.osgi.internal.loader.EquinoxClassLoader @10789b5a)> (0x00000000d5f6c1d0) 
thrown [s\src\hotspot\share\classfile\systemDictionary.cpp, line 1672]
Event: 26.404 Thread 0x000001fc48e77890 Exception <a 'java/lang/LinkageError'{0x00000000d5f85660}: loader lombok.launch.ShadowClassLoader @7f196aa9 attempted duplicate class definition for lombok.launch.PatchFixesHider$Val. (lombok.launch.PatchFixesHider$Val is in unnamed module of loader lombok.launch.ShadowClassLoader @7f196aa9, parent loader org.eclipse.osgi.internal.loader.EquinoxClassLoader @10789b5a)> (0x00000000d5f85660) 
thrown [s\src\hotspot\share\classfile\systemDictionary.cpp, line 1672]
Event: 26.408 Thread 0x000001fc46289530 Exception <a 'java/lang/NoSuchMethodError'{0x00000000d61ef5a8}: 'java.lang.Object java.lang.invoke.DirectMethodHandle$Holder.invokeStatic(java.lang.Object, java.lang.Object, int, java.lang.Object)'> (0x00000000d61ef5a8) 
thrown [s\src\hotspot\share\interpreter\linkResolver.cpp, line 773]
Event: 26.409 Thread 0x000001fc46289530 Exception <a 'java/lang/NoSuchMethodError'{0x00000000d624a6d0}: 'java.lang.Object java.lang.invoke.DirectMethodHandle$Holder.newInvokeSpecial(java.lang.Object, java.lang.Object, int)'> (0x00000000d624a6d0) 
thrown [s\src\hotspot\share\interpreter\linkResolver.cpp, line 773]
Event: 26.453 Thread 0x000001fc48e77890 Exception <a 'java/lang/NoSuchMethodError'{0x00000000d582b220}: 'void java.lang.invoke.DirectMethodHandle$Holder.invokeVirtual(java.lang.Object, java.lang.Object, java.lang.Object, java.lang.Object, java.lang.Object)'> (0x00000000d582b220) 
thrown [s\src\hotspot\share\interpreter\linkResolver.cpp, line 773]
Event: 26.453 Thread 0x000001fc46286740 Exception <a 'java/lang/NoSuchMethodError'{0x00000000d5780e18}: 'void java.lang.invoke.DirectMethodHandle$Holder.invokeVirtual(java.lang.Object, java.lang.Object, java.lang.Object, java.lang.Object, java.lang.Object)'> (0x00000000d5780e18) 
thrown [s\src\hotspot\share\interpreter\linkResolver.cpp, line 773]
Event: 26.492 Thread 0x000001fc46289530 Implicit null exception at 0x000001fc6ec18b27 to 0x000001fc6ec18e78
Event: 26.572 Thread 0x000001fc46286740 Exception <a 'java/io/FileNotFoundException'{0x00000000d58d9a00}> (0x00000000d58d9a00) 
thrown [s\src\hotspot\share\prims\jni.cpp, line 520]
Event: 26.573 Thread 0x000001fc46286740 Exception <a 'java/io/FileNotFoundException'{0x00000000d58dae28}> (0x00000000d58dae28) 
thrown [s\src\hotspot\share\prims\jni.cpp, line 520]
Event: 26.573 Thread 0x000001fc46286740 Exception <a 'java/io/FileNotFoundException'{0x00000000d58dbd78}> (0x00000000d58dbd78) 
thrown [s\src\hotspot\share\prims\jni.cpp, line 520]
Event: 26.658 Thread 0x000001fc48e77890 Implicit null exception at 0x000001fc6ed2aa6f to 0x000001fc6ed2b33c
Event: 26.663 Thread 0x000001fc48e77890 Implicit null exception at 0x000001fc6ecd2948 to 0x000001fc6ecd342c
Event: 26.922 Thread 0x000001fc48e77200 Exception <a 'java/lang/NoSuchMethodError'{0x00000000d6209710}: 'java.lang.Object java.lang.invoke.DirectMethodHandle$Holder.invokeStatic(java.lang.Object, int, java.lang.Object, java.lang.Object, java.lang.Object, java.lang.Object)'> (0x00000000d6209710) 
thrown [s\src\hotspot\share\interpreter\linkResolver.cpp, line 773]

ZGC Phase Switch (0 events):
No events

VM Operations (20 events):
Event: 26.694 Executing safepoint VM operation: ParallelGCFailedAllocation (Allocation Failure)
Event: 26.697 Executing safepoint VM operation: ParallelGCFailedAllocation (Allocation Failure) done
Event: 26.944 Executing safepoint VM operation: ParallelGCFailedAllocation (Allocation Failure)
Event: 26.944 Executing safepoint VM operation: ParallelGCFailedAllocation (Allocation Failure) done
Event: 26.944 Executing safepoint VM operation: ParallelGCSystemGC (GCLocker Initiated GC)
Event: 26.947 Executing safepoint VM operation: ParallelGCSystemGC (GCLocker Initiated GC) done
Event: 27.042 Executing safepoint VM operation: ParallelGCFailedAllocation (Allocation Failure)
Event: 27.047 Executing safepoint VM operation: ParallelGCFailedAllocation (Allocation Failure) done
Event: 28.052 Executing safepoint VM operation: Cleanup
Event: 28.052 Executing safepoint VM operation: Cleanup done
Event: 37.147 Executing safepoint VM operation: ParallelGCFailedAllocation (Allocation Failure)
Event: 37.149 Executing safepoint VM operation: ParallelGCFailedAllocation (Allocation Failure) done
Event: 38.152 Executing safepoint VM operation: Cleanup
Event: 38.152 Executing safepoint VM operation: Cleanup done
Event: 47.217 Executing safepoint VM operation: Cleanup
Event: 47.217 Executing safepoint VM operation: Cleanup done
Event: 60.068 Executing non-safepoint VM operation: HandshakeAllThreads (HandshakeForDeflation)
Event: 60.068 Executing non-safepoint VM operation: HandshakeAllThreads (HandshakeForDeflation) done
Event: 60.068 Executing non-safepoint VM operation: RendezvousGCThreads
Event: 60.068 Executing non-safepoint VM operation: RendezvousGCThreads done

Memory protections (0 events):
No events

Nmethod flushes (20 events):
Event: 21.878 Thread 0x000001fc63872d50 flushing osr nmethod 0x000001fc67374c90
Event: 21.878 Thread 0x000001fc63872d50 flushing osr nmethod 0x000001fc67378410
Event: 21.878 Thread 0x000001fc63872d50 flushing osr nmethod 0x000001fc673cd710
Event: 21.878 Thread 0x000001fc63872d50 flushing  nmethod 0x000001fc673e1410
Event: 21.878 Thread 0x000001fc63872d50 flushing  nmethod 0x000001fc673f2c90
Event: 21.878 Thread 0x000001fc63872d50 flushing  nmethod 0x000001fc673f3010
Event: 21.878 Thread 0x000001fc63872d50 flushing  nmethod 0x000001fc673f3590
Event: 21.878 Thread 0x000001fc63872d50 flushing  nmethod 0x000001fc673fc290
Event: 21.878 Thread 0x000001fc63872d50 flushing  nmethod 0x000001fc67407990
Event: 21.878 Thread 0x000001fc63872d50 flushing  nmethod 0x000001fc6742fc10
Event: 21.878 Thread 0x000001fc63872d50 flushing  nmethod 0x000001fc67431510
Event: 21.878 Thread 0x000001fc63872d50 flushing  nmethod 0x000001fc67431890
Event: 21.878 Thread 0x000001fc63872d50 flushing  nmethod 0x000001fc67433190
Event: 21.878 Thread 0x000001fc63872d50 flushing  nmethod 0x000001fc67438410
Event: 21.878 Thread 0x000001fc63872d50 flushing osr nmethod 0x000001fc6743ef10
Event: 21.878 Thread 0x000001fc63872d50 flushing  nmethod 0x000001fc67451910
Event: 21.878 Thread 0x000001fc63872d50 flushing  nmethod 0x000001fc67452190
Event: 21.878 Thread 0x000001fc63872d50 flushing  nmethod 0x000001fc67452790
Event: 21.878 Thread 0x000001fc63872d50 flushing  nmethod 0x000001fc67452e90
Event: 21.878 Thread 0x000001fc63872d50 flushing  nmethod 0x000001fc67456b90

Events (20 events):
Event: 19.924 Thread 0x000001fc45055de0 Thread added: 0x000001fc6396d800
Event: 20.736 Thread 0x000001fc6396d800 Thread exited: 0x000001fc6396d800
Event: 20.958 Thread 0x000001fc45055de0 Thread added: 0x000001fc486fad40
Event: 22.858 Thread 0x000001fc46289530 Thread added: 0x000001fc465fb1a0
Event: 22.859 Thread 0x000001fc46289530 Thread added: 0x000001fc465fb830
Event: 22.859 Thread 0x000001fc46289530 Thread added: 0x000001fc465fa480
Event: 22.860 Thread 0x000001fc46289530 Thread added: 0x000001fc465fc550
Event: 22.860 Thread 0x000001fc46289530 Thread added: 0x000001fc465fbec0
Event: 24.337 Thread 0x000001fc465fc550 Thread exited: 0x000001fc465fc550
Event: 24.338 Thread 0x000001fc465fb1a0 Thread exited: 0x000001fc465fb1a0
Event: 24.338 Thread 0x000001fc465fbec0 Thread exited: 0x000001fc465fbec0
Event: 24.340 Thread 0x000001fc465fa480 Thread exited: 0x000001fc465fa480
Event: 24.340 Thread 0x000001fc465fb830 Thread exited: 0x000001fc465fb830
Event: 26.814 Thread 0x000001fc48e77200 Thread added: 0x000001fc465fa480
Event: 27.369 Thread 0x000001fc486fad40 Thread exited: 0x000001fc486fad40
Event: 32.456 Thread 0x000001fc491c36c0 Thread exited: 0x000001fc491c36c0
Event: 37.136 Thread 0x000001fc45055de0 Thread added: 0x000001fc486fad40
Event: 37.150 Thread 0x000001fc45055de0 Thread added: 0x000001fc4ea27770
Event: 42.217 Thread 0x000001fc4ea27770 Thread exited: 0x000001fc4ea27770
Event: 42.551 Thread 0x000001fc486fad40 Thread exited: 0x000001fc486fad40


Dynamic libraries:
0x00007ff6ee310000 - 0x00007ff6ee31e000 	c:\Users\86150\.vscode\extensions\redhat.java-1.54.0-win32-x64\jre\21.0.10-win32-x86_64\bin\java.exe
0x00007ff931660000 - 0x00007ff9318c7000 	C:\WINDOWS\SYSTEM32\ntdll.dll
0x00007ff92f3e0000 - 0x00007ff92f4a9000 	C:\WINDOWS\System32\KERNEL32.DLL
0x00007ff92e1c0000 - 0x00007ff92e5b7000 	C:\WINDOWS\System32\KERNELBASE.dll
0x00007ff92f1e0000 - 0x00007ff92f32b000 	C:\WINDOWS\System32\ucrtbase.dll
0x00007ff901b30000 - 0x00007ff901b48000 	c:\Users\86150\.vscode\extensions\redhat.java-1.54.0-win32-x64\jre\21.0.10-win32-x86_64\bin\jli.dll
0x00007ff92feb0000 - 0x00007ff930076000 	C:\WINDOWS\System32\USER32.dll
0x00007ff92f030000 - 0x00007ff92f057000 	C:\WINDOWS\System32\win32u.dll
0x00007ff9311b0000 - 0x00007ff9311db000 	C:\WINDOWS\System32\GDI32.dll
0x00007ff92e090000 - 0x00007ff92e1bc000 	C:\WINDOWS\System32\gdi32full.dll
0x00007ff92e5c0000 - 0x00007ff92e663000 	C:\WINDOWS\System32\msvcp_win.dll
0x00007ff901b50000 - 0x00007ff901b6e000 	c:\Users\86150\.vscode\extensions\redhat.java-1.54.0-win32-x64\jre\21.0.10-win32-x86_64\bin\VCRUNTIME140.dll
0x00007ff908b20000 - 0x00007ff908db2000 	C:\WINDOWS\WinSxS\amd64_microsoft.windows.common-controls_6595b64144ccf1df_6.0.26100.8457_none_3e0b2faee331e92d\COMCTL32.dll
0x00007ff930080000 - 0x00007ff930129000 	C:\WINDOWS\System32\msvcrt.dll
0x00007ff9305a0000 - 0x00007ff9305d2000 	C:\WINDOWS\System32\IMM32.DLL
0x00007ff918830000 - 0x00007ff91883c000 	c:\Users\86150\.vscode\extensions\redhat.java-1.54.0-win32-x64\jre\21.0.10-win32-x86_64\bin\vcruntime140_1.dll
0x00007ff898c20000 - 0x00007ff898cad000 	c:\Users\86150\.vscode\extensions\redhat.java-1.54.0-win32-x64\jre\21.0.10-win32-x86_64\bin\msvcp140.dll
0x00007ff839a70000 - 0x00007ff83a811000 	c:\Users\86150\.vscode\extensions\redhat.java-1.54.0-win32-x64\jre\21.0.10-win32-x86_64\bin\server\jvm.dll
0x00007ff9305e0000 - 0x00007ff930696000 	C:\WINDOWS\System32\ADVAPI32.dll
0x00007ff930700000 - 0x00007ff9307a7000 	C:\WINDOWS\System32\sechost.dll
0x00007ff92f4b0000 - 0x00007ff92f5c8000 	C:\WINDOWS\System32\RPCRT4.dll
0x00007ff931590000 - 0x00007ff931610000 	C:\WINDOWS\System32\WS2_32.dll
0x00007ff92def0000 - 0x00007ff92df4e000 	C:\WINDOWS\SYSTEM32\POWRPROF.dll
0x00007ff9289a0000 - 0x00007ff9289d6000 	C:\WINDOWS\SYSTEM32\WINMM.dll
0x00007ff9225a0000 - 0x00007ff9225ab000 	C:\WINDOWS\SYSTEM32\VERSION.dll
0x00007ff92ded0000 - 0x00007ff92dee4000 	C:\WINDOWS\SYSTEM32\UMPDC.dll
0x00007ff92ce20000 - 0x00007ff92ce3b000 	C:\WINDOWS\SYSTEM32\kernel.appcore.dll
0x00007ff9180b0000 - 0x00007ff9180ba000 	c:\Users\86150\.vscode\extensions\redhat.java-1.54.0-win32-x64\jre\21.0.10-win32-x86_64\bin\jimage.dll
0x00007ff92c0b0000 - 0x00007ff92c2f2000 	C:\WINDOWS\SYSTEM32\DBGHELP.DLL
0x00007ff931200000 - 0x00007ff931583000 	C:\WINDOWS\System32\combase.dll
0x00007ff930410000 - 0x00007ff9304e9000 	C:\WINDOWS\System32\OLEAUT32.dll
0x00007ff928960000 - 0x00007ff92899b000 	C:\WINDOWS\SYSTEM32\dbgcore.DLL
0x00007ff92f330000 - 0x00007ff92f3d8000 	C:\WINDOWS\System32\bcryptPrimitives.dll
0x00007ff906fc0000 - 0x00007ff906fcf000 	c:\Users\86150\.vscode\extensions\redhat.java-1.54.0-win32-x64\jre\21.0.10-win32-x86_64\bin\instrument.dll
0x00007ff8ecfb0000 - 0x00007ff8ecfd0000 	c:\Users\86150\.vscode\extensions\redhat.java-1.54.0-win32-x64\jre\21.0.10-win32-x86_64\bin\java.dll
0x00007ff9307b0000 - 0x00007ff930f1e000 	C:\WINDOWS\System32\SHELL32.dll
0x00007ff92e670000 - 0x00007ff92eedc000 	C:\WINDOWS\System32\windows.storage.dll
0x00007ff931090000 - 0x00007ff931186000 	C:\WINDOWS\System32\SHCORE.dll
0x00007ff9304f0000 - 0x00007ff930556000 	C:\WINDOWS\System32\shlwapi.dll
0x00007ff92dfb0000 - 0x00007ff92dfd9000 	C:\WINDOWS\SYSTEM32\profapi.dll
0x00007ff8ecf60000 - 0x00007ff8ecf78000 	c:\Users\86150\.vscode\extensions\redhat.java-1.54.0-win32-x64\jre\21.0.10-win32-x86_64\bin\zip.dll
0x00007ff906f90000 - 0x00007ff906fa0000 	C:\Users\86150\.vscode\extensions\redhat.java-1.54.0-win32-x64\jre\21.0.10-win32-x86_64\bin\net.dll
0x00007ff925e70000 - 0x00007ff925f99000 	C:\WINDOWS\SYSTEM32\WINHTTP.dll
0x00007ff92d390000 - 0x00007ff92d3fc000 	C:\WINDOWS\system32\mswsock.dll
0x00007ff8ec8a0000 - 0x00007ff8ec8b6000 	C:\Users\86150\.vscode\extensions\redhat.java-1.54.0-win32-x64\jre\21.0.10-win32-x86_64\bin\nio.dll
0x00007ff906bf0000 - 0x00007ff906c00000 	c:\Users\86150\.vscode\extensions\redhat.java-1.54.0-win32-x64\jre\21.0.10-win32-x86_64\bin\verify.dll
0x00007ff899300000 - 0x00007ff899345000 	C:\Users\86150\AppData\Roaming\Code\User\globalStorage\redhat.java\1.54.0\config_win\org.eclipse.equinox.launcher\org.eclipse.equinox.launcher.win32.win32.x86_64_1.3.0.v20260203-2149\eclipse_11919.dll
0x00007ff9301f0000 - 0x00007ff930387000 	C:\WINDOWS\System32\ole32.dll
0x00007ff92d670000 - 0x00007ff92d68b000 	C:\WINDOWS\SYSTEM32\CRYPTSP.dll
0x00007ff92cd80000 - 0x00007ff92cdb9000 	C:\WINDOWS\system32\rsaenh.dll
0x00007ff92d440000 - 0x00007ff92d473000 	C:\WINDOWS\SYSTEM32\USERENV.dll
0x00007ff92df80000 - 0x00007ff92dfaa000 	C:\WINDOWS\SYSTEM32\bcrypt.dll
0x00007ff92d690000 - 0x00007ff92d69c000 	C:\WINDOWS\SYSTEM32\CRYPTBASE.dll
0x00007ff92c960000 - 0x00007ff92c992000 	C:\WINDOWS\SYSTEM32\IPHLPAPI.DLL
0x00007ff9311a0000 - 0x00007ff9311aa000 	C:\WINDOWS\System32\NSI.dll
0x00007ff89a430000 - 0x00007ff89a479000 	C:\Users\86150\AppData\Local\Temp\jna-53374670\jna16118828432203040200.dll
0x00007ff930590000 - 0x00007ff930598000 	C:\WINDOWS\System32\PSAPI.DLL
0x00007ff926160000 - 0x00007ff92617d000 	C:\WINDOWS\SYSTEM32\dhcpcsvc6.DLL
0x00007ff926130000 - 0x00007ff926155000 	C:\WINDOWS\SYSTEM32\dhcpcsvc.DLL

JVMTI agents:
c:\Users\86150\.vscode\extensions\redhat.java-1.54.0-win32-x64\lombok\lombok-1.18.39-4050.jar path:c:\Users\86150\.vscode\extensions\redhat.java-1.54.0-win32-x64\jre\21.0.10-win32-x86_64\bin\instrument.dll, loaded, initialized, instrumentlib options:none

dbghelp: loaded successfully - version: 4.0.5 - missing functions: none
symbol engine: initialized successfully - sym options: 0x614 - pdb path: .;c:\Users\86150\.vscode\extensions\redhat.java-1.54.0-win32-x64\jre\21.0.10-win32-x86_64\bin;C:\WINDOWS\SYSTEM32;C:\WINDOWS\WinSxS\amd64_microsoft.windows.common-controls_6595b64144ccf1df_6.0.26100.8457_none_3e0b2faee331e92d;c:\Users\86150\.vscode\extensions\redhat.java-1.54.0-win32-x64\jre\21.0.10-win32-x86_64\bin\server;C:\Users\86150\AppData\Roaming\Code\User\globalStorage\redhat.java\1.54.0\config_win\org.eclipse.equinox.launcher\org.eclipse.equinox.launcher.win32.win32.x86_64_1.3.0.v20260203-2149;C:\Users\86150\AppData\Local\Temp\jna-53374670

VM Arguments:
jvm_args: --add-modules=ALL-SYSTEM --add-opens=java.base/java.util=ALL-UNNAMED --add-opens=java.base/java.lang=ALL-UNNAMED --add-opens=java.base/sun.nio.fs=ALL-UNNAMED -Declipse.application=org.eclipse.jdt.ls.core.id1 -Dosgi.bundles.defaultStartLevel=4 -Declipse.product=org.eclipse.jdt.ls.core.product -Djava.import.generatesMetadataFilesAtProjectRoot=false -DDetectVMInstallationsJob.disabled=true -Dfile.encoding=utf8 -XX:+UseParallelGC -XX:GCTimeRatio=4 -XX:AdaptiveSizePolicyWeight=90 -Dsun.zip.disableMemoryMapping=true -Xmx2G -Xms100m -Xlog:disable -javaagent:c:\Users\86150\.vscode\extensions\redhat.java-1.54.0-win32-x64\lombok\lombok-1.18.39-4050.jar -XX:+HeapDumpOnOutOfMemoryError -XX:HeapDumpPath=c:\Users\86150\AppData\Roaming\Code\User\workspaceStorage\2496f935dea6ed964180d4c8bef5434b\redhat.java -Daether.dependencyCollector.impl=bf 
java_command: c:\Users\86150\.vscode\extensions\redhat.java-1.54.0-win32-x64\server\plugins\org.eclipse.equinox.launcher_1.7.100.v20251111-0406.jar -configuration c:\Users\86150\AppData\Roaming\Code\User\globalStorage\redhat.java\1.54.0\config_win -data c:\Users\86150\AppData\Roaming\Code\User\workspaceStorage\2496f935dea6ed964180d4c8bef5434b\redhat.java\jdt_ws --pipe=\\.\pipe\lsp-9c60da9881214c6f49b2c3ffdf08e56c-sock
java_class_path (initial): c:\Users\86150\.vscode\extensions\redhat.java-1.54.0-win32-x64\server\plugins\org.eclipse.equinox.launcher_1.7.100.v20251111-0406.jar
Launcher Type: SUN_STANDARD

[Global flags]
    uintx AdaptiveSizePolicyWeight                 = 90                                        {product} {command line}
     intx CICompilerCount                          = 4                                         {product} {ergonomic}
    uintx GCTimeRatio                              = 4                                         {product} {command line}
     bool HeapDumpOnOutOfMemoryError               = true                                   {manageable} {command line}
    ccstr HeapDumpPath                             = c:\Users\86150\AppData\Roaming\Code\User\workspaceStorage\2496f935dea6ed964180d4c8bef5434b\redhat.java         {manageable} {command line}
   size_t InitialHeapSize                          = 104857600                                 {product} {command line}
   size_t MaxHeapSize                              = 2147483648                                {product} {command line}
   size_t MaxNewSize                               = 715653120                                 {product} {ergonomic}
   size_t MinHeapDeltaBytes                        = 524288                                    {product} {ergonomic}
   size_t MinHeapSize                              = 104857600                                 {product} {command line}
   size_t NewSize                                  = 34603008                                  {product} {ergonomic}
    uintx NonNMethodCodeHeapSize                   = 5839372                                {pd product} {ergonomic}
    uintx NonProfiledCodeHeapSize                  = 122909434                              {pd product} {ergonomic}
   size_t OldSize                                  = 70254592                                  {product} {ergonomic}
    uintx ProfiledCodeHeapSize                     = 122909434                              {pd product} {ergonomic}
    uintx ReservedCodeCacheSize                    = 251658240                              {pd product} {ergonomic}
     bool SegmentedCodeCache                       = true                                      {product} {ergonomic}
   size_t SoftMaxHeapSize                          = 2147483648                             {manageable} {ergonomic}
     bool UseCompressedOops                        = true                           {product lp64_product} {ergonomic}
     bool UseLargePagesIndividualAllocation        = false                                  {pd product} {ergonomic}
     bool UseParallelGC                            = true                                      {product} {command line}

Logging:
Log output configuration:
 #0: stdout all=off uptime,level,tags foldmultilines=false
 #1: stderr all=off uptime,level,tags foldmultilines=false

Release file:
JAVA_VERSION="21.0.10" 
MODULES="java.base java.compiler java.datatransfer java.xml java.prefs java.desktop java.instrument java.logging java.management java.security.sasl java.naming java.rmi java.management.rmi java.net.http java.scripting java.security.jgss java.transaction.xa java.sql java.sql.rowset java.xml.crypto java.se java.smartcardio jdk.accessibility jdk.internal.jvmstat jdk.attach jdk.charsets jdk.internal.opt jdk.zipfs jdk.compiler jdk.crypto.ec jdk.crypto.cryptoki jdk.crypto.mscapi jdk.dynalink jdk.internal.ed jdk.editpad jdk.hotspot.agent jdk.httpserver jdk.internal.le jdk.internal.vm.ci jdk.internal.vm.compiler jdk.internal.vm.compiler.management jdk.jartool jdk.javadoc jdk.jcmd jdk.management jdk.management.agent jdk.jconsole jdk.jdeps jdk.jdwp.agent jdk.jdi jdk.jfr jdk.jshell jdk.jsobject jdk.jstatd jdk.localedata jdk.management.jfr jdk.naming.dns jdk.naming.rmi jdk.net jdk.nio.mapmode jdk.random jdk.sctp jdk.security.auth jdk.security.jgss jdk.unsupported jdk.unsupported.desktop jdk.xml.dom" 

Environment Variables:
JAVA_HOME=D:\develop\jdk8
PATH=D:\wmware17.5.0\;D:\develop\jdk8\bin;D:\develop\jdk\bin;D:\develop\mysql-8.0.31-winx64\bin;C:\WINDOWS\system32;D:\develop\apache-maven-3.6.1-bin\apache-maven-3.6.1\bin;C:\WINDOWS;C:\WINDOWS\System32\Wbem;C:\WINDOWS\System32\WindowsPowerShell\v1.0\;C:\WINDOWS\System32\OpenSSH\;C:\Program Files\dotnet\;C:\Program Files\MySQL\MySQL Server 8.0\bin;C:\QQ\Bin;D:\develop\微信web开发者工具\dll;C:\Pro;ram Files\TortoiseSVN\bin;C:\Program Files\Git\cmd;D:\develop\xshell\;D:\develop\xftp\;D:\develop\nvm;C:\Program Files\nodejs;C:\Program Files (x86)\Google\Cloud SDK\google-cloud-sdk\bin;;C:\Program Files\Docker\Docker\resources\bin;D:\python\Scripts\;D:\python\;C:\Users\86150\AppData\Local\Microsoft\WindowsApps;D:\python\PyCharm Community Edition 2024.2.3\bin;D:\develop\Microsoft VS Code\bin;D:\develop\nvm;D:\develop;C:\Users\86150\AppData\Local\Microsoft\WindowsApps;D:\develop\nvm;C:\Program Files\nodejs;C:\Users\86150\AppData\Local\Microsoft\WinGet\Packages\JohnMacFarlane.Pandoc_Microsoft.Winget.Source_8wekyb3d8bbwe\pandoc-3.9.0.2;
USERNAME=86150
OS=Windows_NT
PROCESSOR_IDENTIFIER=Intel64 Family 6 Model 140 Stepping 2, GenuineIntel
TMP=C:\Users\86150\AppData\Local\Temp
TEMP=C:\Users\86150\AppData\Local\Temp




Periodic native trim disabled

---------------  S Y S T E M  ---------------

OS:
 Windows 11 , 64 bit Build 26100 (10.0.26100.8328)
OS uptime: 0 days 2:16 hours
Hyper-V role detected

CPU: total 8 (initial active 8) (4 cores per cpu, 2 threads per core) family 6 model 140 stepping 2 microcode 0x38, cx8, cmov, fxsr, ht, mmx, 3dnowpref, sse, sse2, sse3, ssse3, sse4.1, sse4.2, popcnt, lzcnt, tsc, tscinvbit, avx, avx2, aes, erms, clmul, bmi1, bmi2, adx, avx512f, avx512dq, avx512cd, avx512bw, avx512vl, sha, fma, vzeroupper, avx512_vpopcntdq, avx512_vpclmulqdq, avx512_vaes, avx512_vnni, clflush, clflushopt, clwb, avx512_vbmi2, avx512_vbmi, hv, rdtscp, rdpid, fsrm, gfni, avx512_bitalg, f16c, cet_ibt, cet_ss, avx512_ifma
Processor Information for the first 8 processors :
  Max Mhz: 2496, Current Mhz: 2496, Mhz Limit: 2496

Memory: 4k page, system-wide physical 16122M (1164M free)
TotalPageFile size 24314M (AvailPageFile size 10M)
current process WorkingSet (physical memory assigned to process): 349M, peak: 418M
current process commit charge ("private bytes"): 418M, peak: 488M

vm_info: OpenJDK 64-Bit Server VM (21.0.10+7-LTS) for windows-amd64 JRE (21.0.10+7-LTS), built on 2026-01-20T00:00:00Z by "admin" with MS VC++ 17.12 (VS2022)

END.
