#
# There is insufficient memory for the Java Runtime Environment to continue.
# Native memory allocation (mmap) failed to map 264241152 bytes. Error detail: G1 virtual space
# Possible reasons:
#   The system is out of physical RAM or swap space
#   This process is running with CompressedOops enabled, and the Java Heap may be blocking the growth of the native heap
# Possible solutions:
#   Reduce memory load on the system
#   Increase physical memory or swap space
#   Check if swap backing store is full
#   Decrease Java heap size (-Xmx/-Xms)
#   Decrease number of Java threads
#   Decrease Java thread stack sizes (-Xss)
#   Set larger code cache with -XX:ReservedCodeCacheSize=
#   JVM is running with Zero Based Compressed Oops mode in which the Java heap is
#     placed in the first 32GB address space. The Java Heap base address is the
#     maximum limit for the native heap growth. Please use -XX:HeapBaseMinAddress
#     to set the Java Heap base and to place the Java Heap above 32GB virtual address.
# This output file may be truncated or incomplete.
#
#  Out of Memory Error (os_windows.cpp:3618), pid=24192, tid=25064
#
# JRE version:  (17.0.19+10) (build )
# Java VM: OpenJDK 64-Bit Server VM (17.0.19+10-LTS, mixed mode, sharing, tiered, compressed oops, compressed class ptrs, g1 gc, windows-amd64)
# No core dump will be written. Minidumps are not enabled by default on client versions of Windows
#

---------------  S U M M A R Y ------------

Command Line: -Djdk.tls.client.protocols=TLSv1.2 -Dhttps.protocols=TLSv1.2 -Dmaven.wagon.http.ssl.insecure=true -Dmaven.wagon.http.ssl.allowall=true -Dclassworlds.conf=D:/develop/apache-maven-3.6.1-bin/apache-maven-3.6.1/bin/m2.conf -Dmaven.home=D:/develop/apache-maven-3.6.1-bin/apache-maven-3.6.1 -Dlibrary.jansi.path=D:/develop/apache-maven-3.6.1-bin/apache-maven-3.6.1/lib/jansi-native -Dmaven.multiModuleProjectDirectory=C:/Users/86150/knowledge-qa-system org.codehaus.plexus.classworlds.launcher.Launcher compile -DskipTests

Host: 11th Gen Intel(R) Core(TM) i5-11320H @ 3.20GHz, 8 cores, 15G,  Windows 11 , 64 bit Build 26100 (10.0.26100.8328)
Time: Fri May 22 17:49:02 2026  Windows 11 , 64 bit Build 26100 (10.0.26100.8328) elapsed time: 2.063548 seconds (0d 0h 0m 2s)

---------------  T H R E A D  ---------------

Current thread (0x00000183a21a2880):  JavaThread "Unknown thread" [_thread_in_vm, id=25064, stack(0x0000007808500000,0x0000007808600000)]

Stack: [0x0000007808500000,0x0000007808600000]
Native frames: (J=compiled Java code, j=interpreted, Vv=VM code, C=native code)
V  [jvm.dll+0x68b7f9]
V  [jvm.dll+0x841b79]
V  [jvm.dll+0x8438e8]
V  [jvm.dll+0x843f73]
V  [jvm.dll+0x24cf8f]
V  [jvm.dll+0x688659]
V  [jvm.dll+0x67d66a]
V  [jvm.dll+0x30d300]
V  [jvm.dll+0x30d1a2]
V  [jvm.dll+0x314719]
V  [jvm.dll+0x366ae9]
V  [jvm.dll+0x366d1d]
V  [jvm.dll+0x2e441a]
V  [jvm.dll+0x2e5318]
V  [jvm.dll+0x81493e]
V  [jvm.dll+0x374731]
V  [jvm.dll+0x7f2f85]
V  [jvm.dll+0x3fa4eb]
V  [jvm.dll+0x3fc121]
C  [jli.dll+0x52f4]
C  [ucrtbase.dll+0x37b0]
C  [KERNEL32.DLL+0x2e957]
C  [ntdll.dll+0x427c]


---------------  P R O C E S S  ---------------

Threads class SMR info:
_java_thread_list=0x00007ff8372b1f58, length=0, elements={
}

Java Threads: ( => current thread )

Other Threads:
  0x00000183a2212930 GCTaskThread "GC Thread#0" [stack: 0x0000007808600000,0x0000007808700000] [id=31280]
  0x00000183a22248f0 ConcurrentGCThread "G1 Main Marker" [stack: 0x0000007808700000,0x0000007808800000] [id=24720]
  0x00000183a2225320 ConcurrentGCThread "G1 Conc#0" [stack: 0x0000007808800000,0x0000007808900000] [id=23368]

[error occurred during error reporting (printing all threads), id 0xc0000005, EXCEPTION_ACCESS_VIOLATION (0xc0000005) at pc=0x00007ff836a64f07]

VM state: not at safepoint (not fully initialized)

VM Mutex/Monitor currently owned by a thread:  ([mutex/lock_event])
[0x00000183a219e490] Heap_lock - owner thread: 0x00000183a21a2880

Heap address: 0x0000000704000000, size: 4032 MB, Compressed Oops mode: Zero based, Oop shift amount: 3

CDS archive(s) mapped at: [0x0000000000000000-0x0000000000000000-0x0000000000000000), size 0, SharedBaseAddress: 0x0000000800000000, ArchiveRelocationMode: 1.
Narrow klass base: 0x0000000000000000, Narrow klass shift: 0, Narrow klass range: 0x0

GC Precious Log:
<Empty>

Heap:
 garbage-first heap   total 0K, used 0K [0x0000000704000000, 0x0000000800000000)
  region size 2048K, 0 young (0K), 0 survivors (0K)

[error occurred during error reporting (printing heap information), id 0xc0000005, EXCEPTION_ACCESS_VIOLATION (0xc0000005) at pc=0x00007ff836e54d79]

GC Heap History (0 events):
No events

Dll operation events (1 events):
Event: 0.029 Loaded shared library D:\develop\jdk17\jdk17.0.19_10\bin\java.dll

Deoptimization events (0 events):
No events

Classes loaded (0 events):
No events

Classes unloaded (0 events):
No events

Classes redefined (0 events):
No events

Internal exceptions (0 events):
No events

VM Operations (0 events):
No events

Memory protections (0 events):
No events

Nmethod flushes (0 events):
No events

Events (0 events):
No events


Dynamic libraries:
0x00007ff6d07e0000 - 0x00007ff6d07ee000 	D:\develop\jdk17\jdk17.0.19_10\bin\java.exe
0x00007ff931660000 - 0x00007ff9318c7000 	C:\WINDOWS\SYSTEM32\ntdll.dll
0x00007ff92f3e0000 - 0x00007ff92f4a9000 	C:\WINDOWS\System32\KERNEL32.DLL
0x00007ff92e1c0000 - 0x00007ff92e5b7000 	C:\WINDOWS\System32\KERNELBASE.dll
0x00007ff92f1e0000 - 0x00007ff92f32b000 	C:\WINDOWS\System32\ucrtbase.dll
0x00007ff918930000 - 0x00007ff918948000 	D:\develop\jdk17\jdk17.0.19_10\bin\jli.dll
0x00007ff918910000 - 0x00007ff91892e000 	D:\develop\jdk17\jdk17.0.19_10\bin\VCRUNTIME140.dll
0x00007ff92feb0000 - 0x00007ff930076000 	C:\WINDOWS\System32\USER32.dll
0x00007ff908b20000 - 0x00007ff908db2000 	C:\WINDOWS\WinSxS\amd64_microsoft.windows.common-controls_6595b64144ccf1df_6.0.26100.8457_none_3e0b2faee331e92d\COMCTL32.dll
0x00007ff92f030000 - 0x00007ff92f057000 	C:\WINDOWS\System32\win32u.dll
0x00007ff930080000 - 0x00007ff930129000 	C:\WINDOWS\System32\msvcrt.dll
0x00007ff9311b0000 - 0x00007ff9311db000 	C:\WINDOWS\System32\GDI32.dll
0x00007ff92e090000 - 0x00007ff92e1bc000 	C:\WINDOWS\System32\gdi32full.dll
0x00007ff92e5c0000 - 0x00007ff92e663000 	C:\WINDOWS\System32\msvcp_win.dll
0x00007ff9305a0000 - 0x00007ff9305d2000 	C:\WINDOWS\System32\IMM32.DLL
0x00007ff91bdc0000 - 0x00007ff91bdcc000 	D:\develop\jdk17\jdk17.0.19_10\bin\vcruntime140_1.dll
0x00007ff8f2270000 - 0x00007ff8f22f9000 	D:\develop\jdk17\jdk17.0.19_10\bin\msvcp140.dll
0x00007ff836770000 - 0x00007ff8373e5000 	D:\develop\jdk17\jdk17.0.19_10\bin\server\jvm.dll
0x00007ff9305e0000 - 0x00007ff930696000 	C:\WINDOWS\System32\ADVAPI32.dll
0x00007ff930700000 - 0x00007ff9307a7000 	C:\WINDOWS\System32\sechost.dll
0x00007ff92f4b0000 - 0x00007ff92f5c8000 	C:\WINDOWS\System32\RPCRT4.dll
0x00007ff931590000 - 0x00007ff931610000 	C:\WINDOWS\System32\WS2_32.dll
0x00007ff92def0000 - 0x00007ff92df4e000 	C:\WINDOWS\SYSTEM32\POWRPROF.dll
0x00007ff9225a0000 - 0x00007ff9225ab000 	C:\WINDOWS\SYSTEM32\VERSION.dll
0x00007ff9289a0000 - 0x00007ff9289d6000 	C:\WINDOWS\SYSTEM32\WINMM.dll
0x00007ff92ded0000 - 0x00007ff92dee4000 	C:\WINDOWS\SYSTEM32\UMPDC.dll
0x00007ff92ce20000 - 0x00007ff92ce3b000 	C:\WINDOWS\SYSTEM32\kernel.appcore.dll
0x00007ff902f80000 - 0x00007ff902f8a000 	D:\develop\jdk17\jdk17.0.19_10\bin\jimage.dll
0x00007ff92c0b0000 - 0x00007ff92c2f2000 	C:\WINDOWS\SYSTEM32\DBGHELP.DLL
0x00007ff931200000 - 0x00007ff931583000 	C:\WINDOWS\System32\combase.dll
0x00007ff930410000 - 0x00007ff9304e9000 	C:\WINDOWS\System32\OLEAUT32.dll
0x00007ff928960000 - 0x00007ff92899b000 	C:\WINDOWS\SYSTEM32\dbgcore.DLL
0x00007ff92f330000 - 0x00007ff92f3d8000 	C:\WINDOWS\System32\bcryptPrimitives.dll
0x00007ff9020f0000 - 0x00007ff902116000 	D:\develop\jdk17\jdk17.0.19_10\bin\java.dll

dbghelp: loaded successfully - version: 4.0.5 - missing functions: none
symbol engine: initialized successfully - sym options: 0x614 - pdb path: .;D:\develop\jdk17\jdk17.0.19_10\bin;C:\WINDOWS\SYSTEM32;C:\WINDOWS\WinSxS\amd64_microsoft.windows.common-controls_6595b64144ccf1df_6.0.26100.8457_none_3e0b2faee331e92d;D:\develop\jdk17\jdk17.0.19_10\bin\server

VM Arguments:
jvm_args: -Djdk.tls.client.protocols=TLSv1.2 -Dhttps.protocols=TLSv1.2 -Dmaven.wagon.http.ssl.insecure=true -Dmaven.wagon.http.ssl.allowall=true -Dclassworlds.conf=D:/develop/apache-maven-3.6.1-bin/apache-maven-3.6.1/bin/m2.conf -Dmaven.home=D:/develop/apache-maven-3.6.1-bin/apache-maven-3.6.1 -Dlibrary.jansi.path=D:/develop/apache-maven-3.6.1-bin/apache-maven-3.6.1/lib/jansi-native -Dmaven.multiModuleProjectDirectory=C:/Users/86150/knowledge-qa-system 
java_command: org.codehaus.plexus.classworlds.launcher.Launcher compile -DskipTests
java_class_path (initial): D:/develop/apache-maven-3.6.1-bin/apache-maven-3.6.1/boot/plexus-classworlds-2.6.0.jar
Launcher Type: SUN_STANDARD

[Global flags]
     intx CICompilerCount                          = 4                                         {product} {ergonomic}
     uint ConcGCThreads                            = 2                                         {product} {ergonomic}
     uint G1ConcRefinementThreads                  = 8                                         {product} {ergonomic}
   size_t G1HeapRegionSize                         = 2097152                                   {product} {ergonomic}
    uintx GCDrainStackTargetSize                   = 64                                        {product} {ergonomic}
   size_t InitialHeapSize                          = 264241152                                 {product} {ergonomic}
   size_t MarkStackSize                            = 4194304                                   {product} {ergonomic}
   size_t MaxHeapSize                              = 4227858432                                {product} {ergonomic}
   size_t MinHeapDeltaBytes                        = 2097152                                   {product} {ergonomic}
   size_t MinHeapSize                              = 8388608                                   {product} {ergonomic}
    uintx NonNMethodCodeHeapSize                   = 5839372                                {pd product} {ergonomic}
    uintx NonProfiledCodeHeapSize                  = 122909434                              {pd product} {ergonomic}
    uintx ProfiledCodeHeapSize                     = 122909434                              {pd product} {ergonomic}
    uintx ReservedCodeCacheSize                    = 251658240                              {pd product} {ergonomic}
     bool SegmentedCodeCache                       = true                                      {product} {ergonomic}
   size_t SoftMaxHeapSize                          = 4227858432                             {manageable} {ergonomic}
     bool UseCompressedClassPointers               = true                           {product lp64_product} {ergonomic}
     bool UseCompressedOops                        = true                           {product lp64_product} {ergonomic}
     bool UseG1GC                                  = true                                      {product} {ergonomic}
     bool UseLargePagesIndividualAllocation        = false                                  {pd product} {ergonomic}

Logging:
Log output configuration:
 #0: stdout all=warning uptime,level,tags
 #1: stderr all=off uptime,level,tags

Environment Variables:
JAVA_HOME=D:/develop/jdk17/jdk17.0.19_10
PATH=D;C:\Program Files\Git\develop\jdk17\jdk17.0.19_10\bin;C:\Users\86150\bin;C:\Program Files\Git\mingw64\bin;C:\Program Files\Git\usr\local\bin;C:\Program Files\Git\usr\bin;C:\Program Files\Git\usr\bin;C:\Program Files\Git\mingw64\bin;C:\Program Files\Git\usr\bin;C:\Users\86150\bin;D:\python\Scripts;D:\wmware17.5.0;D:\develop\jdk8\bin;D:\develop\jdk\bin;D:\develop\mysql-8.0.31-winx64\bin;C:\WINDOWS\system32;D:\develop\apache-maven-3.6.1-bin\apache-maven-3.6.1\bin;C:\WINDOWS;C:\WINDOWS\System32\Wbem;C:\WINDOWS\System32\WindowsPowerShell\v1.0;C:\WINDOWS\System32\OpenSSH;C:\Program Files\dotnet;C:\Program Files\MySQL\MySQL Server 8.0\bin;C:\QQ\Bin;D:\develop\微信web开发者工具\dll;C:\Pro;ram Files\TortoiseSVN\bin;C:\Program Files\Git\cmd;D:\develop\xshell;D:\develop\xftp;D:\develop\nvm;C:\Program Files\nodejs;C:\Program Files (x86)\Google\Cloud SDK\google-cloud-sdk\bin;C:\Program Files\Docker\Docker\resources\bin;D:\python\Scripts;D:\python;C:\Users\86150\AppData\Local\Microsoft\WindowsApps;D:\python\PyCharm Community Edition 2024.2.3\bin;D:\develop\Microsoft VS Code\bin;D:\develop\nvm;D:\develop;C:\Users\86150\AppData\Local\Microsoft\WindowsApps;D:\develop\nvm;C:\Program Files\nodejs;C:\Users\86150\AppData\Local\Microsoft\WinGet\Packages\JohnMacFarlane.Pandoc_Microsoft.Winget.Source_8wekyb3d8bbwe\pandoc-3.9.0.2;C:\Program Files\Git\usr\bin\vendor_perl;C:\Program Files\Git\usr\bin\core_perl
USERNAME=86150
SHELL=C:\Program Files\Git\usr\bin\bash.exe
DISPLAY=needs-to-be-defined
LANG=zh_CN.UTF-8
TERM=xterm-256color
TMPDIR=C:\Users\86150\AppData\Local\Temp
OS=Windows_NT
PROCESSOR_IDENTIFIER=Intel64 Family 6 Model 140 Stepping 2, GenuineIntel
TMP=C:\Users\86150\AppData\Local\Temp
TEMP=C:\Users\86150\AppData\Local\Temp



Periodic native trim disabled


---------------  S Y S T E M  ---------------

OS:
 Windows 11 , 64 bit Build 26100 (10.0.26100.8328)
OS uptime: 0 days 2:38 hours
Hyper-V role detected

CPU: total 8 (initial active 8) (4 cores per cpu, 2 threads per core) family 6 model 140 stepping 2 microcode 0x38, cx8, cmov, fxsr, ht, mmx, 3dnowpref, sse, sse2, sse3, ssse3, sse4.1, sse4.2, popcnt, lzcnt, tsc, tscinvbit, avx, avx2, aes, erms, clmul, bmi1, bmi2, adx, avx512f, avx512dq, avx512cd, avx512bw, avx512vl, sha, fma, vzeroupper, avx512_vpopcntdq, avx512_vpclmulqdq, avx512_vaes, avx512_vnni, clflush, clflushopt, clwb, avx512_vbmi2, avx512_vbmi, hv
Processor Information for all 8 processors :
  Max Mhz: 2496, Current Mhz: 2496, Mhz Limit: 2496

Memory: 4k page, system-wide physical 16122M (2094M free)
TotalPageFile size 24314M (AvailPageFile size 155M)
current process WorkingSet (physical memory assigned to process): 14M, peak: 14M
current process commit charge ("private bytes"): 60M, peak: 312M

vm_info: OpenJDK 64-Bit Server VM (17.0.19+10-LTS) for windows-amd64 JRE (17.0.19+10-LTS), built on Apr 18 2026 07:36:06 by "Administrator" with MS VC++ 17.14 (VS2022)

END.
