#
# There is insufficient memory for the Java Runtime Environment to continue.
# Native memory allocation (malloc) failed to allocate 1048576 bytes. Error detail: AllocateHeap
# Possible reasons:
#   The system is out of physical RAM or swap space
#   This process is running with CompressedOops enabled, and the Java Heap may be blocking the growth of the native heap
# Possible solutions:
#   Reduce memory load on the system
#   Increase physical memory or swap space
#   Check if swap backing store is full
#   Decrease Java heap size (-Xmx/-Xms)
#   Decrease number of Java threads
#   Decrease Java thread stack sizes (-Xss)
#   Set larger code cache with -XX:ReservedCodeCacheSize=
#   JVM is running with Unscaled Compressed Oops mode in which the Java heap is
#     placed in the first 4GB address space. The Java Heap base address is the
#     maximum limit for the native heap growth. Please use -XX:HeapBaseMinAddress
#     to set the Java Heap base and to place the Java Heap above 4GB virtual address.
# This output file may be truncated or incomplete.
#
#  Out of Memory Error (allocation.cpp:44), pid=24420, tid=23932
#
# JRE version: OpenJDK Runtime Environment Temurin-21.0.10+7 (21.0.10+7) (build 21.0.10+7-LTS)
# Java VM: OpenJDK 64-Bit Server VM Temurin-21.0.10+7 (21.0.10+7-LTS, mixed mode, sharing, tiered, compressed oops, compressed class ptrs, parallel gc, windows-amd64)
# No core dump will be written. Minidumps are not enabled by default on client versions of Windows
#

---------------  S U M M A R Y ------------

Command Line: --add-modules=ALL-SYSTEM --add-opens=java.base/java.util=ALL-UNNAMED --add-opens=java.base/java.lang=ALL-UNNAMED --add-opens=java.base/sun.nio.fs=ALL-UNNAMED -Declipse.application=org.eclipse.jdt.ls.core.id1 -Dosgi.bundles.defaultStartLevel=4 -Declipse.product=org.eclipse.jdt.ls.core.product -Djava.import.generatesMetadataFilesAtProjectRoot=false -DDetectVMInstallationsJob.disabled=true -Dfile.encoding=utf8 -XX:+UseParallelGC -XX:GCTimeRatio=4 -XX:AdaptiveSizePolicyWeight=90 -Dsun.zip.disableMemoryMapping=true -Xmx2G -Xms100m -Xlog:disable -javaagent:c:\Users\86150\.vscode\extensions\redhat.java-1.54.0-win32-x64\lombok\lombok-1.18.39-4050.jar -XX:+HeapDumpOnOutOfMemoryError -XX:HeapDumpPath=c:\Users\86150\AppData\Roaming\Code\User\workspaceStorage\2496f935dea6ed964180d4c8bef5434b\redhat.java -Daether.dependencyCollector.impl=bf c:\Users\86150\.vscode\extensions\redhat.java-1.54.0-win32-x64\server\plugins\org.eclipse.equinox.launcher_1.7.100.v20251111-0406.jar -configuration c:\Users\86150\AppData\Roaming\Code\User\globalStorage\redhat.java\1.54.0\config_win -data c:\Users\86150\AppData\Roaming\Code\User\workspaceStorage\2496f935dea6ed964180d4c8bef5434b\redhat.java\jdt_ws --pipe=\\.\pipe\lsp-b505e3eee6141a7945d0e1d9b023e7f6-sock

Host: 11th Gen Intel(R) Core(TM) i5-11320H @ 3.20GHz, 8 cores, 15G,  Windows 11 , 64 bit Build 26100 (10.0.26100.8328)
Time: Wed May 20 23:31:08 2026 elapsed time: 1591.752832 seconds (0d 0h 26m 31s)

---------------  T H R E A D  ---------------

Current thread (0x0000025e33e5cce0):  JavaThread "Attach Listener" daemon [_thread_in_vm, id=23932, stack(0x000000a39ed00000,0x000000a39ee00000) (1024K)]

Stack: [0x000000a39ed00000,0x000000a39ee00000]
Native frames: (J=compiled Java code, j=interpreted, Vv=VM code, C=native code)
V  [jvm.dll+0x6d7a39]
V  [jvm.dll+0x8b4b26]
V  [jvm.dll+0x8b70de]
V  [jvm.dll+0x8b77c3]
V  [jvm.dll+0x284346]
V  [jvm.dll+0xc1277]
V  [jvm.dll+0x6d82e9]
V  [jvm.dll+0x1334a6]
V  [jvm.dll+0x3f857e]
V  [jvm.dll+0x85f59d]
V  [jvm.dll+0x6d626d]
C  [ucrtbase.dll+0x37b0]
C  [KERNEL32.DLL+0x2e957]
C  [ntdll.dll+0x427c]


---------------  P R O C E S S  ---------------

Threads class SMR info:
_java_thread_list=0x0000025e8d821c10, length=40, elements={
0x0000025e31cce000, 0x0000025e33f9cfd0, 0x0000025e33e54b00, 0x0000025e33e59dc0,
0x0000025e33e5cce0, 0x0000025e33e5f210, 0x0000025e33e65900, 0x0000025e33e7c030,
0x0000025e33e80030, 0x0000025e8d4497b0, 0x0000025e8d449e40, 0x0000025e8d449120,
0x0000025e8d448a90, 0x0000025e922fba10, 0x0000025e922f9fd0, 0x0000025e922fa660,
0x0000025e922facf0, 0x0000025e922fc730, 0x0000025e922f9940, 0x0000025e922fe800,
0x0000025e92300240, 0x0000025e922fcdc0, 0x0000025e922fd450, 0x0000025e922fdae0,
0x0000025e922fe170, 0x0000025e948d6a40, 0x0000025e948d7df0, 0x0000025e948d5d20,
0x0000025e948d63b0, 0x0000025e948d5000, 0x0000025e948d8480, 0x0000025e948d70d0,
0x0000025e95119310, 0x0000025e9511ce20, 0x0000025e9511db40, 0x0000025e9511e1d0,
0x0000025e922fc0a0, 0x0000025e922f92b0, 0x0000025e922ff520, 0x0000025e922fee90
}

Java Threads: ( => current thread )
  0x0000025e31cce000 JavaThread "main"                              [_thread_blocked, id=23836, stack(0x000000a39e600000,0x000000a39e700000) (1024K)]
  0x0000025e33f9cfd0 JavaThread "Reference Handler"          daemon [_thread_blocked, id=23952, stack(0x000000a39ea00000,0x000000a39eb00000) (1024K)]
  0x0000025e33e54b00 JavaThread "Finalizer"                  daemon [_thread_blocked, id=22664, stack(0x000000a39eb00000,0x000000a39ec00000) (1024K)]
  0x0000025e33e59dc0 JavaThread "Signal Dispatcher"          daemon [_thread_blocked, id=23960, stack(0x000000a39ec00000,0x000000a39ed00000) (1024K)]
=>0x0000025e33e5cce0 JavaThread "Attach Listener"            daemon [_thread_in_vm, id=23932, stack(0x000000a39ed00000,0x000000a39ee00000) (1024K)]
  0x0000025e33e5f210 JavaThread "Service Thread"             daemon [_thread_blocked, id=18964, stack(0x000000a39ee00000,0x000000a39ef00000) (1024K)]
  0x0000025e33e65900 JavaThread "Monitor Deflation Thread"   daemon [_thread_blocked, id=24300, stack(0x000000a39ef00000,0x000000a39f000000) (1024K)]
  0x0000025e33e7c030 JavaThread "C2 CompilerThread0"         daemon [_thread_blocked, id=24296, stack(0x000000a39f000000,0x000000a39f100000) (1024K)]
  0x0000025e33e80030 JavaThread "C1 CompilerThread0"         daemon [_thread_blocked, id=24320, stack(0x000000a39f100000,0x000000a39f200000) (1024K)]
  0x0000025e8d4497b0 JavaThread "Common-Cleaner"             daemon [_thread_blocked, id=18704, stack(0x000000a39f300000,0x000000a39f400000) (1024K)]
  0x0000025e8d449e40 JavaThread "Notification Thread"        daemon [_thread_blocked, id=21432, stack(0x000000a39f200000,0x000000a39f300000) (1024K)]
  0x0000025e8d449120 JavaThread "Active Thread: Equinox Container: 44b9eb66-d533-4ad1-9f16-1f4190d29079"        [_thread_blocked, id=15440, stack(0x000000a39fc00000,0x000000a39fd00000) (1024K)]
  0x0000025e8d448a90 JavaThread "Refresh Thread: Equinox Container: 44b9eb66-d533-4ad1-9f16-1f4190d29079" daemon [_thread_blocked, id=23228, stack(0x000000a39fe00000,0x000000a39ff00000) (1024K)]
  0x0000025e922fba10 JavaThread "Framework Event Dispatcher: Equinox Container: 44b9eb66-d533-4ad1-9f16-1f4190d29079" daemon [_thread_blocked, id=9472, stack(0x000000a39ff00000,0x000000a3a0000000) (1024K)]
  0x0000025e922f9fd0 JavaThread "Start Level: Equinox Container: 44b9eb66-d533-4ad1-9f16-1f4190d29079" daemon [_thread_blocked, id=11752, stack(0x000000a3a0000000,0x000000a3a0100000) (1024K)]
  0x0000025e922fa660 JavaThread "Bundle File Closer"         daemon [_thread_blocked, id=15508, stack(0x000000a3a0100000,0x000000a3a0200000) (1024K)]
  0x0000025e922facf0 JavaThread "SCR Component Actor"        daemon [_thread_blocked, id=12208, stack(0x000000a39f400000,0x000000a39f500000) (1024K)]
  0x0000025e922fc730 JavaThread "Worker-JM"                         [_thread_blocked, id=18256, stack(0x000000a3a0200000,0x000000a3a0300000) (1024K)]
  0x0000025e922f9940 JavaThread "Java indexing"              daemon [_thread_blocked, id=15864, stack(0x000000a3a0500000,0x000000a3a0600000) (1024K)]
  0x0000025e922fe800 JavaThread "JNA Cleaner"                daemon [_thread_blocked, id=24324, stack(0x000000a3a0600000,0x000000a3a0700000) (1024K)]
  0x0000025e92300240 JavaThread "Thread-1"                   daemon [_thread_in_native, id=24504, stack(0x000000a3a0e00000,0x000000a3a0f00000) (1024K)]
  0x0000025e922fcdc0 JavaThread "Thread-2"                   daemon [_thread_in_native, id=24092, stack(0x000000a3a0f00000,0x000000a3a1000000) (1024K)]
  0x0000025e922fd450 JavaThread "Thread-3"                   daemon [_thread_in_native, id=15460, stack(0x000000a3a1000000,0x000000a3a1100000) (1024K)]
  0x0000025e922fdae0 JavaThread "Thread-4"                   daemon [_thread_in_native, id=6332, stack(0x000000a3a1100000,0x000000a3a1200000) (1024K)]
  0x0000025e922fe170 JavaThread "Thread-5"                   daemon [_thread_in_native, id=23784, stack(0x000000a3a1200000,0x000000a3a1300000) (1024K)]
  0x0000025e948d6a40 JavaThread "Thread-6"                   daemon [_thread_in_native, id=23860, stack(0x000000a3a1300000,0x000000a3a1400000) (1024K)]
  0x0000025e948d7df0 JavaThread "Thread-7"                   daemon [_thread_in_native, id=24384, stack(0x000000a3a1400000,0x000000a3a1500000) (1024K)]
  0x0000025e948d5d20 JavaThread "Thread-8"                   daemon [_thread_in_native, id=24212, stack(0x000000a3a1500000,0x000000a3a1600000) (1024K)]
  0x0000025e948d63b0 JavaThread "Thread-9"                   daemon [_thread_in_native, id=23848, stack(0x000000a3a1600000,0x000000a3a1700000) (1024K)]
  0x0000025e948d5000 JavaThread "pool-2-thread-1"                   [_thread_blocked, id=24020, stack(0x000000a3a1700000,0x000000a3a1800000) (1024K)]
  0x0000025e948d8480 JavaThread "WorkspaceEventsHandler"            [_thread_blocked, id=23920, stack(0x000000a3a1900000,0x000000a3a1a00000) (1024K)]
  0x0000025e948d70d0 JavaThread "pool-1-thread-1"                   [_thread_blocked, id=23908, stack(0x000000a3a1a00000,0x000000a3a1b00000) (1024K)]
  0x0000025e95119310 JavaThread "ForkJoinPool.commonPool-worker-13" daemon [_thread_blocked, id=14668, stack(0x000000a3a0b00000,0x000000a3a0c00000) (1024K)]
  0x0000025e9511ce20 JavaThread "ForkJoinPool.commonPool-worker-12" daemon [_thread_blocked, id=23256, stack(0x000000a3a0c00000,0x000000a3a0d00000) (1024K)]
  0x0000025e9511db40 JavaThread "Cleaner-0"                  daemon [_thread_blocked, id=19532, stack(0x000000a3a1800000,0x000000a3a1900000) (1024K)]
  0x0000025e9511e1d0 JavaThread "Worker-9"                          [_thread_blocked, id=9016, stack(0x000000a39e400000,0x000000a39e500000) (1024K)]
  0x0000025e922fc0a0 JavaThread "Worker-11"                         [_thread_blocked, id=13112, stack(0x000000a39e500000,0x000000a39e600000) (1024K)]
  0x0000025e922f92b0 JavaThread "ForkJoinPool.commonPool-worker-16" daemon [_thread_blocked, id=13016, stack(0x000000a39f500000,0x000000a39f600000) (1024K)]
  0x0000025e922ff520 JavaThread "ForkJoinPool.commonPool-worker-15" daemon [_thread_blocked, id=348, stack(0x000000a3a0400000,0x000000a3a0500000) (1024K)]
  0x0000025e922fee90 JavaThread "ForkJoinPool.commonPool-worker-17" daemon [_thread_blocked, id=23880, stack(0x000000a3a0700000,0x000000a3a0800000) (1024K)]
Total: 40

Other Threads:
  0x0000025e33f81b00 VMThread "VM Thread"                           [id=7472, stack(0x000000a39e900000,0x000000a39ea00000) (1024K)]
  0x0000025e33f4f4d0 WatcherThread "VM Periodic Task Thread"        [id=20904, stack(0x000000a39e800000,0x000000a39e900000) (1024K)]
  0x0000025e33eff020 WorkerThread "GC Thread#0"                     [id=16088, stack(0x000000a39e700000,0x000000a39e800000) (1024K)]
  0x0000025e8da9c9c0 WorkerThread "GC Thread#1"                     [id=18752, stack(0x000000a39f600000,0x000000a39f700000) (1024K)]
  0x0000025e8da9cd70 WorkerThread "GC Thread#2"                     [id=3004, stack(0x000000a39f700000,0x000000a39f800000) (1024K)]
  0x0000025e92018f00 WorkerThread "GC Thread#3"                     [id=11648, stack(0x000000a39f800000,0x000000a39f900000) (1024K)]
  0x0000025e920192b0 WorkerThread "GC Thread#4"                     [id=15836, stack(0x000000a39f900000,0x000000a39fa00000) (1024K)]
  0x0000025e92078de0 WorkerThread "GC Thread#5"                     [id=9984, stack(0x000000a39fa00000,0x000000a39fb00000) (1024K)]
  0x0000025e92079190 WorkerThread "GC Thread#6"                     [id=3184, stack(0x000000a39fb00000,0x000000a39fc00000) (1024K)]
  0x0000025e8d96d1b0 WorkerThread "GC Thread#7"                     [id=18920, stack(0x000000a39fd00000,0x000000a39fe00000) (1024K)]
Total: 10

Threads with active compile tasks:
Total: 0

VM state: not at safepoint (normal execution)

VM Mutex/Monitor currently owned by a thread: None

Heap address: 0x0000000080000000, size: 2048 MB, Compressed Oops mode: 32-bit

CDS archive(s) mapped at: [0x0000025e4b000000-0x0000025e4bba0000-0x0000025e4bba0000), size 12189696, SharedBaseAddress: 0x0000025e4b000000, ArchiveRelocationMode: 1.
Compressed class space mapped at: 0x0000025e4c000000-0x0000025e8c000000, reserved size: 1073741824
Narrow klass base: 0x0000025e4b000000, Narrow klass shift: 0, Narrow klass range: 0x100000000

GC Precious Log:
 CardTable entry size: 512
 CPUs: 8 total, 8 available
 Memory: 16122M
 Large Page Support: Disabled
 NUMA Support: Disabled
 Compressed Oops: Enabled (32-bit)
 Alignments: Space 512K, Generation 512K, Heap 2M
 Heap Min Capacity: 100M
 Heap Initial Capacity: 100M
 Heap Max Capacity: 2G
 Pre-touch: Disabled
 Parallel Workers: 8

Heap:
 PSYoungGen      total 7168K, used 5936K [0x00000000d5580000, 0x00000000d6280000, 0x0000000100000000)
  eden space 4096K, 70% used [0x00000000d5580000,0x00000000d5850ff0,0x00000000d5980000)
  from space 3072K, 99% used [0x00000000d5d80000,0x00000000d607b090,0x00000000d6080000)
  to   space 4096K, 0% used [0x00000000d5980000,0x00000000d5980000,0x00000000d5d80000)
 ParOldGen       total 1327104K, used 529003K [0x0000000080000000, 0x00000000d1000000, 0x00000000d5580000)
  object space 1327104K, 39% used [0x0000000080000000,0x00000000a049ae88,0x00000000d1000000)
 Metaspace       used 87894K, committed 89728K, reserved 1179648K
  class space    used 8913K, committed 9728K, reserved 1048576K

Card table byte_map: [0x0000025e33880000,0x0000025e33c90000] _byte_map_base: 0x0000025e33480000

Marking Bits: (ParMarkBitMap*) 0x00007ffa30a43450
 Begin Bits: [0x0000025e46390000, 0x0000025e48390000)
 End Bits:   [0x0000025e48390000, 0x0000025e4a390000)

Polling page: 0x0000025e31e00000

Metaspace:

Usage:
  Non-class:     77.13 MB used.
      Class:      8.70 MB used.
       Both:     85.83 MB used.

Virtual space:
  Non-class space:      128.00 MB reserved,      78.12 MB ( 61%) committed,  2 nodes.
      Class space:        1.00 GB reserved,       9.50 MB ( <1%) committed,  1 nodes.
             Both:        1.12 GB reserved,      87.62 MB (  8%) committed. 

Chunk freelists:
   Non-Class:  1.72 MB
       Class:  6.38 MB
        Both:  8.10 MB

MaxMetaspaceSize: unlimited
CompressedClassSpaceSize: 1.00 GB
Initial GC threshold: 21.00 MB
Current GC threshold: 126.56 MB
CDS: on
 - commit_granule_bytes: 65536.
 - commit_granule_words: 8192.
 - virtual_space_node_default_size: 8388608.
 - enlarge_chunks_in_place: 1.
 - use_allocation_guard: 0.


Internal statistics:

num_allocs_failed_limit: 11.
num_arena_births: 1644.
num_arena_deaths: 34.
num_vsnodes_births: 3.
num_vsnodes_deaths: 0.
num_space_committed: 1401.
num_space_uncommitted: 0.
num_chunks_returned_to_freelist: 53.
num_chunks_taken_from_freelist: 5713.
num_chunk_merges: 21.
num_chunk_splits: 3508.
num_chunks_enlarged: 2040.
num_inconsistent_stats: 0.

CodeHeap 'non-profiled nmethods': size=120000Kb used=20333Kb max_used=20333Kb free=99666Kb
 bounds [0x0000025e3ebb0000, 0x0000025e3ff90000, 0x0000025e460e0000]
CodeHeap 'profiled nmethods': size=120000Kb used=51420Kb max_used=51420Kb free=68579Kb
 bounds [0x0000025e370e0000, 0x0000025e3a320000, 0x0000025e3e610000]
CodeHeap 'non-nmethods': size=5760Kb used=1536Kb max_used=1660Kb free=4223Kb
 bounds [0x0000025e3e610000, 0x0000025e3e880000, 0x0000025e3ebb0000]
CodeCache: size=245760Kb, used=73289Kb, max_used=73413Kb, free=172468Kb
 total_blobs=20749, nmethods=19897, adapters=756, full_count=0
Compilation: enabled, stopped_count=0, restarted_count=0

Compilation events (20 events):
Event: 1414.211 Thread 0x0000025e33e80030 nmethod 21773 0x0000025e3a30c990 code [0x0000025e3a30cb40, 0x0000025e3a30cd08]
Event: 1414.211 Thread 0x0000025e33e80030 21774       3       org.eclipse.jdt.internal.corext.dom.GenericVisitor::endVisit (6 bytes)
Event: 1414.211 Thread 0x0000025e33e80030 nmethod 21774 0x0000025e3a30cd90 code [0x0000025e3a30cf40, 0x0000025e3a30d120]
Event: 1414.211 Thread 0x0000025e33e80030 21775   !   3       java.util.concurrent.CompletableFuture::uniExceptionally (76 bytes)
Event: 1414.213 Thread 0x0000025e33e80030 nmethod 21775 0x0000025e3a30d210 code [0x0000025e3a30d6a0, 0x0000025e3a30f890]
Event: 1414.213 Thread 0x0000025e33e80030 21776       3       org.eclipse.lsp4j.jsonrpc.RemoteEndpoint$$Lambda/0x0000025e4c45f178::apply (16 bytes)
Event: 1414.214 Thread 0x0000025e33e80030 nmethod 21776 0x0000025e3a310510 code [0x0000025e3a3106e0, 0x0000025e3a310b30]
Event: 1414.223 Thread 0x0000025e33e7c030 nmethod 21771 0x0000025e3ff87a10 code [0x0000025e3ff87e40, 0x0000025e3ff89018]
Event: 1414.223 Thread 0x0000025e33e7c030 21772       4       org.eclipse.jdt.internal.corext.fix.VariableDeclarationFixCore$WrittenNamesFinder::visit (153 bytes)
Event: 1414.236 Thread 0x0000025e33e7c030 nmethod 21772 0x0000025e3ff89d90 code [0x0000025e3ff8a020, 0x0000025e3ff8abf8]
Event: 1443.576 Thread 0x0000025e33e80030 21777       3       java.util.concurrent.ScheduledThreadPoolExecutor$DelayedWorkQueue::finishPoll (43 bytes)
Event: 1443.577 Thread 0x0000025e33e80030 nmethod 21777 0x0000025e3a310d10 code [0x0000025e3a310ee0, 0x0000025e3a311468]
Event: 1443.577 Thread 0x0000025e33e80030 21778       3       java.util.concurrent.locks.AbstractQueuedSynchronizer$ConditionObject::awaitNanos (202 bytes)
Event: 1443.579 Thread 0x0000025e33e80030 nmethod 21778 0x0000025e3a311610 code [0x0000025e3a311900, 0x0000025e3a312720]
Event: 1473.583 Thread 0x0000025e33e80030 21779   !   3       java.util.concurrent.FutureTask::runAndReset (125 bytes)
Event: 1473.587 Thread 0x0000025e33e80030 nmethod 21779 0x0000025e3a312c90 code [0x0000025e3a313100, 0x0000025e3a315520]
Event: 1473.587 Thread 0x0000025e33e80030 21780       3       java.util.concurrent.ScheduledThreadPoolExecutor$ScheduledFutureTask::setNextRunTime (38 bytes)
Event: 1473.587 Thread 0x0000025e33e80030 nmethod 21780 0x0000025e3a316090 code [0x0000025e3a316240, 0x0000025e3a3164d0]
Event: 1473.587 Thread 0x0000025e33e80030 21781       3       java.util.concurrent.ScheduledThreadPoolExecutor::reExecutePeriodic (49 bytes)
Event: 1473.587 Thread 0x0000025e33e80030 nmethod 21781 0x0000025e3a316590 code [0x0000025e3a3167c0, 0x0000025e3a316f40]

GC Heap History (20 events):
Event: 1387.087 GC heap before
{Heap before GC invocations=3711 (full 4):
 PSYoungGen      total 3584K, used 3472K [0x00000000d5580000, 0x00000000d5980000, 0x0000000100000000)
  eden space 3072K, 100% used [0x00000000d5580000,0x00000000d5880000,0x00000000d5880000)
  from space 512K, 78% used [0x00000000d5900000,0x00000000d5964010,0x00000000d5980000)
  to   space 512K, 0% used [0x00000000d5880000,0x00000000d5880000,0x00000000d5900000)
 ParOldGen       total 1327104K, used 518028K [0x0000000080000000, 0x00000000d1000000, 0x00000000d5580000)
  object space 1327104K, 39% used [0x0000000080000000,0x000000009f9e30e0,0x00000000d1000000)
 Metaspace       used 87876K, committed 89728K, reserved 1179648K
  class space    used 8912K, committed 9728K, reserved 1048576K
}
Event: 1387.089 GC heap after
{Heap after GC invocations=3711 (full 4):
 PSYoungGen      total 3584K, used 486K [0x00000000d5580000, 0x00000000d5c80000, 0x0000000100000000)
  eden space 3072K, 0% used [0x00000000d5580000,0x00000000d5580000,0x00000000d5880000)
  from space 512K, 94% used [0x00000000d5880000,0x00000000d58f9848,0x00000000d5900000)
  to   space 2048K, 0% used [0x00000000d5a80000,0x00000000d5a80000,0x00000000d5c80000)
 ParOldGen       total 1327104K, used 519034K [0x0000000080000000, 0x00000000d1000000, 0x00000000d5580000)
  object space 1327104K, 39% used [0x0000000080000000,0x000000009fade948,0x00000000d1000000)
 Metaspace       used 87876K, committed 89728K, reserved 1179648K
  class space    used 8912K, committed 9728K, reserved 1048576K
}
Event: 1387.102 GC heap before
{Heap before GC invocations=3712 (full 4):
 PSYoungGen      total 3584K, used 3558K [0x00000000d5580000, 0x00000000d5c80000, 0x0000000100000000)
  eden space 3072K, 100% used [0x00000000d5580000,0x00000000d5880000,0x00000000d5880000)
  from space 512K, 94% used [0x00000000d5880000,0x00000000d58f9848,0x00000000d5900000)
  to   space 2048K, 0% used [0x00000000d5a80000,0x00000000d5a80000,0x00000000d5c80000)
 ParOldGen       total 1327104K, used 519034K [0x0000000080000000, 0x00000000d1000000, 0x00000000d5580000)
  object space 1327104K, 39% used [0x0000000080000000,0x000000009fade948,0x00000000d1000000)
 Metaspace       used 87876K, committed 89728K, reserved 1179648K
  class space    used 8912K, committed 9728K, reserved 1048576K
}
Event: 1387.104 GC heap after
{Heap after GC invocations=3712 (full 4):
 PSYoungGen      total 3584K, used 2048K [0x00000000d5580000, 0x00000000d5f80000, 0x0000000100000000)
  eden space 1536K, 0% used [0x00000000d5580000,0x00000000d5580000,0x00000000d5700000)
  from space 2048K, 100% used [0x00000000d5a80000,0x00000000d5c80000,0x00000000d5c80000)
  to   space 3584K, 0% used [0x00000000d5700000,0x00000000d5700000,0x00000000d5a80000)
 ParOldGen       total 1327104K, used 519992K [0x0000000080000000, 0x00000000d1000000, 0x00000000d5580000)
  object space 1327104K, 39% used [0x0000000080000000,0x000000009fbce190,0x00000000d1000000)
 Metaspace       used 87876K, committed 89728K, reserved 1179648K
  class space    used 8912K, committed 9728K, reserved 1048576K
}
Event: 1387.107 GC heap before
{Heap before GC invocations=3713 (full 4):
 PSYoungGen      total 3584K, used 3584K [0x00000000d5580000, 0x00000000d5f80000, 0x0000000100000000)
  eden space 1536K, 100% used [0x00000000d5580000,0x00000000d5700000,0x00000000d5700000)
  from space 2048K, 100% used [0x00000000d5a80000,0x00000000d5c80000,0x00000000d5c80000)
  to   space 3584K, 0% used [0x00000000d5700000,0x00000000d5700000,0x00000000d5a80000)
 ParOldGen       total 1327104K, used 519992K [0x0000000080000000, 0x00000000d1000000, 0x00000000d5580000)
  object space 1327104K, 39% used [0x0000000080000000,0x000000009fbce190,0x00000000d1000000)
 Metaspace       used 87876K, committed 89728K, reserved 1179648K
  class space    used 8912K, committed 9728K, reserved 1048576K
}
Event: 1387.109 GC heap after
{Heap after GC invocations=3713 (full 4):
 PSYoungGen      total 3072K, used 1516K [0x00000000d5580000, 0x00000000d5c80000, 0x0000000100000000)
  eden space 1536K, 0% used [0x00000000d5580000,0x00000000d5580000,0x00000000d5700000)
  from space 1536K, 98% used [0x00000000d5700000,0x00000000d587b090,0x00000000d5880000)
  to   space 2560K, 0% used [0x00000000d5a00000,0x00000000d5a00000,0x00000000d5c80000)
 ParOldGen       total 1327104K, used 522088K [0x0000000080000000, 0x00000000d1000000, 0x00000000d5580000)
  object space 1327104K, 39% used [0x0000000080000000,0x000000009fdda190,0x00000000d1000000)
 Metaspace       used 87876K, committed 89728K, reserved 1179648K
  class space    used 8912K, committed 9728K, reserved 1048576K
}
Event: 1387.114 GC heap before
{Heap before GC invocations=3714 (full 4):
 PSYoungGen      total 3072K, used 3052K [0x00000000d5580000, 0x00000000d5c80000, 0x0000000100000000)
  eden space 1536K, 99% used [0x00000000d5580000,0x00000000d56ffff0,0x00000000d5700000)
  from space 1536K, 98% used [0x00000000d5700000,0x00000000d587b090,0x00000000d5880000)
  to   space 2560K, 0% used [0x00000000d5a00000,0x00000000d5a00000,0x00000000d5c80000)
 ParOldGen       total 1327104K, used 522088K [0x0000000080000000, 0x00000000d1000000, 0x00000000d5580000)
  object space 1327104K, 39% used [0x0000000080000000,0x000000009fdda190,0x00000000d1000000)
 Metaspace       used 87876K, committed 89728K, reserved 1179648K
  class space    used 8912K, committed 9728K, reserved 1048576K
}
Event: 1387.116 GC heap after
{Heap after GC invocations=3714 (full 4):
 PSYoungGen      total 4096K, used 1632K [0x00000000d5580000, 0x00000000d5c00000, 0x0000000100000000)
  eden space 2048K, 0% used [0x00000000d5580000,0x00000000d5580000,0x00000000d5780000)
  from space 2048K, 79% used [0x00000000d5a00000,0x00000000d5b98000,0x00000000d5c00000)
  to   space 2048K, 0% used [0x00000000d5800000,0x00000000d5800000,0x00000000d5a00000)
 ParOldGen       total 1327104K, used 523524K [0x0000000080000000, 0x00000000d1000000, 0x00000000d5580000)
  object space 1327104K, 39% used [0x0000000080000000,0x000000009ff41220,0x00000000d1000000)
 Metaspace       used 87876K, committed 89728K, reserved 1179648K
  class space    used 8912K, committed 9728K, reserved 1048576K
}
Event: 1387.124 GC heap before
{Heap before GC invocations=3715 (full 4):
 PSYoungGen      total 4096K, used 3680K [0x00000000d5580000, 0x00000000d5c00000, 0x0000000100000000)
  eden space 2048K, 100% used [0x00000000d5580000,0x00000000d5780000,0x00000000d5780000)
  from space 2048K, 79% used [0x00000000d5a00000,0x00000000d5b98000,0x00000000d5c00000)
  to   space 2048K, 0% used [0x00000000d5800000,0x00000000d5800000,0x00000000d5a00000)
 ParOldGen       total 1327104K, used 523524K [0x0000000080000000, 0x00000000d1000000, 0x00000000d5580000)
  object space 1327104K, 39% used [0x0000000080000000,0x000000009ff41220,0x00000000d1000000)
 Metaspace       used 87877K, committed 89728K, reserved 1179648K
  class space    used 8912K, committed 9728K, reserved 1048576K
}
Event: 1387.127 GC heap after
{Heap after GC invocations=3715 (full 4):
 PSYoungGen      total 3584K, used 1001K [0x00000000d5580000, 0x00000000d5b00000, 0x0000000100000000)
  eden space 2560K, 0% used [0x00000000d5580000,0x00000000d5580000,0x00000000d5800000)
  from space 1024K, 97% used [0x00000000d5800000,0x00000000d58fa400,0x00000000d5900000)
  to   space 1536K, 0% used [0x00000000d5980000,0x00000000d5980000,0x00000000d5b00000)
 ParOldGen       total 1327104K, used 525060K [0x0000000080000000, 0x00000000d1000000, 0x00000000d5580000)
  object space 1327104K, 39% used [0x0000000080000000,0x00000000a00c1220,0x00000000d1000000)
 Metaspace       used 87877K, committed 89728K, reserved 1179648K
  class space    used 8912K, committed 9728K, reserved 1048576K
}
Event: 1387.130 GC heap before
{Heap before GC invocations=3716 (full 4):
 PSYoungGen      total 3584K, used 3561K [0x00000000d5580000, 0x00000000d5b00000, 0x0000000100000000)
  eden space 2560K, 100% used [0x00000000d5580000,0x00000000d5800000,0x00000000d5800000)
  from space 1024K, 97% used [0x00000000d5800000,0x00000000d58fa400,0x00000000d5900000)
  to   space 1536K, 0% used [0x00000000d5980000,0x00000000d5980000,0x00000000d5b00000)
 ParOldGen       total 1327104K, used 525060K [0x0000000080000000, 0x00000000d1000000, 0x00000000d5580000)
  object space 1327104K, 39% used [0x0000000080000000,0x00000000a00c1220,0x00000000d1000000)
 Metaspace       used 87877K, committed 89728K, reserved 1179648K
  class space    used 8912K, committed 9728K, reserved 1048576K
}
Event: 1387.131 GC heap after
{Heap after GC invocations=3716 (full 4):
 PSYoungGen      total 4096K, used 448K [0x00000000d5580000, 0x00000000d5a80000, 0x0000000100000000)
  eden space 3072K, 0% used [0x00000000d5580000,0x00000000d5580000,0x00000000d5880000)
  from space 1024K, 43% used [0x00000000d5980000,0x00000000d59f0000,0x00000000d5a80000)
  to   space 1024K, 0% used [0x00000000d5880000,0x00000000d5880000,0x00000000d5980000)
 ParOldGen       total 1327104K, used 525973K [0x0000000080000000, 0x00000000d1000000, 0x00000000d5580000)
  object space 1327104K, 39% used [0x0000000080000000,0x00000000a01a5620,0x00000000d1000000)
 Metaspace       used 87877K, committed 89728K, reserved 1179648K
  class space    used 8912K, committed 9728K, reserved 1048576K
}
Event: 1387.136 GC heap before
{Heap before GC invocations=3717 (full 4):
 PSYoungGen      total 4096K, used 3520K [0x00000000d5580000, 0x00000000d5a80000, 0x0000000100000000)
  eden space 3072K, 100% used [0x00000000d5580000,0x00000000d5880000,0x00000000d5880000)
  from space 1024K, 43% used [0x00000000d5980000,0x00000000d59f0000,0x00000000d5a80000)
  to   space 1024K, 0% used [0x00000000d5880000,0x00000000d5880000,0x00000000d5980000)
 ParOldGen       total 1327104K, used 525973K [0x0000000080000000, 0x00000000d1000000, 0x00000000d5580000)
  object space 1327104K, 39% used [0x0000000080000000,0x00000000a01a5620,0x00000000d1000000)
 Metaspace       used 87877K, committed 89728K, reserved 1179648K
  class space    used 8912K, committed 9728K, reserved 1048576K
}
Event: 1387.137 GC heap after
{Heap after GC invocations=3717 (full 4):
 PSYoungGen      total 4096K, used 336K [0x00000000d5580000, 0x00000000d5a80000, 0x0000000100000000)
  eden space 3072K, 0% used [0x00000000d5580000,0x00000000d5580000,0x00000000d5880000)
  from space 1024K, 32% used [0x00000000d5880000,0x00000000d58d4010,0x00000000d5980000)
  to   space 512K, 0% used [0x00000000d5a00000,0x00000000d5a00000,0x00000000d5a80000)
 ParOldGen       total 1327104K, used 526309K [0x0000000080000000, 0x00000000d1000000, 0x00000000d5580000)
  object space 1327104K, 39% used [0x0000000080000000,0x00000000a01f9620,0x00000000d1000000)
 Metaspace       used 87877K, committed 89728K, reserved 1179648K
  class space    used 8912K, committed 9728K, reserved 1048576K
}
Event: 1387.141 GC heap before
{Heap before GC invocations=3718 (full 4):
 PSYoungGen      total 4096K, used 3408K [0x00000000d5580000, 0x00000000d5a80000, 0x0000000100000000)
  eden space 3072K, 100% used [0x00000000d5580000,0x00000000d5880000,0x00000000d5880000)
  from space 1024K, 32% used [0x00000000d5880000,0x00000000d58d4010,0x00000000d5980000)
  to   space 512K, 0% used [0x00000000d5a00000,0x00000000d5a00000,0x00000000d5a80000)
 ParOldGen       total 1327104K, used 526309K [0x0000000080000000, 0x00000000d1000000, 0x00000000d5580000)
  object space 1327104K, 39% used [0x0000000080000000,0x00000000a01f9620,0x00000000d1000000)
 Metaspace       used 87877K, committed 89728K, reserved 1179648K
  class space    used 8912K, committed 9728K, reserved 1048576K
}
Event: 1387.142 GC heap after
{Heap after GC invocations=3718 (full 4):
 PSYoungGen      total 4608K, used 320K [0x00000000d5580000, 0x00000000d5a80000, 0x0000000100000000)
  eden space 4096K, 0% used [0x00000000d5580000,0x00000000d5580000,0x00000000d5980000)
  from space 512K, 62% used [0x00000000d5a00000,0x00000000d5a50000,0x00000000d5a80000)
  to   space 512K, 0% used [0x00000000d5980000,0x00000000d5980000,0x00000000d5a00000)
 ParOldGen       total 1327104K, used 526533K [0x0000000080000000, 0x00000000d1000000, 0x00000000d5580000)
  object space 1327104K, 39% used [0x0000000080000000,0x00000000a0231640,0x00000000d1000000)
 Metaspace       used 87877K, committed 89728K, reserved 1179648K
  class space    used 8912K, committed 9728K, reserved 1048576K
}
Event: 1387.150 GC heap before
{Heap before GC invocations=3719 (full 4):
 PSYoungGen      total 4608K, used 4415K [0x00000000d5580000, 0x00000000d5a80000, 0x0000000100000000)
  eden space 4096K, 99% used [0x00000000d5580000,0x00000000d597ffe8,0x00000000d5980000)
  from space 512K, 62% used [0x00000000d5a00000,0x00000000d5a50000,0x00000000d5a80000)
  to   space 512K, 0% used [0x00000000d5980000,0x00000000d5980000,0x00000000d5a00000)
 ParOldGen       total 1327104K, used 526533K [0x0000000080000000, 0x00000000d1000000, 0x00000000d5580000)
  object space 1327104K, 39% used [0x0000000080000000,0x00000000a0231640,0x00000000d1000000)
 Metaspace       used 87877K, committed 89728K, reserved 1179648K
  class space    used 8912K, committed 9728K, reserved 1048576K
}
Event: 1387.152 GC heap after
{Heap after GC invocations=3719 (full 4):
 PSYoungGen      total 4608K, used 486K [0x00000000d5580000, 0x00000000d6080000, 0x0000000100000000)
  eden space 4096K, 0% used [0x00000000d5580000,0x00000000d5580000,0x00000000d5980000)
  from space 512K, 94% used [0x00000000d5980000,0x00000000d59f9848,0x00000000d5a00000)
  to   space 3072K, 0% used [0x00000000d5d80000,0x00000000d5d80000,0x00000000d6080000)
 ParOldGen       total 1327104K, used 528683K [0x0000000080000000, 0x00000000d1000000, 0x00000000d5580000)
  object space 1327104K, 39% used [0x0000000080000000,0x00000000a044ae88,0x00000000d1000000)
 Metaspace       used 87877K, committed 89728K, reserved 1179648K
  class space    used 8912K, committed 9728K, reserved 1048576K
}
Event: 1387.162 GC heap before
{Heap before GC invocations=3720 (full 4):
 PSYoungGen      total 4608K, used 4582K [0x00000000d5580000, 0x00000000d6080000, 0x0000000100000000)
  eden space 4096K, 99% used [0x00000000d5580000,0x00000000d597fff0,0x00000000d5980000)
  from space 512K, 94% used [0x00000000d5980000,0x00000000d59f9848,0x00000000d5a00000)
  to   space 3072K, 0% used [0x00000000d5d80000,0x00000000d5d80000,0x00000000d6080000)
 ParOldGen       total 1327104K, used 528683K [0x0000000080000000, 0x00000000d1000000, 0x00000000d5580000)
  object space 1327104K, 39% used [0x0000000080000000,0x00000000a044ae88,0x00000000d1000000)
 Metaspace       used 87877K, committed 89728K, reserved 1179648K
  class space    used 8912K, committed 9728K, reserved 1048576K
}
Event: 1387.164 GC heap after
{Heap after GC invocations=3720 (full 4):
 PSYoungGen      total 7168K, used 3052K [0x00000000d5580000, 0x00000000d6280000, 0x0000000100000000)
  eden space 4096K, 0% used [0x00000000d5580000,0x00000000d5580000,0x00000000d5980000)
  from space 3072K, 99% used [0x00000000d5d80000,0x00000000d607b090,0x00000000d6080000)
  to   space 4096K, 0% used [0x00000000d5980000,0x00000000d5980000,0x00000000d5d80000)
 ParOldGen       total 1327104K, used 529003K [0x0000000080000000, 0x00000000d1000000, 0x00000000d5580000)
  object space 1327104K, 39% used [0x0000000080000000,0x00000000a049ae88,0x00000000d1000000)
 Metaspace       used 87877K, committed 89728K, reserved 1179648K
  class space    used 8912K, committed 9728K, reserved 1048576K
}

Dll operation events (14 events):
Event: 0.866 Loaded shared library c:\Users\86150\.vscode\extensions\redhat.java-1.54.0-win32-x64\jre\21.0.10-win32-x86_64\bin\java.dll
Event: 1.056 Loaded shared library c:\Users\86150\.vscode\extensions\redhat.java-1.54.0-win32-x64\jre\21.0.10-win32-x86_64\bin\zip.dll
Event: 1.115 Loaded shared library C:\Users\86150\.vscode\extensions\redhat.java-1.54.0-win32-x64\jre\21.0.10-win32-x86_64\bin\instrument.dll
Event: 1.677 Loaded shared library C:\Users\86150\.vscode\extensions\redhat.java-1.54.0-win32-x64\jre\21.0.10-win32-x86_64\bin\net.dll
Event: 1.831 Loaded shared library C:\Users\86150\.vscode\extensions\redhat.java-1.54.0-win32-x64\jre\21.0.10-win32-x86_64\bin\nio.dll
Event: 1.834 Loaded shared library C:\Users\86150\.vscode\extensions\redhat.java-1.54.0-win32-x64\jre\21.0.10-win32-x86_64\bin\zip.dll
Event: 1.847 Loaded shared library C:\Users\86150\.vscode\extensions\redhat.java-1.54.0-win32-x64\jre\21.0.10-win32-x86_64\bin\jimage.dll
Event: 2.212 Loaded shared library c:\Users\86150\.vscode\extensions\redhat.java-1.54.0-win32-x64\jre\21.0.10-win32-x86_64\bin\verify.dll
Event: 3.287 Loaded shared library C:\Users\86150\AppData\Roaming\Code\User\globalStorage\redhat.java\1.54.0\config_win\org.eclipse.equinox.launcher\org.eclipse.equinox.launcher.win32.win32.x86_64_1.3.0.v20260203-2149\eclipse_11919.dll
Event: 6.371 Loaded shared library C:\Users\86150\.vscode\extensions\redhat.java-1.54.0-win32-x64\jre\21.0.10-win32-x86_64\bin\management.dll
Event: 6.378 Loaded shared library C:\Users\86150\.vscode\extensions\redhat.java-1.54.0-win32-x64\jre\21.0.10-win32-x86_64\bin\management_ext.dll
Event: 7.937 Loaded shared library C:\Users\86150\AppData\Local\Temp\jna-53374670\jna5124659070896659568.dll
Event: 8.201 Loaded shared library C:\Users\86150\.vscode\extensions\redhat.java-1.54.0-win32-x64\jre\21.0.10-win32-x86_64\bin\sunmscapi.dll
Event: 8.463 Loaded shared library C:\Users\86150\.vscode\extensions\redhat.java-1.54.0-win32-x64\jre\21.0.10-win32-x86_64\bin\extnet.dll

Deoptimization events (20 events):
Event: 1377.520 Thread 0x0000025e9511b3e0 Uncommon trap: trap_request=0xffffffc6 fr.pc=0x0000025e3faa37c4 relative=0x0000000000000a04
Event: 1377.520 Thread 0x0000025e9511b3e0 Uncommon trap: reason=bimorphic_or_optimized_type_check action=maybe_recompile pc=0x0000025e3faa37c4 method=org.eclipse.jdt.internal.core.NameLookup.getModuleDescription(Lorg/eclipse/jdt/internal/core/JavaProject;Lorg/eclipse/jdt/core/IPackageFragmentRoot
Event: 1377.520 Thread 0x0000025e9511b3e0 DEOPT PACKING pc=0x0000025e3faa37c4 sp=0x000000a3a03fdcc0
Event: 1377.520 Thread 0x0000025e9511b3e0 DEOPT UNPACKING pc=0x0000025e3e666da2 sp=0x000000a3a03fdc58 mode 2
Event: 1377.521 Thread 0x0000025e9511b3e0 Uncommon trap: trap_request=0xffffffc6 fr.pc=0x0000025e3faa37c4 relative=0x0000000000000a04
Event: 1377.521 Thread 0x0000025e9511b3e0 Uncommon trap: reason=bimorphic_or_optimized_type_check action=maybe_recompile pc=0x0000025e3faa37c4 method=org.eclipse.jdt.internal.core.NameLookup.getModuleDescription(Lorg/eclipse/jdt/internal/core/JavaProject;Lorg/eclipse/jdt/core/IPackageFragmentRoot
Event: 1377.521 Thread 0x0000025e9511b3e0 DEOPT PACKING pc=0x0000025e3faa37c4 sp=0x000000a3a03fdc20
Event: 1377.521 Thread 0x0000025e9511b3e0 DEOPT UNPACKING pc=0x0000025e3e666da2 sp=0x000000a3a03fdbb8 mode 2
Event: 1377.521 Thread 0x0000025e9511b3e0 Uncommon trap: trap_request=0xffffffc6 fr.pc=0x0000025e3faa37c4 relative=0x0000000000000a04
Event: 1377.521 Thread 0x0000025e9511b3e0 Uncommon trap: reason=bimorphic_or_optimized_type_check action=maybe_recompile pc=0x0000025e3faa37c4 method=org.eclipse.jdt.internal.core.NameLookup.getModuleDescription(Lorg/eclipse/jdt/internal/core/JavaProject;Lorg/eclipse/jdt/core/IPackageFragmentRoot
Event: 1377.521 Thread 0x0000025e9511b3e0 DEOPT PACKING pc=0x0000025e3faa37c4 sp=0x000000a3a03fdcc0
Event: 1377.521 Thread 0x0000025e9511b3e0 DEOPT UNPACKING pc=0x0000025e3e666da2 sp=0x000000a3a03fdc58 mode 2
Event: 1377.522 Thread 0x0000025e9511b3e0 Uncommon trap: trap_request=0xffffffc6 fr.pc=0x0000025e3faa37c4 relative=0x0000000000000a04
Event: 1377.522 Thread 0x0000025e9511b3e0 Uncommon trap: reason=bimorphic_or_optimized_type_check action=maybe_recompile pc=0x0000025e3faa37c4 method=org.eclipse.jdt.internal.core.NameLookup.getModuleDescription(Lorg/eclipse/jdt/internal/core/JavaProject;Lorg/eclipse/jdt/core/IPackageFragmentRoot
Event: 1377.522 Thread 0x0000025e9511b3e0 DEOPT PACKING pc=0x0000025e3faa37c4 sp=0x000000a3a03fe020
Event: 1377.522 Thread 0x0000025e9511b3e0 DEOPT UNPACKING pc=0x0000025e3e666da2 sp=0x000000a3a03fdfb8 mode 2
Event: 1387.063 Thread 0x0000025e9511b3e0 Uncommon trap: trap_request=0xffffffc6 fr.pc=0x0000025e3fd2cbd0 relative=0x0000000000003050
Event: 1387.063 Thread 0x0000025e9511b3e0 Uncommon trap: reason=bimorphic_or_optimized_type_check action=maybe_recompile pc=0x0000025e3fd2cbd0 method=org.eclipse.jdt.internal.compiler.lookup.LookupEnvironment.askForType(Lorg/eclipse/jdt/internal/compiler/lookup/PackageBinding;[CLorg/eclipse/jdt/i
Event: 1387.063 Thread 0x0000025e9511b3e0 DEOPT PACKING pc=0x0000025e3fd2cbd0 sp=0x000000a3a03fd7a0
Event: 1387.063 Thread 0x0000025e9511b3e0 DEOPT UNPACKING pc=0x0000025e3e666da2 sp=0x000000a3a03fd718 mode 2

Classes loaded (20 events):
Event: 605.290 Loading class jdk/internal/ref/CleanerImpl$InnocuousThreadFactory
Event: 605.290 Loading class jdk/internal/ref/CleanerImpl$InnocuousThreadFactory done
Event: 801.151 Loading class javax/crypto/AEADBadTagException
Event: 801.151 Loading class javax/crypto/AEADBadTagException done
Event: 801.154 Loading class java/util/concurrent/ConcurrentLinkedQueue$Itr
Event: 801.154 Loading class java/util/concurrent/ConcurrentLinkedQueue$Itr done
Event: 801.160 Loading class java/lang/StackStreamFactory$CallerClassFinder
Event: 801.160 Loading class java/lang/StackStreamFactory$CallerClassFinder done
Event: 801.160 Loading class java/lang/StackStreamFactory$CallerClassFinder$ClassBuffer
Event: 801.160 Loading class java/lang/StackStreamFactory$CallerClassFinder$ClassBuffer done
Event: 801.714 Loading class java/util/concurrent/LinkedBlockingQueue$Itr
Event: 801.714 Loading class java/util/concurrent/LinkedBlockingQueue$Itr done
Event: 847.162 Loading class java/util/function/IntPredicate
Event: 847.162 Loading class java/util/function/IntPredicate done
Event: 847.173 Loading class java/util/regex/Pattern$Bound
Event: 847.173 Loading class java/util/regex/Pattern$Bound done
Event: 928.117 Loading class java/util/regex/Pattern$Behind
Event: 928.117 Loading class java/util/regex/Pattern$Behind done
Event: 928.117 Loading class java/util/regex/Pattern$Neg
Event: 928.117 Loading class java/util/regex/Pattern$Neg done

Classes unloaded (17 events):
Event: 6.997 Thread 0x0000025e33f81b00 Unloading class 0x0000025e4c1a3c00 'java/lang/invoke/LambdaForm$MH+0x0000025e4c1a3c00'
Event: 6.997 Thread 0x0000025e33f81b00 Unloading class 0x0000025e4c1a3800 'java/lang/invoke/LambdaForm$MH+0x0000025e4c1a3800'
Event: 6.997 Thread 0x0000025e33f81b00 Unloading class 0x0000025e4c1a3400 'java/lang/invoke/LambdaForm$MH+0x0000025e4c1a3400'
Event: 6.997 Thread 0x0000025e33f81b00 Unloading class 0x0000025e4c1a3000 'java/lang/invoke/LambdaForm$MH+0x0000025e4c1a3000'
Event: 6.997 Thread 0x0000025e33f81b00 Unloading class 0x0000025e4c1a2c00 'java/lang/invoke/LambdaForm$BMH+0x0000025e4c1a2c00'
Event: 6.997 Thread 0x0000025e33f81b00 Unloading class 0x0000025e4c1a2800 'java/lang/invoke/LambdaForm$DMH+0x0000025e4c1a2800'
Event: 6.997 Thread 0x0000025e33f81b00 Unloading class 0x0000025e4c1a1800 'java/lang/invoke/LambdaForm$DMH+0x0000025e4c1a1800'
Event: 8.334 Thread 0x0000025e33f81b00 Unloading class 0x0000025e4c315c00 'java/lang/invoke/LambdaForm$MH+0x0000025e4c315c00'
Event: 8.334 Thread 0x0000025e33f81b00 Unloading class 0x0000025e4c315400 'java/lang/invoke/LambdaForm$MH+0x0000025e4c315400'
Event: 8.334 Thread 0x0000025e33f81b00 Unloading class 0x0000025e4c314c00 'java/lang/invoke/LambdaForm$MH+0x0000025e4c314c00'
Event: 8.334 Thread 0x0000025e33f81b00 Unloading class 0x0000025e4c314800 'java/lang/invoke/LambdaForm$DMH+0x0000025e4c314800'
Event: 8.334 Thread 0x0000025e33f81b00 Unloading class 0x0000025e4c313c00 'java/lang/invoke/LambdaForm$MH+0x0000025e4c313c00'
Event: 66.517 Thread 0x0000025e33f81b00 Unloading class 0x0000025e4c695400 'java/lang/invoke/LambdaForm$DMH+0x0000025e4c695400'
Event: 66.517 Thread 0x0000025e33f81b00 Unloading class 0x0000025e4c694800 'java/lang/invoke/LambdaForm$DMH+0x0000025e4c694800'
Event: 66.517 Thread 0x0000025e33f81b00 Unloading class 0x0000025e4c695000 'java/lang/invoke/LambdaForm$DMH+0x0000025e4c695000'
Event: 66.517 Thread 0x0000025e33f81b00 Unloading class 0x0000025e4c694c00 'java/lang/invoke/LambdaForm$DMH+0x0000025e4c694c00'
Event: 66.517 Thread 0x0000025e33f81b00 Unloading class 0x0000025e4c5dc800 'java/lang/invoke/LambdaForm$DMH+0x0000025e4c5dc800'

Classes redefined (0 events):
No events

Internal exceptions (20 events):
Event: 799.727 Thread 0x0000025e9511e1d0 Exception <a 'java/io/FileNotFoundException'{0x00000000d57fd380}> (0x00000000d57fd380) 
thrown [s\src\hotspot\share\prims\jni.cpp, line 520]
Event: 799.728 Thread 0x0000025e9511e1d0 Exception <a 'sun/nio/fs/WindowsException'{0x00000000d5805530}> (0x00000000d5805530) 
thrown [s\src\hotspot\share\prims\jni.cpp, line 520]
Event: 799.728 Thread 0x0000025e9511e1d0 Exception <a 'sun/nio/fs/WindowsException'{0x00000000d58059a0}> (0x00000000d58059a0) 
thrown [s\src\hotspot\share\prims\jni.cpp, line 520]
Event: 799.729 Thread 0x0000025e9511e1d0 Exception <a 'sun/nio/fs/WindowsException'{0x00000000d5811f00}> (0x00000000d5811f00) 
thrown [s\src\hotspot\share\prims\jni.cpp, line 520]
Event: 801.155 Thread 0x0000025e9511e1d0 Exception <a 'sun/nio/fs/WindowsException'{0x00000000d5841c38}> (0x00000000d5841c38) 
thrown [s\src\hotspot\share\prims\jni.cpp, line 520]
Event: 801.155 Thread 0x0000025e9511e1d0 Exception <a 'sun/nio/fs/WindowsException'{0x00000000d5875da0}> (0x00000000d5875da0) 
thrown [s\src\hotspot\share\prims\jni.cpp, line 520]
Event: 801.157 Thread 0x0000025e9511e1d0 Exception <a 'java/io/FileNotFoundException'{0x00000000d587e3f8}> (0x00000000d587e3f8) 
thrown [s\src\hotspot\share\prims\jni.cpp, line 520]
Event: 801.162 Thread 0x0000025e9511e1d0 Exception <a 'sun/nio/fs/WindowsException'{0x00000000d55c7370}> (0x00000000d55c7370) 
thrown [s\src\hotspot\share\prims\jni.cpp, line 520]
Event: 801.162 Thread 0x0000025e9511e1d0 Exception <a 'sun/nio/fs/WindowsException'{0x00000000d55c77c0}> (0x00000000d55c77c0) 
thrown [s\src\hotspot\share\prims\jni.cpp, line 520]
Event: 801.163 Thread 0x0000025e9511e1d0 Exception <a 'sun/nio/fs/WindowsException'{0x00000000d55d29e8}> (0x00000000d55d29e8) 
thrown [s\src\hotspot\share\prims\jni.cpp, line 520]
Event: 801.711 Thread 0x0000025e9511e1d0 Exception <a 'sun/nio/fs/WindowsException'{0x00000000d561e450}> (0x00000000d561e450) 
thrown [s\src\hotspot\share\prims\jni.cpp, line 520]
Event: 801.711 Thread 0x0000025e9511e1d0 Exception <a 'sun/nio/fs/WindowsException'{0x00000000d5621400}> (0x00000000d5621400) 
thrown [s\src\hotspot\share\prims\jni.cpp, line 520]
Event: 847.163 Thread 0x0000025e9511c100 Exception <a 'java/lang/NoSuchMethodError'{0x00000000d56302c0}: 'int java.lang.invoke.DirectMethodHandle$Holder.invokeStaticInit(java.lang.Object, int)'> (0x00000000d56302c0) 
thrown [s\src\hotspot\share\interpreter\linkResolver.cpp, line 773]
Event: 928.053 Thread 0x0000025e9511a030 Exception <a 'java/lang/NoSuchMethodError'{0x00000000d56c7178}: 'void java.lang.invoke.DirectMethodHandle$Holder.invokeSpecial(java.lang.Object, java.lang.Object, int)'> (0x00000000d56c7178) 
thrown [s\src\hotspot\share\interpreter\linkResolver.cpp, line 773]
Event: 1373.877 Thread 0x0000025e9511b3e0 Implicit null exception at 0x0000025e3fbf54ec to 0x0000025e3fbf5a58
Event: 1373.877 Thread 0x0000025e9511b3e0 Implicit null exception at 0x0000025e3fbc05eb to 0x0000025e3fbc0a88
Event: 1377.512 Thread 0x0000025e9511b3e0 Implicit null exception at 0x0000025e3fe3de69 to 0x0000025e3fe3e390
Event: 1377.513 Thread 0x0000025e9511b3e0 Implicit null exception at 0x0000025e3fc928a4 to 0x0000025e3fc92abc
Event: 1377.513 Thread 0x0000025e9511b3e0 Implicit null exception at 0x0000025e3fd516f6 to 0x0000025e3fd5171a
Event: 1377.521 Thread 0x0000025e9511b3e0 Exception <a 'java/lang/NoSuchMethodError'{0x00000000d562d0e0}: 'java.lang.Object java.lang.invoke.DirectMethodHandle$Holder.invokeStatic(java.lang.Object, int, java.lang.Object)'> (0x00000000d562d0e0) 
thrown [s\src\hotspot\share\interpreter\linkResolver.cpp, line 773]

ZGC Phase Switch (0 events):
No events

VM Operations (20 events):
Event: 1387.107 Executing safepoint VM operation: ParallelGCFailedAllocation (Allocation Failure)
Event: 1387.109 Executing safepoint VM operation: ParallelGCFailedAllocation (Allocation Failure) done
Event: 1387.114 Executing safepoint VM operation: ParallelGCFailedAllocation (Allocation Failure)
Event: 1387.116 Executing safepoint VM operation: ParallelGCFailedAllocation (Allocation Failure) done
Event: 1387.124 Executing safepoint VM operation: ParallelGCFailedAllocation (Allocation Failure)
Event: 1387.127 Executing safepoint VM operation: ParallelGCFailedAllocation (Allocation Failure) done
Event: 1387.130 Executing safepoint VM operation: ParallelGCFailedAllocation (Allocation Failure)
Event: 1387.131 Executing safepoint VM operation: ParallelGCFailedAllocation (Allocation Failure) done
Event: 1387.136 Executing safepoint VM operation: ParallelGCFailedAllocation (Allocation Failure)
Event: 1387.137 Executing safepoint VM operation: ParallelGCFailedAllocation (Allocation Failure) done
Event: 1387.141 Executing safepoint VM operation: ParallelGCFailedAllocation (Allocation Failure)
Event: 1387.142 Executing safepoint VM operation: ParallelGCFailedAllocation (Allocation Failure) done
Event: 1387.150 Executing safepoint VM operation: ParallelGCFailedAllocation (Allocation Failure)
Event: 1387.152 Executing safepoint VM operation: ParallelGCFailedAllocation (Allocation Failure) done
Event: 1387.162 Executing safepoint VM operation: ParallelGCFailedAllocation (Allocation Failure)
Event: 1387.164 Executing safepoint VM operation: ParallelGCFailedAllocation (Allocation Failure) done
Event: 1443.140 Executing non-safepoint VM operation: HandshakeAllThreads (HandshakeForDeflation)
Event: 1443.140 Executing non-safepoint VM operation: HandshakeAllThreads (HandshakeForDeflation) done
Event: 1443.140 Executing non-safepoint VM operation: RendezvousGCThreads
Event: 1443.140 Executing non-safepoint VM operation: RendezvousGCThreads done

Memory protections (0 events):
No events

Nmethod flushes (20 events):
Event: 221.323 Thread 0x0000025e33f81b00 flushing  nmethod 0x0000025e3811a690
Event: 221.323 Thread 0x0000025e33f81b00 flushing  nmethod 0x0000025e381cf910
Event: 221.323 Thread 0x0000025e33f81b00 flushing  nmethod 0x0000025e3820b890
Event: 221.323 Thread 0x0000025e33f81b00 flushing  nmethod 0x0000025e3821c690
Event: 221.323 Thread 0x0000025e33f81b00 flushing  nmethod 0x0000025e3821cb90
Event: 221.323 Thread 0x0000025e33f81b00 flushing  nmethod 0x0000025e38220610
Event: 221.323 Thread 0x0000025e33f81b00 flushing  nmethod 0x0000025e38225210
Event: 221.323 Thread 0x0000025e33f81b00 flushing  nmethod 0x0000025e3822d910
Event: 221.323 Thread 0x0000025e33f81b00 flushing  nmethod 0x0000025e3823e110
Event: 221.323 Thread 0x0000025e33f81b00 flushing  nmethod 0x0000025e3824c010
Event: 221.323 Thread 0x0000025e33f81b00 flushing  nmethod 0x0000025e38278a10
Event: 221.323 Thread 0x0000025e33f81b00 flushing  nmethod 0x0000025e3827d890
Event: 221.323 Thread 0x0000025e33f81b00 flushing  nmethod 0x0000025e3828d390
Event: 221.323 Thread 0x0000025e33f81b00 flushing  nmethod 0x0000025e38295490
Event: 221.323 Thread 0x0000025e33f81b00 flushing  nmethod 0x0000025e38295810
Event: 221.323 Thread 0x0000025e33f81b00 flushing  nmethod 0x0000025e382c5390
Event: 221.323 Thread 0x0000025e33f81b00 flushing  nmethod 0x0000025e38330390
Event: 221.323 Thread 0x0000025e33f81b00 flushing  nmethod 0x0000025e38334590
Event: 221.323 Thread 0x0000025e33f81b00 flushing  nmethod 0x0000025e3837a390
Event: 221.323 Thread 0x0000025e33f81b00 flushing  nmethod 0x0000025e38427490

Events (20 events):
Event: 900.696 Thread 0x0000025e8da09a80 Thread exited: 0x0000025e8da09a80
Event: 905.820 Thread 0x0000025e8da048c0 Thread exited: 0x0000025e8da048c0
Event: 928.055 Thread 0x0000025e33e80030 Thread added: 0x0000025e8da048c0
Event: 928.056 Thread 0x0000025e33e80030 Thread added: 0x0000025e8da09a80
Event: 928.631 Thread 0x0000025e8da09a80 Thread exited: 0x0000025e8da09a80
Event: 933.691 Thread 0x0000025e8da048c0 Thread exited: 0x0000025e8da048c0
Event: 988.662 Thread 0x0000025e9511c790 Thread exited: 0x0000025e9511c790
Event: 1048.674 Thread 0x0000025e95117f60 Thread exited: 0x0000025e95117f60
Event: 1108.677 Thread 0x0000025e9511a030 Thread exited: 0x0000025e9511a030
Event: 1168.692 Thread 0x0000025e9511c100 Thread exited: 0x0000025e9511c100
Event: 1257.379 Thread 0x0000025e9511b3e0 Thread added: 0x0000025e922f8c20
Event: 1372.310 Thread 0x0000025e95117240 Thread added: 0x0000025e922fc0a0
Event: 1374.135 Thread 0x0000025e33e80030 Thread added: 0x0000025e8da09a80
Event: 1374.988 Thread 0x0000025e8da09a80 Thread exited: 0x0000025e8da09a80
Event: 1375.006 Thread 0x0000025e9511b3e0 Thread added: 0x0000025e922f92b0
Event: 1375.006 Thread 0x0000025e9511ce20 Thread added: 0x0000025e922ff520
Event: 1375.006 Thread 0x0000025e922f8c20 Thread added: 0x0000025e922fee90
Event: 1432.366 Thread 0x0000025e95117240 Thread exited: 0x0000025e95117240
Event: 1474.218 Thread 0x0000025e9511b3e0 Thread exited: 0x0000025e9511b3e0
Event: 1534.230 Thread 0x0000025e922f8c20 Thread exited: 0x0000025e922f8c20


Dynamic libraries:
0x00007ff759d00000 - 0x00007ff759d0e000 	c:\Users\86150\.vscode\extensions\redhat.java-1.54.0-win32-x64\jre\21.0.10-win32-x86_64\bin\java.exe
0x00007ffac4dc0000 - 0x00007ffac5027000 	C:\WINDOWS\SYSTEM32\ntdll.dll
0x00007ffac3610000 - 0x00007ffac36d9000 	C:\WINDOWS\System32\KERNEL32.DLL
0x00007ffac1b50000 - 0x00007ffac1f47000 	C:\WINDOWS\System32\KERNELBASE.dll
0x00007ffac1a00000 - 0x00007ffac1b4b000 	C:\WINDOWS\System32\ucrtbase.dll
0x00007ffa30bc0000 - 0x00007ffa30bd8000 	c:\Users\86150\.vscode\extensions\redhat.java-1.54.0-win32-x64\jre\21.0.10-win32-x86_64\bin\jli.dll
0x00007ffac4870000 - 0x00007ffac4a36000 	C:\WINDOWS\System32\USER32.dll
0x00007ffac19d0000 - 0x00007ffac19f7000 	C:\WINDOWS\System32\win32u.dll
0x00007ffac0bf0000 - 0x00007ffac0e82000 	C:\WINDOWS\WinSxS\amd64_microsoft.windows.common-controls_6595b64144ccf1df_6.0.26100.8457_none_3e0b2faee331e92d\COMCTL32.dll
0x00007ffac3730000 - 0x00007ffac375b000 	C:\WINDOWS\System32\GDI32.dll
0x00007ffac2c40000 - 0x00007ffac2ce9000 	C:\WINDOWS\System32\msvcrt.dll
0x00007ffac17f0000 - 0x00007ffac191c000 	C:\WINDOWS\System32\gdi32full.dll
0x00007ffac1920000 - 0x00007ffac19c3000 	C:\WINDOWS\System32\msvcp_win.dll
0x00007ffa30be0000 - 0x00007ffa30bfe000 	c:\Users\86150\.vscode\extensions\redhat.java-1.54.0-win32-x64\jre\21.0.10-win32-x86_64\bin\VCRUNTIME140.dll
0x00007ffac43a0000 - 0x00007ffac43d2000 	C:\WINDOWS\System32\IMM32.DLL
0x00007ffa44c20000 - 0x00007ffa44c2c000 	c:\Users\86150\.vscode\extensions\redhat.java-1.54.0-win32-x64\jre\21.0.10-win32-x86_64\bin\vcruntime140_1.dll
0x00007ffa30b30000 - 0x00007ffa30bbd000 	c:\Users\86150\.vscode\extensions\redhat.java-1.54.0-win32-x64\jre\21.0.10-win32-x86_64\bin\msvcp140.dll
0x00007ffa2fd80000 - 0x00007ffa30b21000 	c:\Users\86150\.vscode\extensions\redhat.java-1.54.0-win32-x64\jre\21.0.10-win32-x86_64\bin\server\jvm.dll
0x00007ffac34f0000 - 0x00007ffac35a6000 	C:\WINDOWS\System32\ADVAPI32.dll
0x00007ffac3820000 - 0x00007ffac38c7000 	C:\WINDOWS\System32\sechost.dll
0x00007ffac4ad0000 - 0x00007ffac4be8000 	C:\WINDOWS\System32\RPCRT4.dll
0x00007ffac4a40000 - 0x00007ffac4ac0000 	C:\WINDOWS\System32\WS2_32.dll
0x00007ffac1650000 - 0x00007ffac16ae000 	C:\WINDOWS\SYSTEM32\POWRPROF.dll
0x00007ffab8980000 - 0x00007ffab89b6000 	C:\WINDOWS\SYSTEM32\WINMM.dll
0x00007ffab5690000 - 0x00007ffab569b000 	C:\WINDOWS\SYSTEM32\VERSION.dll
0x00007ffac1630000 - 0x00007ffac1644000 	C:\WINDOWS\SYSTEM32\UMPDC.dll
0x00007ffabfc50000 - 0x00007ffabfc6b000 	C:\WINDOWS\SYSTEM32\kernel.appcore.dll
0x00007ffa36550000 - 0x00007ffa3655a000 	c:\Users\86150\.vscode\extensions\redhat.java-1.54.0-win32-x64\jre\21.0.10-win32-x86_64\bin\jimage.dll
0x00007ffac0fc0000 - 0x00007ffac1202000 	C:\WINDOWS\SYSTEM32\DBGHELP.DLL
0x00007ffac3f60000 - 0x00007ffac42e3000 	C:\WINDOWS\System32\combase.dll
0x00007ffac38d0000 - 0x00007ffac39a9000 	C:\WINDOWS\System32\OLEAUT32.dll
0x00007ffac0e90000 - 0x00007ffac0ecb000 	C:\WINDOWS\SYSTEM32\dbgcore.DLL
0x00007ffac2010000 - 0x00007ffac20b8000 	C:\WINDOWS\System32\bcryptPrimitives.dll
0x00007ffa2fd70000 - 0x00007ffa2fd7f000 	c:\Users\86150\.vscode\extensions\redhat.java-1.54.0-win32-x64\jre\21.0.10-win32-x86_64\bin\instrument.dll
0x00007ffa2fd50000 - 0x00007ffa2fd70000 	c:\Users\86150\.vscode\extensions\redhat.java-1.54.0-win32-x64\jre\21.0.10-win32-x86_64\bin\java.dll
0x00007ffac2d70000 - 0x00007ffac34de000 	C:\WINDOWS\System32\SHELL32.dll
0x00007ffac22d0000 - 0x00007ffac2b3c000 	C:\WINDOWS\System32\windows.storage.dll
0x00007ffac2b40000 - 0x00007ffac2c36000 	C:\WINDOWS\System32\SHCORE.dll
0x00007ffac3df0000 - 0x00007ffac3e56000 	C:\WINDOWS\System32\shlwapi.dll
0x00007ffac1710000 - 0x00007ffac1739000 	C:\WINDOWS\SYSTEM32\profapi.dll
0x00007ffa2fd30000 - 0x00007ffa2fd48000 	c:\Users\86150\.vscode\extensions\redhat.java-1.54.0-win32-x64\jre\21.0.10-win32-x86_64\bin\zip.dll
0x00007ffa2fd20000 - 0x00007ffa2fd30000 	C:\Users\86150\.vscode\extensions\redhat.java-1.54.0-win32-x64\jre\21.0.10-win32-x86_64\bin\net.dll
0x00007ffab0c50000 - 0x00007ffab0d79000 	C:\WINDOWS\SYSTEM32\WINHTTP.dll
0x00007ffac0180000 - 0x00007ffac01ec000 	C:\WINDOWS\system32\mswsock.dll
0x00007ffa2fd00000 - 0x00007ffa2fd16000 	C:\Users\86150\.vscode\extensions\redhat.java-1.54.0-win32-x64\jre\21.0.10-win32-x86_64\bin\nio.dll
0x00007ffa2fcf0000 - 0x00007ffa2fd00000 	c:\Users\86150\.vscode\extensions\redhat.java-1.54.0-win32-x64\jre\21.0.10-win32-x86_64\bin\verify.dll
0x00007ffa66fc0000 - 0x00007ffa67005000 	C:\Users\86150\AppData\Roaming\Code\User\globalStorage\redhat.java\1.54.0\config_win\org.eclipse.equinox.launcher\org.eclipse.equinox.launcher.win32.win32.x86_64_1.3.0.v20260203-2149\eclipse_11919.dll
0x00007ffac3a70000 - 0x00007ffac3c07000 	C:\WINDOWS\System32\ole32.dll
0x00007ffa775b0000 - 0x00007ffa775ba000 	C:\Users\86150\.vscode\extensions\redhat.java-1.54.0-win32-x64\jre\21.0.10-win32-x86_64\bin\management.dll
0x00007ffa67370000 - 0x00007ffa6737c000 	C:\Users\86150\.vscode\extensions\redhat.java-1.54.0-win32-x64\jre\21.0.10-win32-x86_64\bin\management_ext.dll
0x00007ffac4380000 - 0x00007ffac4388000 	C:\WINDOWS\System32\PSAPI.DLL
0x00007ffac1310000 - 0x00007ffac132b000 	C:\WINDOWS\SYSTEM32\CRYPTSP.dll
0x00007ffac02c0000 - 0x00007ffac02f9000 	C:\WINDOWS\system32\rsaenh.dll
0x00007ffac0230000 - 0x00007ffac0263000 	C:\WINDOWS\SYSTEM32\USERENV.dll
0x00007ffac16e0000 - 0x00007ffac170a000 	C:\WINDOWS\SYSTEM32\bcrypt.dll
0x00007ffac04a0000 - 0x00007ffac04ac000 	C:\WINDOWS\SYSTEM32\CRYPTBASE.dll
0x00007ffabf710000 - 0x00007ffabf742000 	C:\WINDOWS\SYSTEM32\IPHLPAPI.DLL
0x00007ffac3760000 - 0x00007ffac376a000 	C:\WINDOWS\System32\NSI.dll
0x00007ffa38fd0000 - 0x00007ffa39019000 	C:\Users\86150\AppData\Local\Temp\jna-53374670\jna5124659070896659568.dll
0x00007ffab56c0000 - 0x00007ffab56dd000 	C:\WINDOWS\SYSTEM32\dhcpcsvc6.DLL
0x00007ffab0f90000 - 0x00007ffab0fb5000 	C:\WINDOWS\SYSTEM32\dhcpcsvc.DLL
0x00007ffa67360000 - 0x00007ffa6736e000 	C:\Users\86150\.vscode\extensions\redhat.java-1.54.0-win32-x64\jre\21.0.10-win32-x86_64\bin\sunmscapi.dll
0x00007ffac2150000 - 0x00007ffac22c8000 	C:\WINDOWS\System32\CRYPT32.dll
0x00007ffac08b0000 - 0x00007ffac08e0000 	C:\WINDOWS\SYSTEM32\ncrypt.dll
0x00007ffac0860000 - 0x00007ffac089f000 	C:\WINDOWS\SYSTEM32\NTASN1.dll
0x00007ffa66fb0000 - 0x00007ffa66fb9000 	C:\Users\86150\.vscode\extensions\redhat.java-1.54.0-win32-x64\jre\21.0.10-win32-x86_64\bin\extnet.dll
0x00007ffabddb0000 - 0x00007ffabde50000 	C:\WINDOWS\system32\apphelp.dll
0x00007ffabf7f0000 - 0x00007ffabf922000 	C:\WINDOWS\SYSTEM32\DNSAPI.dll
0x00007ffaab270000 - 0x00007ffaab27b000 	C:\Windows\System32\rasadhlp.dll
0x00007ffab1340000 - 0x00007ffab13c6000 	C:\WINDOWS\System32\fwpuclnt.dll

JVMTI agents:
c:\Users\86150\.vscode\extensions\redhat.java-1.54.0-win32-x64\lombok\lombok-1.18.39-4050.jar path:c:\Users\86150\.vscode\extensions\redhat.java-1.54.0-win32-x64\jre\21.0.10-win32-x86_64\bin\instrument.dll, loaded, initialized, instrumentlib options:none

dbghelp: loaded successfully - version: 4.0.5 - missing functions: none
symbol engine: initialized successfully - sym options: 0x614 - pdb path: .;c:\Users\86150\.vscode\extensions\redhat.java-1.54.0-win32-x64\jre\21.0.10-win32-x86_64\bin;C:\WINDOWS\SYSTEM32;C:\WINDOWS\WinSxS\amd64_microsoft.windows.common-controls_6595b64144ccf1df_6.0.26100.8457_none_3e0b2faee331e92d;c:\Users\86150\.vscode\extensions\redhat.java-1.54.0-win32-x64\jre\21.0.10-win32-x86_64\bin\server;C:\Users\86150\AppData\Roaming\Code\User\globalStorage\redhat.java\1.54.0\config_win\org.eclipse.equinox.launcher\org.eclipse.equinox.launcher.win32.win32.x86_64_1.3.0.v20260203-2149;C:\Users\86150\AppData\Local\Temp\jna-53374670

VM Arguments:
jvm_args: --add-modules=ALL-SYSTEM --add-opens=java.base/java.util=ALL-UNNAMED --add-opens=java.base/java.lang=ALL-UNNAMED --add-opens=java.base/sun.nio.fs=ALL-UNNAMED -Declipse.application=org.eclipse.jdt.ls.core.id1 -Dosgi.bundles.defaultStartLevel=4 -Declipse.product=org.eclipse.jdt.ls.core.product -Djava.import.generatesMetadataFilesAtProjectRoot=false -DDetectVMInstallationsJob.disabled=true -Dfile.encoding=utf8 -XX:+UseParallelGC -XX:GCTimeRatio=4 -XX:AdaptiveSizePolicyWeight=90 -Dsun.zip.disableMemoryMapping=true -Xmx2G -Xms100m -Xlog:disable -javaagent:c:\Users\86150\.vscode\extensions\redhat.java-1.54.0-win32-x64\lombok\lombok-1.18.39-4050.jar -XX:+HeapDumpOnOutOfMemoryError -XX:HeapDumpPath=c:\Users\86150\AppData\Roaming\Code\User\workspaceStorage\2496f935dea6ed964180d4c8bef5434b\redhat.java -Daether.dependencyCollector.impl=bf 
java_command: c:\Users\86150\.vscode\extensions\redhat.java-1.54.0-win32-x64\server\plugins\org.eclipse.equinox.launcher_1.7.100.v20251111-0406.jar -configuration c:\Users\86150\AppData\Roaming\Code\User\globalStorage\redhat.java\1.54.0\config_win -data c:\Users\86150\AppData\Roaming\Code\User\workspaceStorage\2496f935dea6ed964180d4c8bef5434b\redhat.java\jdt_ws --pipe=\\.\pipe\lsp-b505e3eee6141a7945d0e1d9b023e7f6-sock
java_class_path (initial): c:\Users\86150\.vscode\extensions\redhat.java-1.54.0-win32-x64\server\plugins\org.eclipse.equinox.launcher_1.7.100.v20251111-0406.jar
Launcher Type: SUN_STANDARD

[Global flags]
    uintx AdaptiveSizePolicyWeight                 = 90                                        {product} {command line}
     intx CICompilerCount                          = 4                                         {product} {ergonomic}
    uintx GCTimeRatio                              = 4                                         {product} {command line}
     bool HeapDumpOnOutOfMemoryError               = true                                   {manageable} {command line}
    ccstr HeapDumpPath                             = c:\Users\86150\AppData\Roaming\Code\User\workspaceStorage\2496f935dea6ed964180d4c8bef5434b\redhat.java         {manageable} {command line}
   size_t InitialHeapSize                          = 104857600                                 {product} {command line}
   size_t MaxHeapSize                              = 2147483648                                {product} {command line}
   size_t MaxNewSize                               = 715653120                                 {product} {ergonomic}
   size_t MinHeapDeltaBytes                        = 524288                                    {product} {ergonomic}
   size_t MinHeapSize                              = 104857600                                 {product} {command line}
   size_t NewSize                                  = 34603008                                  {product} {ergonomic}
    uintx NonNMethodCodeHeapSize                   = 5839372                                {pd product} {ergonomic}
    uintx NonProfiledCodeHeapSize                  = 122909434                              {pd product} {ergonomic}
   size_t OldSize                                  = 70254592                                  {product} {ergonomic}
    uintx ProfiledCodeHeapSize                     = 122909434                              {pd product} {ergonomic}
    uintx ReservedCodeCacheSize                    = 251658240                              {pd product} {ergonomic}
     bool SegmentedCodeCache                       = true                                      {product} {ergonomic}
   size_t SoftMaxHeapSize                          = 2147483648                             {manageable} {ergonomic}
     bool UseCompressedOops                        = true                           {product lp64_product} {ergonomic}
     bool UseLargePagesIndividualAllocation        = false                                  {pd product} {ergonomic}
     bool UseParallelGC                            = true                                      {product} {command line}

Logging:
Log output configuration:
 #0: stdout all=off uptime,level,tags foldmultilines=false
 #1: stderr all=off uptime,level,tags foldmultilines=false

Release file:
JAVA_VERSION="21.0.10" 
MODULES="java.base java.compiler java.datatransfer java.xml java.prefs java.desktop java.instrument java.logging java.management java.security.sasl java.naming java.rmi java.management.rmi java.net.http java.scripting java.security.jgss java.transaction.xa java.sql java.sql.rowset java.xml.crypto java.se java.smartcardio jdk.accessibility jdk.internal.jvmstat jdk.attach jdk.charsets jdk.internal.opt jdk.zipfs jdk.compiler jdk.crypto.ec jdk.crypto.cryptoki jdk.crypto.mscapi jdk.dynalink jdk.internal.ed jdk.editpad jdk.hotspot.agent jdk.httpserver jdk.internal.le jdk.internal.vm.ci jdk.internal.vm.compiler jdk.internal.vm.compiler.management jdk.jartool jdk.javadoc jdk.jcmd jdk.management jdk.management.agent jdk.jconsole jdk.jdeps jdk.jdwp.agent jdk.jdi jdk.jfr jdk.jshell jdk.jsobject jdk.jstatd jdk.localedata jdk.management.jfr jdk.naming.dns jdk.naming.rmi jdk.net jdk.nio.mapmode jdk.random jdk.sctp jdk.security.auth jdk.security.jgss jdk.unsupported jdk.unsupported.desktop jdk.xml.dom" 

Environment Variables:
JAVA_HOME=D:\develop\jdk8
PATH=D:\develop\Microsoft VS Code;D:\wmware17.5.0\;D:\develop\jdk8\bin;D:\develop\jdk\bin;D:\develop\mysql-8.0.31-winx64\bin;C:\WINDOWS\system32;D:\develop\apache-maven-3.6.1-bin\apache-maven-3.6.1\bin;C:\WINDOWS;C:\WINDOWS\System32\Wbem;C:\WINDOWS\System32\WindowsPowerShell\v1.0\;C:\WINDOWS\System32\OpenSSH\;C:\Program Files\dotnet\;C:\Program Files\MySQL\MySQL Server 8.0\bin;C:\QQ\Bin;D:\develop\微信web开发者工具\dll;C:\Pro;ram Files\TortoiseSVN\bin;C:\Program Files\Git\cmd;D:\develop\xshell\;D:\develop\xftp\;D:\develop\nvm;C:\Program Files\nodejs;C:\Program Files (x86)\Google\Cloud SDK\google-cloud-sdk\bin;;C:\Program Files\Docker\Docker\resources\bin;D:\python\Scripts\;D:\python\;C:\Users\86150\AppData\Local\Microsoft\WindowsApps;D:\python\PyCharm Community Edition 2024.2.3\bin;D:\develop\Microsoft VS Code\bin;D:\develop\nvm;D:\develop;C:\Users\86150\AppData\Local\Microsoft\WindowsApps;D:\develop\nvm;C:\Program Files\nodejs;C:\Users\86150\AppData\Local\Microsoft\WinGet\Packages\JohnMacFarlane.Pandoc_Microsoft.Winget.Source_8wekyb3d8bbwe\pandoc-3.9.0.2;
USERNAME=86150
OS=Windows_NT
PROCESSOR_IDENTIFIER=Intel64 Family 6 Model 140 Stepping 2, GenuineIntel
TMP=C:\Users\86150\AppData\Local\Temp
TEMP=C:\Users\86150\AppData\Local\Temp




Periodic native trim disabled

---------------  S Y S T E M  ---------------

OS:
 Windows 11 , 64 bit Build 26100 (10.0.26100.8328)
OS uptime: 0 days 0:35 hours
Hyper-V role detected

CPU: total 8 (initial active 8) (4 cores per cpu, 2 threads per core) family 6 model 140 stepping 2 microcode 0x38, cx8, cmov, fxsr, ht, mmx, 3dnowpref, sse, sse2, sse3, ssse3, sse4.1, sse4.2, popcnt, lzcnt, tsc, tscinvbit, avx, avx2, aes, erms, clmul, bmi1, bmi2, adx, avx512f, avx512dq, avx512cd, avx512bw, avx512vl, sha, fma, vzeroupper, avx512_vpopcntdq, avx512_vpclmulqdq, avx512_vaes, avx512_vnni, clflush, clflushopt, clwb, avx512_vbmi2, avx512_vbmi, hv, rdtscp, rdpid, fsrm, gfni, avx512_bitalg, f16c, cet_ibt, cet_ss, avx512_ifma
Processor Information for the first 8 processors :
  Max Mhz: 2496, Current Mhz: 2496, Mhz Limit: 2496

Memory: 4k page, system-wide physical 16122M (1118M free)
TotalPageFile size 24314M (AvailPageFile size 38M)
current process WorkingSet (physical memory assigned to process): 492M, peak: 1719M
current process commit charge ("private bytes"): 1716M, peak: 1718M

vm_info: OpenJDK 64-Bit Server VM (21.0.10+7-LTS) for windows-amd64 JRE (21.0.10+7-LTS), built on 2026-01-20T00:00:00Z by "admin" with MS VC++ 17.12 (VS2022)

END.
